<?xml version="1.0" encoding="utf-8" ?>
<result>
	<website>Piwik test</website>
	<prettyDate>Monday, January 5, 2009</prettyDate>
	<metadata>
		<category>Actions</category>
		<subcategory>Page titles</subcategory>
		<name>Page titles</name>
		<module>Actions</module>
		<action>getPageTitles</action>
		<dimension>Page Title</dimension>
		<documentation>This report contains information about the titles of the pages that have been visited. &lt;br /&gt; The page title is the HTML &lt;title&gt; Tag that most browsers show in their window title.</documentation>
		<metrics>
			<nb_hits>Pageviews</nb_hits>
			<nb_visits>Unique Pageviews</nb_visits>
		</metrics>
		<metricsDocumentation>
			<nb_hits>The number of times this page was visited.</nb_hits>
			<nb_visits>The number of visits that included this page. If a page was viewed multiple times during one visit, it is only counted once.</nb_visits>
			<avg_time_on_page>The average amount of time visitors spent on this page (only the page, not the entire website).</avg_time_on_page>
			<bounce_rate>The percentage of visits that started on this page and left the website straight away.</bounce_rate>
			<exit_rate>The percentage of visits that left the website after viewing this page.</exit_rate>
		</metricsDocumentation>
		<processedMetrics>
			<avg_time_on_page>Avg. time on page</avg_time_on_page>
			<bounce_rate>Bounce Rate</bounce_rate>
			<exit_rate>Exit rate</exit_rate>
			<avg_time_generation>Avg. generation time</avg_time_generation>
			<revenue_per_visit>Revenue per Visit</revenue_per_visit>
			<nb_hits_with_bandwidth>Recorded hits with bandwidth</nb_hits_with_bandwidth>
			<max_bandwidth>Max Bandwidth</max_bandwidth>
			<min_bandwidth>Min Bandwidth</min_bandwidth>
			<sum_bandwidth>Sum Bandwidth</sum_bandwidth>
			<avg_bandwidth>Avg. Bandwidth</avg_bandwidth>
			<nb_total_download_bandwidth>Bytes transferred downloads</nb_total_download_bandwidth>
			<nb_total_pageview_bandwidth>Bytes transferred pageviews</nb_total_pageview_bandwidth>
			<nb_total_overall_bandwidth>Bytes transferred overall</nb_total_overall_bandwidth>
			<avg_time_network>Avg. network time</avg_time_network>
			<avg_time_server>Avg. server time</avg_time_server>
			<avg_time_transfer>Avg. transfer time</avg_time_transfer>
			<avg_time_dom_processing>Avg. DOM processing time</avg_time_dom_processing>
			<avg_time_dom_completion>Avg. DOM completion time</avg_time_dom_completion>
			<avg_time_on_load>Avg. on load time</avg_time_on_load>
			<avg_page_load_time>Avg. page load time</avg_page_load_time>
			<conversion_rate>Conversion Rate</conversion_rate>
			<nb_actions_per_visit>Actions per Visit</nb_actions_per_visit>
			<avg_time_on_site>Avg. Time on Website</avg_time_on_site>
		</processedMetrics>
		<processedMetricFormulas>
			<avg_time_on_page>$sum_time_spent / $nb_hits</avg_time_on_page>
			<bounce_rate>$entry_bounce_count / $entry_nb_visits</bounce_rate>
			<exit_rate>$exit_nb_visits / $nb_visits</exit_rate>
			<avg_time_generation>$sum_time_generation / $nb_hits_with_time_generation</avg_time_generation>
			<revenue_per_visit>$revenue / ($nb_visits != 0 ? $nb_visits : $nb_conversions)</revenue_per_visit>
			<avg_time_network>$sum_time_network / $nb_hits_with_time_network</avg_time_network>
			<avg_time_server>$sum_time_server / $nb_hits_with_time_server</avg_time_server>
			<avg_time_transfer>$sum_time_transfer / $nb_hits_with_time_transfer</avg_time_transfer>
			<avg_time_dom_processing>$sum_time_dom_processing / $nb_hits_with_time_dom_processing</avg_time_dom_processing>
			<avg_time_dom_completion>$sum_time_dom_completion / $nb_hits_with_time_dom_completion</avg_time_dom_completion>
			<avg_time_on_load>$sum_time_on_load / $nb_hits_with_time_on_load</avg_time_on_load>
			<avg_page_load_time>$avg_time_network + $avg_time_server + $avg_time_transfer + $avg_time_dom_processing + $avg_time_dom_completion + $avg_time_on_load</avg_page_load_time>
			<conversion_rate>$nb_visits_converted / $nb_visits</conversion_rate>
			<nb_actions_per_visit>$nb_actions / $nb_visits</nb_actions_per_visit>
			<avg_time_on_site>$sum_visit_length / $nb_visits</avg_time_on_site>
		</processedMetricFormulas>
		<temporaryMetricAggregationTypes>
			<sum_time_generation>sum</sum_time_generation>
			<sum_visit_length>sum</sum_visit_length>
		</temporaryMetricAggregationTypes>
		<temporaryMetricSemanticTypes>
			<sum_time_generation>duration_s</sum_time_generation>
			<sum_visit_length>number</sum_visit_length>
		</temporaryMetricSemanticTypes>
		<metricTypes>
			<nb_hits>number</nb_hits>
			<nb_visits>number</nb_visits>
			<avg_time_on_page>duration_s</avg_time_on_page>
			<bounce_rate>percent</bounce_rate>
			<exit_rate>percent</exit_rate>
			<avg_time_generation>duration_s</avg_time_generation>
			<revenue_per_visit>money</revenue_per_visit>
		</metricTypes>
		<metricAggregationTypes>
			<nb_hits>sum</nb_hits>
		</metricAggregationTypes>
		<actionToLoadSubTables>getPageTitles</actionToLoadSubTables>
		<relatedReports>
			<row>
				<name>Entry page titles</name>
				<module>Actions</module>
				<action>getEntryPageTitles</action>
			</row>
			<row>
				<name>Exit page titles</name>
				<module>Actions</module>
				<action>getExitPageTitles</action>
			</row>
		</relatedReports>
		<metricsGoal>
			<nb_conversions>Conversions</nb_conversions>
			<nb_conversions_attrib>Conversions</nb_conversions_attrib>
			<revenue_attrib>Revenue</revenue_attrib>
		</metricsGoal>
		<metricTypesGoal>
			<nb_conversions>number</nb_conversions>
			<nb_conversions_attrib>number</nb_conversions_attrib>
			<revenue_attrib>money</revenue_attrib>
			<revenue_per_visit>money</revenue_per_visit>
			<conversion_rate>percent</conversion_rate>
			<nb_conversions_page_rate>percent</nb_conversions_page_rate>
		</metricTypesGoal>
		<metricAggregationTypesGoal>
			<nb_conversions>sum</nb_conversions>
		</metricAggregationTypesGoal>
		<processedMetricsGoal>
			<revenue_per_visit>Ecommerce order Revenue per Visit</revenue_per_visit>
			<conversion_rate>Ecommerce order conversion rate</conversion_rate>
			<nb_conversions_page_rate>Viewed before Ecommerce order rate</nb_conversions_page_rate>
		</processedMetricsGoal>
		<processedMetricFormulasGoal>
			<revenue_per_visit>$goals[&quot;idgoal={idGoal}&quot;].revenue / ($nb_visits == 0 ? $goals[&quot;idgoal={idGoal}&quot;].nb_conversions : $nb_visits)</revenue_per_visit>
			<conversion_rate>$goals[&quot;idgoal={idGoal}&quot;].nb_conversions / $nb_visits</conversion_rate>
			<nb_conversions_page_rate>min($goals[&quot;idgoal={idGoal}&quot;].nb_conversions_page_uniq / goal_{idGoal}_total_conversions, 1)</nb_conversions_page_rate>
		</processedMetricFormulasGoal>
		<imageGraphUrl>index.php?module=API&amp;method=ImageGraph.get&amp;idSite=1&amp;apiModule=Actions&amp;apiAction=getPageTitles&amp;period=day&amp;date=2009-01-05</imageGraphUrl>
		<imageGraphEvolutionUrl>index.php?module=API&amp;method=ImageGraph.get&amp;idSite=1&amp;apiModule=Actions&amp;apiAction=getPageTitles&amp;period=day&amp;date=2008-12-07,2009-01-05</imageGraphEvolutionUrl>
		<uniqueId>Actions_getPageTitles</uniqueId>
	</metadata>
	<columns>
		<label>Page Title</label>
		<nb_hits>Pageviews</nb_hits>
		<nb_visits>Unique Pageviews</nb_visits>
		<avg_time_on_page>Avg. time on page</avg_time_on_page>
		<bounce_rate>Bounce Rate</bounce_rate>
		<exit_rate>Exit rate</exit_rate>
		<revenue_per_visit>Revenue per Visit</revenue_per_visit>
		<nb_hits_with_bandwidth>Recorded hits with bandwidth</nb_hits_with_bandwidth>
		<max_bandwidth>Max Bandwidth</max_bandwidth>
		<min_bandwidth>Min Bandwidth</min_bandwidth>
		<sum_bandwidth>Sum Bandwidth</sum_bandwidth>
		<avg_bandwidth>Avg. Bandwidth</avg_bandwidth>
		<nb_total_download_bandwidth>Bytes transferred downloads</nb_total_download_bandwidth>
		<nb_total_pageview_bandwidth>Bytes transferred pageviews</nb_total_pageview_bandwidth>
		<nb_total_overall_bandwidth>Bytes transferred overall</nb_total_overall_bandwidth>
		<avg_time_network>Avg. network time</avg_time_network>
		<avg_time_server>Avg. server time</avg_time_server>
		<avg_time_transfer>Avg. transfer time</avg_time_transfer>
		<avg_time_dom_processing>Avg. DOM processing time</avg_time_dom_processing>
		<avg_time_dom_completion>Avg. DOM completion time</avg_time_dom_completion>
		<avg_time_on_load>Avg. on load time</avg_time_on_load>
		<avg_page_load_time>Avg. page load time</avg_page_load_time>
		<conversion_rate>Conversion Rate</conversion_rate>
		<nb_actions_per_visit>Actions per Visit</nb_actions_per_visit>
		<avg_time_on_site>Avg. Time on Website</avg_time_on_site>
	</columns>
	<reportData>
		<row>
			<label> Page A - index.html</label>
			<nb_visits>4</nb_visits>
			<nb_hits>5</nb_hits>
			<sum_bandwidth>0</sum_bandwidth>
			<nb_hits_with_bandwidth>0</nb_hits_with_bandwidth>
			<min_bandwidth>0</min_bandwidth>
			<max_bandwidth>0</max_bandwidth>
			<avg_bandwidth>0</avg_bandwidth>
			<avg_page_load_time>00:00:00</avg_page_load_time>
			<conversion_rate>0%</conversion_rate>
			<nb_actions_per_visit>0</nb_actions_per_visit>
			<avg_time_on_site>00:00:00</avg_time_on_site>
			<bounce_rate>0%</bounce_rate>
			<revenue_per_visit>$12.50</revenue_per_visit>
			<goal_1_conversion_rate>75%</goal_1_conversion_rate>
			<goal_1_nb_conversions>3</goal_1_nb_conversions>
			<goal_1_revenue_per_visit>$7.50</goal_1_revenue_per_visit>
			<goal_1_revenue>$30</goal_1_revenue>
			<goal_1_nb_conversions_attrib>1.0833</goal_1_nb_conversions_attrib>
			<goal_1_revenue_attrib>$10.83</goal_1_revenue_attrib>
			<goal_1_nb_conversions_page_rate>100%</goal_1_nb_conversions_page_rate>
			<goal_2_conversion_rate>50%</goal_2_conversion_rate>
			<goal_2_nb_conversions>2</goal_2_nb_conversions>
			<goal_2_revenue_per_visit>$5</goal_2_revenue_per_visit>
			<goal_2_revenue>$20</goal_2_revenue>
			<goal_2_nb_conversions_attrib>0.4</goal_2_nb_conversions_attrib>
			<goal_2_revenue_attrib>$4</goal_2_revenue_attrib>
			<goal_2_nb_conversions_page_rate>100%</goal_2_nb_conversions_page_rate>
			<avg_time_on_page>00:06:00</avg_time_on_page>
			<exit_rate>0%</exit_rate>
			<nb_total_download_bandwidth>0</nb_total_download_bandwidth>
			<nb_total_pageview_bandwidth>0</nb_total_pageview_bandwidth>
			<nb_total_overall_bandwidth>0</nb_total_overall_bandwidth>
			<avg_time_network>00:00:00</avg_time_network>
			<avg_time_server>00:00:00</avg_time_server>
			<avg_time_transfer>00:00:00</avg_time_transfer>
			<avg_time_dom_processing>00:00:00</avg_time_dom_processing>
			<avg_time_dom_completion>00:00:00</avg_time_dom_completion>
			<avg_time_on_load>00:00:00</avg_time_on_load>
		</row>
		<row>
			<label> Page C</label>
			<nb_visits>3</nb_visits>
			<nb_hits>4</nb_hits>
			<sum_bandwidth>0</sum_bandwidth>
			<nb_hits_with_bandwidth>0</nb_hits_with_bandwidth>
			<min_bandwidth>0</min_bandwidth>
			<max_bandwidth>0</max_bandwidth>
			<avg_bandwidth>0</avg_bandwidth>
			<avg_page_load_time>00:00:00</avg_page_load_time>
			<conversion_rate>0%</conversion_rate>
			<nb_actions_per_visit>0</nb_actions_per_visit>
			<avg_time_on_site>00:00:00</avg_time_on_site>
			<bounce_rate>0%</bounce_rate>
			<revenue_per_visit>$16.67</revenue_per_visit>
			<goal_1_conversion_rate>100%</goal_1_conversion_rate>
			<goal_1_nb_conversions>3</goal_1_nb_conversions>
			<goal_1_revenue_per_visit>$10</goal_1_revenue_per_visit>
			<goal_1_revenue>$30</goal_1_revenue>
			<goal_1_nb_conversions_attrib>1.0833</goal_1_nb_conversions_attrib>
			<goal_1_revenue_attrib>$10.83</goal_1_revenue_attrib>
			<goal_1_nb_conversions_page_rate>100%</goal_1_nb_conversions_page_rate>
			<goal_2_conversion_rate>66.67%</goal_2_conversion_rate>
			<goal_2_nb_conversions>2</goal_2_nb_conversions>
			<goal_2_revenue_per_visit>$6.67</goal_2_revenue_per_visit>
			<goal_2_revenue>$20</goal_2_revenue>
			<goal_2_nb_conversions_attrib>0.4</goal_2_nb_conversions_attrib>
			<goal_2_revenue_attrib>$4</goal_2_revenue_attrib>
			<goal_2_nb_conversions_page_rate>100%</goal_2_nb_conversions_page_rate>
			<avg_time_on_page>00:01:30</avg_time_on_page>
			<exit_rate>100%</exit_rate>
			<nb_total_download_bandwidth>0</nb_total_download_bandwidth>
			<nb_total_pageview_bandwidth>0</nb_total_pageview_bandwidth>
			<nb_total_overall_bandwidth>0</nb_total_overall_bandwidth>
			<avg_time_network>00:00:00</avg_time_network>
			<avg_time_server>00:00:00</avg_time_server>
			<avg_time_transfer>00:00:00</avg_time_transfer>
			<avg_time_dom_processing>00:00:00</avg_time_dom_processing>
			<avg_time_dom_completion>00:00:00</avg_time_dom_completion>
			<avg_time_on_load>00:00:00</avg_time_on_load>
		</row>
		<row>
			<label> Page B</label>
			<nb_visits>2</nb_visits>
			<nb_hits>2</nb_hits>
			<sum_bandwidth>0</sum_bandwidth>
			<nb_hits_with_bandwidth>0</nb_hits_with_bandwidth>
			<min_bandwidth>0</min_bandwidth>
			<max_bandwidth>0</max_bandwidth>
			<avg_bandwidth>0</avg_bandwidth>
			<avg_page_load_time>00:00:00</avg_page_load_time>
			<conversion_rate>0%</conversion_rate>
			<nb_actions_per_visit>0</nb_actions_per_visit>
			<avg_time_on_site>00:00:00</avg_time_on_site>
			<bounce_rate>0%</bounce_rate>
			<revenue_per_visit>$10</revenue_per_visit>
			<goal_1_conversion_rate>50%</goal_1_conversion_rate>
			<goal_1_nb_conversions>1</goal_1_nb_conversions>
			<goal_1_revenue_per_visit>$5</goal_1_revenue_per_visit>
			<goal_1_revenue>$10</goal_1_revenue>
			<goal_1_nb_conversions_attrib>0.25</goal_1_nb_conversions_attrib>
			<goal_1_revenue_attrib>$2.50</goal_1_revenue_attrib>
			<goal_1_nb_conversions_page_rate>33.3%</goal_1_nb_conversions_page_rate>
			<goal_2_conversion_rate>50%</goal_2_conversion_rate>
			<goal_2_nb_conversions>1</goal_2_nb_conversions>
			<goal_2_revenue_per_visit>$5</goal_2_revenue_per_visit>
			<goal_2_revenue>$10</goal_2_revenue>
			<goal_2_nb_conversions_attrib>0.2</goal_2_nb_conversions_attrib>
			<goal_2_revenue_attrib>$2</goal_2_revenue_attrib>
			<goal_2_nb_conversions_page_rate>100%</goal_2_nb_conversions_page_rate>
			<avg_time_on_page>00:06:00</avg_time_on_page>
			<exit_rate>0%</exit_rate>
			<nb_total_download_bandwidth>0</nb_total_download_bandwidth>
			<nb_total_pageview_bandwidth>0</nb_total_pageview_bandwidth>
			<nb_total_overall_bandwidth>0</nb_total_overall_bandwidth>
			<avg_time_network>00:00:00</avg_time_network>
			<avg_time_server>00:00:00</avg_time_server>
			<avg_time_transfer>00:00:00</avg_time_transfer>
			<avg_time_dom_processing>00:00:00</avg_time_dom_processing>
			<avg_time_dom_completion>00:00:00</avg_time_dom_completion>
			<avg_time_on_load>00:00:00</avg_time_on_load>
		</row>
		<row>
			<label> Page A - X</label>
			<nb_visits>1</nb_visits>
			<nb_hits>1</nb_hits>
			<sum_bandwidth>0</sum_bandwidth>
			<nb_hits_with_bandwidth>0</nb_hits_with_bandwidth>
			<min_bandwidth>0</min_bandwidth>
			<max_bandwidth>0</max_bandwidth>
			<avg_bandwidth>0</avg_bandwidth>
			<avg_page_load_time>00:00:00</avg_page_load_time>
			<conversion_rate>0%</conversion_rate>
			<nb_actions_per_visit>0</nb_actions_per_visit>
			<avg_time_on_site>00:00:00</avg_time_on_site>
			<bounce_rate>0%</bounce_rate>
			<revenue_per_visit>$10</revenue_per_visit>
			<goal_1_conversion_rate>100%</goal_1_conversion_rate>
			<goal_1_nb_conversions>1</goal_1_nb_conversions>
			<goal_1_revenue_per_visit>$10</goal_1_revenue_per_visit>
			<goal_1_revenue>$10</goal_1_revenue>
			<goal_1_nb_conversions_attrib>0.25</goal_1_nb_conversions_attrib>
			<goal_1_revenue_attrib>$2.50</goal_1_revenue_attrib>
			<goal_1_nb_conversions_page_rate>33.3%</goal_1_nb_conversions_page_rate>
			<goal_2_conversion_rate>0%</goal_2_conversion_rate>
			<goal_2_nb_conversions>0</goal_2_nb_conversions>
			<goal_2_revenue_per_visit>$0</goal_2_revenue_per_visit>
			<goal_2_revenue>$0</goal_2_revenue>
			<goal_2_nb_conversions_attrib />
			<goal_2_revenue_attrib>$0</goal_2_revenue_attrib>
			<goal_2_nb_conversions_page_rate />
			<avg_time_on_page>00:06:00</avg_time_on_page>
			<exit_rate>0%</exit_rate>
			<nb_total_download_bandwidth>0</nb_total_download_bandwidth>
			<nb_total_pageview_bandwidth>0</nb_total_pageview_bandwidth>
			<nb_total_overall_bandwidth>0</nb_total_overall_bandwidth>
			<avg_time_network>00:00:00</avg_time_network>
			<avg_time_server>00:00:00</avg_time_server>
			<avg_time_transfer>00:00:00</avg_time_transfer>
			<avg_time_dom_processing>00:00:00</avg_time_dom_processing>
			<avg_time_dom_completion>00:00:00</avg_time_dom_completion>
			<avg_time_on_load>00:00:00</avg_time_on_load>
		</row>
		<row>
			<label> Page A - Z</label>
			<nb_visits>1</nb_visits>
			<nb_hits>1</nb_hits>
			<sum_bandwidth>0</sum_bandwidth>
			<nb_hits_with_bandwidth>0</nb_hits_with_bandwidth>
			<min_bandwidth>0</min_bandwidth>
			<max_bandwidth>0</max_bandwidth>
			<avg_bandwidth>0</avg_bandwidth>
			<avg_page_load_time>00:00:00</avg_page_load_time>
			<conversion_rate>0%</conversion_rate>
			<nb_actions_per_visit>0</nb_actions_per_visit>
			<avg_time_on_site>00:00:00</avg_time_on_site>
			<bounce_rate>0%</bounce_rate>
			<revenue_per_visit>$10</revenue_per_visit>
			<goal_1_conversion_rate>100%</goal_1_conversion_rate>
			<goal_1_nb_conversions>1</goal_1_nb_conversions>
			<goal_1_revenue_per_visit>$10</goal_1_revenue_per_visit>
			<goal_1_revenue>$10</goal_1_revenue>
			<goal_1_nb_conversions_attrib>0.3333</goal_1_nb_conversions_attrib>
			<goal_1_revenue_attrib>$3.33</goal_1_revenue_attrib>
			<goal_1_nb_conversions_page_rate>33.3%</goal_1_nb_conversions_page_rate>
			<goal_2_conversion_rate>0%</goal_2_conversion_rate>
			<goal_2_nb_conversions>0</goal_2_nb_conversions>
			<goal_2_revenue_per_visit>$0</goal_2_revenue_per_visit>
			<goal_2_revenue>$0</goal_2_revenue>
			<goal_2_nb_conversions_attrib />
			<goal_2_revenue_attrib>$0</goal_2_revenue_attrib>
			<goal_2_nb_conversions_page_rate />
			<avg_time_on_page>00:06:00</avg_time_on_page>
			<exit_rate>0%</exit_rate>
			<nb_total_download_bandwidth>0</nb_total_download_bandwidth>
			<nb_total_pageview_bandwidth>0</nb_total_pageview_bandwidth>
			<nb_total_overall_bandwidth>0</nb_total_overall_bandwidth>
			<avg_time_network>00:00:00</avg_time_network>
			<avg_time_server>00:00:00</avg_time_server>
			<avg_time_transfer>00:00:00</avg_time_transfer>
			<avg_time_dom_processing>00:00:00</avg_time_dom_processing>
			<avg_time_dom_completion>00:00:00</avg_time_dom_completion>
			<avg_time_on_load>00:00:00</avg_time_on_load>
		</row>
		<row>
			<label> Page D</label>
			<nb_visits>1</nb_visits>
			<nb_hits>1</nb_hits>
			<sum_bandwidth>0</sum_bandwidth>
			<nb_hits_with_bandwidth>0</nb_hits_with_bandwidth>
			<min_bandwidth>0</min_bandwidth>
			<max_bandwidth>0</max_bandwidth>
			<avg_bandwidth>0</avg_bandwidth>
			<avg_page_load_time>00:00:00</avg_page_load_time>
			<conversion_rate>0%</conversion_rate>
			<nb_actions_per_visit>0</nb_actions_per_visit>
			<avg_time_on_site>00:00:00</avg_time_on_site>
			<bounce_rate>0%</bounce_rate>
			<revenue_per_visit>$0</revenue_per_visit>
			<goal_1_conversion_rate>0%</goal_1_conversion_rate>
			<goal_1_nb_conversions>0</goal_1_nb_conversions>
			<goal_1_revenue_per_visit>$0</goal_1_revenue_per_visit>
			<goal_1_revenue>$0</goal_1_revenue>
			<goal_1_nb_conversions_attrib />
			<goal_1_revenue_attrib>$0</goal_1_revenue_attrib>
			<goal_1_nb_conversions_page_rate />
			<goal_2_conversion_rate>0%</goal_2_conversion_rate>
			<goal_2_nb_conversions>0</goal_2_nb_conversions>
			<goal_2_revenue_per_visit>$0</goal_2_revenue_per_visit>
			<goal_2_revenue>$0</goal_2_revenue>
			<goal_2_nb_conversions_attrib />
			<goal_2_revenue_attrib>$0</goal_2_revenue_attrib>
			<goal_2_nb_conversions_page_rate />
			<avg_time_on_page>00:00:00</avg_time_on_page>
			<exit_rate>100%</exit_rate>
			<nb_total_download_bandwidth>0</nb_total_download_bandwidth>
			<nb_total_pageview_bandwidth>0</nb_total_pageview_bandwidth>
			<nb_total_overall_bandwidth>0</nb_total_overall_bandwidth>
			<avg_time_network>00:00:00</avg_time_network>
			<avg_time_server>00:00:00</avg_time_server>
			<avg_time_transfer>00:00:00</avg_time_transfer>
			<avg_time_dom_processing>00:00:00</avg_time_dom_processing>
			<avg_time_dom_completion>00:00:00</avg_time_dom_completion>
			<avg_time_on_load>00:00:00</avg_time_on_load>
		</row>
	</reportData>
	<reportMetadata>
		<row>
			<segment>pageTitle==Page%2BA%2B-%2Bindex.html</segment>
		</row>
		<row>
			<segment>pageTitle==Page%2BC</segment>
		</row>
		<row>
			<segment>pageTitle==Page%2BB</segment>
		</row>
		<row>
			<segment>pageTitle==Page%2BA%2B-%2BX</segment>
		</row>
		<row>
			<segment>pageTitle==Page%2BA%2B-%2BZ</segment>
		</row>
		<row>
			<segment>pageTitle==Page%2BD</segment>
		</row>
	</reportMetadata>
	<reportTotal>
		<nb_visits>12</nb_visits>
		<nb_uniq_visitors>12</nb_uniq_visitors>
		<nb_hits>14</nb_hits>
		<sum_time_spent>3600</sum_time_spent>
		<sum_bandwidth>0</sum_bandwidth>
		<nb_hits_with_bandwidth>0</nb_hits_with_bandwidth>
		<entry_nb_uniq_visitors>4</entry_nb_uniq_visitors>
		<entry_nb_visits>4</entry_nb_visits>
		<entry_nb_actions>18</entry_nb_actions>
		<entry_sum_visit_length>5047</entry_sum_visit_length>
		<entry_bounce_count>0</entry_bounce_count>
		<goals>
			<row idgoal="1">
				<nb_conversions>9</nb_conversions>
				<revenue>90</revenue>
				<nb_conv_pages_before>19</nb_conv_pages_before>
				<nb_conversions_attrib>2.9999</nb_conversions_attrib>
				<nb_conversions_page_uniq>9</nb_conversions_page_uniq>
				<revenue_attrib>29.99</revenue_attrib>
				<revenue_entry>30</revenue_entry>
				<revenue_per_entry>7.5</revenue_per_entry>
				<nb_conversions_entry>3</nb_conversions_entry>
				<nb_conversions_page_rate>2.999</nb_conversions_page_rate>
				<nb_conversions_entry_rate>0.75</nb_conversions_entry_rate>
			</row>
			<row idgoal="2">
				<nb_conversions>5</nb_conversions>
				<revenue>50</revenue>
				<nb_conv_pages_before>15</nb_conv_pages_before>
				<nb_conversions_attrib>1</nb_conversions_attrib>
				<nb_conversions_page_uniq>5</nb_conversions_page_uniq>
				<revenue_attrib>10</revenue_attrib>
				<revenue_entry>10</revenue_entry>
				<revenue_per_entry>2.5</revenue_per_entry>
				<nb_conversions_entry>1</nb_conversions_entry>
				<nb_conversions_page_rate>3</nb_conversions_page_rate>
				<nb_conversions_entry_rate>0.25</nb_conversions_entry_rate>
			</row>
		</goals>
		<exit_nb_uniq_visitors>4</exit_nb_uniq_visitors>
		<exit_nb_visits>4</exit_nb_visits>
	</reportTotal>
</result>