
<html style="background-color:#edecec">

<head>
    <meta charset="utf-8">
    <meta name="robots" content="noindex,nofollow">
    <meta name="generator" content="Matomo Analytics">
</head>

<body style="color:&#x23;212121;font-family:-apple-system,&#x20;BlinkMacSystemFont,&#x20;&#x27;Segoe&#x20;UI&#x27;,&#x20;Roboto,&#x20;Oxygen-Sans,&#x20;Cantarell,&#x20;&#x27;Helvetica&#x20;Neue&#x27;,&#x20;sans-serif; line-height: 24px; margin:0 auto; max-width:1000px; background-color:rgb(255, 255, 255);box-shadow: 0px 0px 5px 1px rgba(0,0,0,0.75);">

<a name="reportTop"></a>

<table style="width:100%; background-color: &#x23;3450A3; color: &#x23;fff; padding:10px 0; margin: 0 0 25px 0; height:64px;">
    <tr>
        <td>
            <a style="color:&#x23;212121;font-family:-apple-system,&#x20;BlinkMacSystemFont,&#x20;&#x27;Segoe&#x20;UI&#x27;,&#x20;Roboto,&#x20;Oxygen-Sans,&#x20;Cantarell,&#x20;&#x27;Helvetica&#x20;Neue&#x27;,&#x20;sans-serif;; font-size:16px;padding:0 15px;color: &#x23;fff;height: 22px;display: inline-block;vertical-align: inherit;" rel="noreferrer noopener" target="_blank" href="http://example.com/piwik/tests/PHPUnit/proxy/" style="lineheight:17px">
                                    <img src="http://example.com/piwik/tests/PHPUnit/proxy//plugins/Morpheus/images/logo-email.png" height="20px" width="auto" alt="Matomo,&#x20;free&#x2F;libre&#x20;analytics&#x20;platform" />
                            </a>
        </td>
        <td align="right">
                        <a style="color:&#x23;212121;font-family:-apple-system,&#x20;BlinkMacSystemFont,&#x20;&#x27;Segoe&#x20;UI&#x27;,&#x20;Roboto,&#x20;Oxygen-Sans,&#x20;Cantarell,&#x20;&#x27;Helvetica&#x20;Neue&#x27;,&#x20;sans-serif;; font-size:16px; padding:0 15px; color: &#x23;fff" title="View Web Analytics reports for Piwik test." target="_blank" href="http://example.com/piwik/tests/PHPUnit/proxy/index.php?module=CoreHome&action=index&idSite=1&period=day&date=today-date-removed-in-tests">
                Dashboard
            </a>
                    </td>
    </tr>
</table>

<div style="margin:0 20px;">

    <h2 style='color:#212121;font-family:-apple-system, BlinkMacSystemFont, &#039;Segoe UI&#039;, Roboto, Oxygen-Sans, Cantarell, &#039;Helvetica Neue&#039;, sans-serif; color:#37474f; line-height:30px; margin:25px 0 15px 0;'>
        Hello,
    </h2>

    <p style='font-size:15px;line-height:24px;margin:0 0 16px;color:#212121;font-family:-apple-system, BlinkMacSystemFont, &#039;Segoe UI&#039;, Roboto, Oxygen-Sans, Cantarell, &#039;Helvetica Neue&#039;, sans-serif;'>
                Please find below your day report for Piwik test.
                <br />Mail Test report (previous10)
        <br />Date range: week April 4 â€“ 10, 2011
        <br />Sent from http://example.com/piwik/tests/PHPUnit/proxy/.
    </p>

    
    
<h2 id="Actions_getPageTitles" style=" color:#0d0d0d;font-family:-apple-system, BlinkMacSystemFont, &#039;Segoe UI&#039;, Roboto, Oxygen-Sans, Cantarell, &#039;Helvetica Neue&#039;, sans-serif; font-size: 24pt; font-weight:normal; margin:45px 0 30px 0;">
    Page titles
</h2>

            <img alt=""
                                    src="data:image/png;base64,iVBORw0KGgoAAAANSUhEUgAAArwAAADICAIAAACF9KXqAAAgAElEQVR4nO3de3AcR50H8NHD2pVWa71WWj0sWbtrWa9EVvyIn7Kd2PErjl+QyCSkDKEwj9RBAgmPAo7luBR1VwFydQVcwRU5F1UEFXUkcFwqVYGr5FwhgThVhuO4mIusxIqk6CzbEbJsabXS3h/jjMfz6OmZ6ZnuWX0/5XLtrma6f909j57u2Z2CXC4n6aRSqcHBQf3nAAAAsGgV6j9KpVL+xwEAAACC03YaMMYAAAAAhm7oNKDHAAAAAGaKlVdmPYaRkRH12/Hx8fr6eq/Dmp6eDofDRUVFXmcEdk1NTUWjUd5RgNb8/PzMzEwkEuEdCGhlMpmFhYVwOMw7ENCamZkpLCwsKSnhHUiQaEcaZBLvOxsymcz8/DzHAMDM7Ows7xDAwPz8fCaT4R0FGMhms2gaMWUymWw2yzuKgLk+0qAeZlCPOjQ1NalX0Lz1yMzMTG1tLS6bBDQ1NdXY2Mg7CtCanp5eWFhA0whoYmJidnYWTSOgXC4XCoVisRjvQILE4NsTAAAAAHrF1ot44I//e568wOjY5QvTS0rDV/yJB+idG5meK7RoPvDf1ZmZS5cuX5m/oWluaqvlFQ8A5CXjkQZ8hwIAAAA0MD0BAAAAVNBpsOfgng3+J3hwzwb5H9usfRDEmAMHlQwAvuHWaTA80skf4iCodnDPhp8/94r8z3JJf0KiJEcumQdGDtjT4ij9MJ97Y17k9fPnXhGt6QEgX4k40mB5dgwchsd0QlJ+1ptliZQeg2NeF0fpivl50vWoUD9/7pWjh7Z7kTIAgBq3ToP+SO3+NAPgDC7WAQBo8PnKJdnBPRu+9+TTymv5hdKfUPctzF6rk1KfDzQLy5+rP9Qspvlck6zZJ5p0NHMuhI6RYZzK/0rAhDjlZTSnQFs5asqrFEFJ8x9/8FPLEtnq/5kFbFilygK2msAus9rTh2GWnVl45CAtt21Cs/7kmReOHtqObjcAeErEToPCsk/gJhFNgvSL2c3O8AxHGadmXQdJ6d+SczRbV3lxbniYMgx65IDdNwGTYMzCcJadg7UomxUAwDs872lQX1/qj4Cayyaz6QzLU4hZIoTjr/qa3tZxWZ+O4xXdjJY7OAOp+yWO03SMPBbisgloalLTM6MPwyw7Tb7k872zbRs9BgDwH4ORhiMPP02/8M++fZh+YcODpuXQdECJM6cuTiTOUMZPGOq3VQPOqsvBtq2fUAMA8Jnf0xPpdDqdTlMuvKgOjoIU1u5cgIAoa9JsMbs1QBib0d/HYDdIw7XQdQAAXhh0Gn727cPpdDqRSNAsPDR0w1vHF0/6yy9wLw8GbFwSoQYst23DeywAAHzA5p6GdDp9jA79MMNPnnlBP9Erv3B83WZ2nDWbgdZ/bpasWTo0UelXtLWuMzShsorB8ORHec5z2QSEVWhYtiw5O8Iwg4NtG51jAOBO6G9PaI6tjr89QZOC2T2Sms8Nb3MzXEadjlniZgFQLubyQlOfFKFctsLQnyz1SdEH76YJbGVEn6z77BysRV7l6KHtyheVAQA8UpDL5fzPleLR2GNVVVWl4bDLjDCEy9y54eGW5mbLxbyreUHaVJAwFAf3bPjek083NjSoP8SjsUUwMTExOzvb1NTEOxDQGhkZCYVCsViMdyBBIuLPSEMeyL97TQhfoeTu4J4NP3nmBd5RAED+E3p6AgLNbEY/oBhODLElV/LVmRnegQBA/uMzPWHp7Nmz8Xg8EonwDgS0zpw5097ezjsK0Jqenh4fH08mk7wDAS1MTwgL0xMOYHoCAAAAqPCZnsi+/SJ5gSUTY7n5qmyp2xshgbmSC8PZt9/hHQVIkiQVL9vGOwQAWFww0gAAAABU0GkAAAAAKnnYaWjf9gDvEEgED8+WfCqLsFDJACAO/l+5lI+JZ178Ie9AjGkO2cLG6b/2bQ/ItaG8MFuAvLpHsanf+tZqXhTqzIs/9LSuAADo8e80MOHpUVWdMq/Dt2inDffxeF0cLq3mUS7oNwCAIDhPT8iHQvmYyDcSSgEKFRRoNQAAJkQcaWjf9sALTz22as8nlU80V42aD+VPNGcF9VvL1ZWTCv3FnOFa+sT1wahXN/tEk46mgIYr0mRtWA+aP5mlQw6eQBOeulD6TJUFbNWPXe7rxCw8cpCav+pfmwUmYbABAMQgYqdBkqTtH/jS75/7bvi932kwnD5XXusP1prDK3l1yeZZUJ8sOUH9YvTJqkdiKM/i5KwN70JQQnJfJ5bh0bylT81BkP7UiYO1yNUCACACQb898cJTj+k/1BxGCWPONPflEa7OCdSJEA7xSuJ2D/36dGjWslUuyvsWGQ7pM7wd0lmQZq1mGYZZdpp8yed7fZD60Rc99BgAQEAMRhqm/sHG7zZGP339sTqaQ7kPl1bOzoKEQWPx2SpyICb+KYMktJoPdWK4FnnaxcEcGQCAz/yenkin0+l0Wnnr81nK2eE4uAdxuyP/gSipg9EXNVZ1ovQADDu7brY0dB0AQFgMOg3RT8+k0+lEIkG19KUh9Ttbh2+wBZPieiLUiX5oQcPwHgsAABGwuachnU4fo6MMM+iPiTSzvISJZEuGU8v0q9tK3OzEYJaj+i4EmuUJCNPz5Cwc149hw1G2jsv6oQ/SVrKU2RGGGczWIoxJoNMMAOIT9NsTZszu8qO8IU6zGNsrOZrYzO6kM1xGnQ759kbDQtFnYXaOtByZN0ycvK5ZaprXlMHbyog+WffZOViLvAoGHgBABAW5XM7/XC0fjT02OlZVVRXGo7EpuD+d2Eph+Nxwc0uzd+cwQc6OgoShMIxH/Wjs6enp8fHxZDLpb1xgbWJiYnZ2tqmpiXcgoDUyMhIKhWKxGO9AgkTQr1yCp9zM8sgYfiFTEO7rxDuixQMAi1bApieACcvfcqBPJG9OZkzqxAv5VMkAEHR8picsnT17Nh6PRyIR3oGA1pkzZ9rb23lHAVqYnhAWpieEhekJBzA9AQAAEGxHHn76yMNPz2ayXmfEZ3pi6tQoeYG5sYvTo9JCGDdCCic7/O7UlEXzgf+uzszMXbo4dRG7jHBmJiczc3NTYwXkxaJrG/2JB/LPkYefliQpUrrkf85e7O2o8zQvjDQAAAAEXm973c1tnk+1oNMAAAAQVPIwQ1Nd+d272ouKPD+n52Gnobe/j3cIJIKH5wV/iuwgl0XYFgSoDR+gksEj3StqWxoqfMiIf6eht79P5B1JDk/5xzsc0YlWRaLFwxbD0vX2950eOElIk5yXp/XMax/0Iq/TAyfze5sEn8nDDGs643dtS/mTI/9OAxOe7oenB04q/3jt8EE50MgnHolrwOqslXj4huERVqVTegzcIyGk7/8+6FGh0G8A5pY3VjTVRf3Ji3OnQT5aBWgvClCoAHkJ+yCATBlm2Lmh1bdMRfxFyN7+vmefGNh47A7lE3WXXzleaC5qNccRs8tNw9WVwxD9tYXhWvrE9cGoVzf7RJOOpoCGK9JkbVgPmj+ZpaM48Mi9mqrThKEEQ9kilmXRv7WsOk1e5CqiLDhhMX3RDJuMcvMgtIVmq1MXXNlfyIEZlsjZZq8pmtkgkyZOfaaUNU8ISROMWRhm2ZmFRw5Sv/FrXqsDeP47T2uCcT+6AyBrb62uj/n3Q4gidhokSdr3UP/LJ54vfe93GtT7oX7n1O/emh2SvLpk87ipT5acoH4x+mTVIzGECOmzNjzvKiG5rxMZfYtYlkUiHtxpsjZMlnwOo4zNrDINm8zu5mFrW+3t73v5xPOXLl1sbGgkB2ZYLlvIybrf2pkEw3YLd7CWerHJycltx/ejiwBsycMMLfVLd25s9TNfQe9pePaJAf2Hmt31tPkopdmlpNnqdq+09GuZJW73OKhPh2YtW+UyC4m+etXLW54VCJHQLMnqUEsoGmXBzZrG7ilEotg8bG2rlPF7UZPkSCzZ3eT0azHZwsnbg2WQNDuCZqQBwKWFhWvPf9iyuqky6utPujEYaXht7ffpF15z6rjyWrPz+zBeR3mGI6wVuMsFW0WmWfgXj/+YfKUeRM42DFuru8zCQeLqk6J3WbtEWS2EfZD5Fk65luEhSzP8qY8WgIn3f/YZSZLiNaVHdvj9JCC/pyfS6XQ6nVbeenok1XO2Awd3t7c7VhzckrrkpuCUlexp3Z4eOHl1ZkaentBnKvLZy8FYmhqrLVzpARh2f90cN+SQMNIADF2dvfaAibvv6CwstPh5cuYYdBrWnDqeTqcTiQTV0kM3vLO1w4Mtnl7966+oFqdADLEYTvPnARFKZLkjnB44iXsagK37vvBvkiTdvCK2fV2L/7mzuachnU4fo6MMM+h3eMvTD3nq0ZLhZCT96rYSNzuUmOWonrGmWZ6AMKFLzoK+flhdijHhvoooC07TNIQaM8yCsi3Im7pZ4s42b8PdkHJfc7m1E1ah4XILJwwzmK1F2BEWc08aPDV9JSO/2L0l6f8wgyTstyfMmN0RRnm9q1mM7amOJjaze68Ml1GnY3krnDop/SrkLMyOqm7qx7sRCEK5CFmTy0VZcH0r0FeyWRaU7WIYDzl+W4Ui7030W4Kbrd1WRvTJus/OwVqaVTTTEyKMkUBA3f+lf5ckacstTWu76rkEUJDL5fzP1fLR2KNjo1VV1aV4NDYF9wcgWymcGx5uaW52k53/AnSMdhyq4T0NXmfKMeUAhTE5OZmZm6uNXX/8oGE8eDS2/0ZGRkKhUCzm+ZMhWZG/ZilJ0pc/tml1R5xLDIJ+5RI85WaWB9gSoS3y78YUEWrVjGjxQOCs666/KcWtoxOw6QlgwtbQN3hKkLYwm9EPKEFqVS+fKhl8du0R2PHyA9vbSpYU8QqDT6fBciBuydmZSDweifj305jBNTg46NtakiQVR6ei7QEbR3VcWH8wCa9wevryuBRNOm8aL2qJY82L0+izEyUFs7PRpkZJpKggoFoblnav4DmfgukJAAAAoSnPpjp0u9+/5qTBZ6Rh9NQUeYGLY3PS6HQ4vOBPPEDv3eHs6JRF84H/ZmauXrw0F76IpnGlca1PzxcGcKC2uizVXMk3Bow0AAAAiEseZli1snbvliTvWNBpAAAAEF5iWWVz/VLeUeRjp6Gvv5d3CCSCh+eFRVhkx1BXPkAlQ4DIwwyNdZF9fSnesUiSCJ2Gvv5ekfdhOTzlH+9wRIcqcqOvv/fkwGnJvBrJ1dv/0D5Pwnovay47ghd5nRw4jQ0VgmX9TY2xylLeUUiSCJ0GJjw9BJwcOK3843WsCcoxTj7nSUEIWLQIlR6DYwNPPMsqGENcdgSXdUJIVrQNAEBPHmaIlBbfu6+LdyzXcO40yAfKAO3AAQoVwDvYEQC8lpmbl1/cs6uzqEiUK3wRfxGyr7934Iln7zi2UflEfbWhHKo0F7WaQ5j6reXqyhGQ/rLGcC194vpg1KubfaJJR1NAwxVpsjasB82fzNJR3PvIAU3VacJQgqFsEbOCmAVMbiPDxfRpGlYpZfMR6kqzVZBbmeZzszIaVlT/Q/vMRnosg6GsXkJImmDMwjDLziw8cpD6LVDzmrDVGdYJgDiOfu4XkiTd3BbbubGVdyzXidhpkCSp/6F9z594ORy+NoWjPgTojwv6I4vmWEBeXbJ5yNYnS05Qvxh9suqRGEKE9Fnr60Edkvs6kdG3CKEgZgETAjM7bejT1Fep3eZjuy3ZpY/q+RMvE/5Kn5qD+P3ZzBysRbnVAQhIeTZV3+rm0pBAZ2pRRjw0DGdnNfs8YYCU5oREuDonUCdCOB6pr7ZtHaf06dCsZatclCdsQvWql7c8IREioVyMMjCzqnNwdrFsPsptSRMqw5MWZQ+Sht1216/FZDMj15VlkDRbI3oMEDibVjVu7BHrZ/sZ9F++v/Y1+oWPn1qjvNYcd3y4DqA8wxHWCtxxx1aRaRb+8eO/oB91FwTlWdCHSMREWXbCjsB8M6Ncy/C4oRmD1EcLIDhlmGF9T2OkrIRvMBp+D3qk0+l0Oq289flI7ezYEdwjjt1h6uCWlICyEjwq+0nVfR7CVq+bcSCJ3WZGris3Oy+6DhBEve11a7sbeEehxaDTcPzUmnQ6nUgkqJYeuuGdrWMN2OLpWUp/MScmkU/V+UGEGrbcGg3vsQAQkzzM0NIQvWNjq1B3M8jY3NOQTqeP0VGGGfQ7MM2UpJsZYsN5UPrVbSVudhQzy1E9I06zPAFhLpmcBX39sLoKpETZ7jRVRyiRYdkp64q8KToYZjDcFygTcbnJEVah4XIzIwwzmK1F2BpF7s4CkFUvDW9c1cQ7CgPC9WLIKO84o1ldYn2qo4nN7LYvw2XU6ZBvbzQsFH0WZgd0N/XDdgSCXHzCYvSVYFZ2ynpzVTyjk6W+AulzcbPJ2cqIPln32TlYi7wKBh5AQPIww+rOusM7OD8C20xBLpfzP1fLR2OPjo1WV1UpX7kEAvfHPlspDA+fa25ucZNdoDmrbZq1XLbjzMzVi5cuNTYY3GgtyNlRkDAUhvF48WjsiYmJ2dnZpiYRrxoXuZGRkVAoFIvFeAdyndxp2Lam+dMfXMs7FmOCfuUSPOVmlmexcV9XzqYV8oDIm5lo8QBI7/UYelbG7twqxLOpDAVsegKYYDu0nt/8rCsHdz+ITNjNLJ8qGfJPY210RUsV7yhM3TA9kUpd790MDg7yiOeas2fPxuPxSCTCMQYwdObMmfZ2QSfbFrPp6enx8fFkMsk7ENDC9ISwhJqekIcZ4jVlX/34lvqYuOe+6yMNqVRK3VHQvAUAAABP3dJeJ3KPQVJ3GvzsIrz5zinyAu+8OzZbMFpaGvYnHqA3PjkcesfiPta80Vov6L1IAJBP5GGG8rLi/r2iPALbDG6EBAAA4GZ+fkF+sXdLqqI8xDcYS8Y3QqrnJiYnJ9V/unz58tKlS13meuXKFfIC8/Pzs7MzudyCy4yAufn5ecvmyxtTU4EZU5mZmclmswEKePGYmZmZm5tD0wgok8nkcjnuTXPsr38lSVJXsmprb5x7MJa0nQb5Xkj1VMXo6Kh6gaGhIfX9ks5MTF4gL5DJZLLZbFFRkcuMZB/+wCNPPvW4/rXZMswz5ZsIW9ns3MSERfMFC6GSi+ZGDT8XUDabzWazmr0VRDA3N7ewsJDJZHgHAlqzs7OFhYXT09McY/jiP/1JfrG8ruTyXyYu/4VjLFRu6DQY3vzY2dlJeOtM6J2pHZv7f/3SgNkCo6NjVVVVDO9paGlpVnJsaWk2W8ZZ4mZlISdIrgH1AmZLklOwTN+Zc+eG5cpUf+hFRoa8KNSvXxowS7a1PjDfE8G3J4SFb08IS4xvT/xJkqQNPY1371tVGQ3AbXzX72nw+esSvp1mPMpRfdZUUtacSl2m7zJgr2v41y8NKP8YFtwyU4+S9a0IAAAy5RHYve11gegxSPqRBvVbfOUSKBEu1gEAgKB7RWxzb2AGovh85VJ670pa+V/5XH3iUT5Xj9LLH+ov7jVnLP2Fo/qsZrYWzV+VBTRh6z+kT5AQKuXC+jo0LK86Wn2NUdYPTUiaYMzCMMvOLDxykJq/6l+bBSah3wMA/lKGGbatbY6UlfANhh7/n5HWHKmVt/t3HjM86BsuTHgt6c5VhCUt/yozPHuZndJoEnSJUC2Gb+lTcxCwWe5mYTjLzsFa5GoBAPBfalnF7euW847CBv6/02B44L7/7od++asT+mUIB331tT75ZGC4FjlNx5gnaIjh7ZDOAlavZeueTbPsyO1iGaR+9EUPPQYA4EUeZrilo+6ePZ2FhQW8w7GBwUjD107Y+NW8rx6z+C1IW7w4ATNPM3B32FEGTBjqt1VkZ/VjuBZ52kU/twUAwFFxUdG67gbeUdjj9/REOp1Op9OsUvPi6O/FN/rYJug1yoAJN3zYmg0xS0d9y4t+GWe1qr6zIXDtAgD5QR5m6E7VHLhtBe9YbGPQafjqsVPpdDqRSNAsPCQNuc8xP+TlSUuEGwX0QwsahvdYAAD4qbaqrDslxAM2bWFzT0M6nT5Gh3KY4Uc/fWL/zmPKW8JYtPoTs+lwQkY0s+M0AZshJEifsuHJj/KcR1kb6m8iMKwBs2QpsyMMM5itRRiTCNw8EQDkH3mYoamufP+24A0zSCJ8e8LML391wvKLf4ZfNdR8bnlaokyTvBj9h/RnenJvhv4q2bA29FGZ1Zity3HKZN1n57hWzVbBwAMA+Gbl8urWxgreUThRkMvl/M/V8tHYzH9GOnC8O4e5TFn+GWnuYTBnGE+AHo2Nn5EWFn5GWlj+/4y0PMxQGQ19/cG+pnjUt3wZ4v+VSzDk0ZczOSJ8hZI70eIBgPyzsHDtEn1Tb1NAewySyNMTYDajH1CaKQm+wajlUyUDgLDe/9lnJEnqba87EMy7GWR8Og2Wo74LV87G6+KRSMSfeITlxW97u0xzdjLq+NmPYj7NRMyoACCfKD8a3ba8qq4mwKc2TE8AAAD44dabGnbcGqQfjdZDpwEAAMBDyjBDe2t1oIcZJHQaAAAAfNC+vPq2W1t4R+EWOg0AAABeUYYZNq5qrIwG/ncE0GkAAADwVn1N2d6+FO8oGECnAQAAwBPKMMPRvV1LivPhhJsPZQAAABDWTStiW9cw+CFdEeDHnQAAANiThxlubovt35oPExMyjDQAAAB4ZWkktLqznncUzKDTAAAAwJg8zJBaVrlrU6KoKH9OtflTEgAAAKE01JZ3JGp4R8ESOg0AAAAsycMMsarwvr5kfnxpQpFXhQEAAOBL+ZplVzK2cnk132CYQ6cBAACAsd6VdYd3rCwsLOAdCGPoNAAAALChDDM0xaPLGyr4BuMFdBoAAABYWtMZ3705wTsKT6DTAAAAwIAyzNDaVLEsHuUbjEfQaQAAAGAmuaxi9+Yk7yi8gk4DAACAW8oww9ruhlhlKd9gvINOAwAAABuR0uIjO1byjsJD6DQAAAC4ogwz3Luvu2RJEd9gPIVOAwAAAAMrl1ft2tjKOwpv4dHYAAAAzsnDDL3tdX2rl+XTs6kM5XnxAAAAfFAaLt6wqol3FJ5DpwEAAMAheZihK1m9ZfWy0lD+D96j0wAAAOBKNBJa3RHnHYUf0GkAAABwQh5maKkv37F+eaiE2zBDNpP52om1z3/rWz7klf9jKQAAAMwpX7OsXlq6urOeVxhfO7FWfvGbmh/fOnxPRfMyT7NDpwEAAMChVStr79nTyesR2EqPIfpmZ81cXckhzx94gU4DAACAPcowQ1VFuCNR438ASndBkqSaN3p3bnpfx969PuSLTgMAAIATvR3xO/tW+Jzp+dfPfPe398mvC/5SsSl7186vP+Rb7ug0AAAA2KAMMzTVRlLNlX5mrR5gaPjz+v6Pf9Hrmxg00GkAAACwbXnj0n19Kd+yGzn12j//98fk19G32rcm71z72L2+5a5ApwEAAICWMszQ01bbUFvuQ47T5ycef3aP/Lr4Yiz17i1HHv1ySXnEh6z10GkAAACw7e5dHV5nkc1kHntqk/I2OtRx+I4HE5s3ep0vAToNAAAAVJRhhg/s7SwvK/E6O6XHUDHUlSxp3/HgxyK1Ma8zJUOnAQAAwIb21uo7t3p7N4P6hsf4n9ft3n1vYmufpzlSQqcBAADAmjLMsPmWZWXhJR7lMnr6Dz/4/QPy6+KJ+PaKI5sf+4hHeTmATgMAAACtDT2NW1d79S1HZYAhPLo8frnl8Mc/6/M3Ki2h0wAAAGBBHmboaatd3RlfWh5inr56PmLpUNft3QdX3f0+5rm4h04DAAAAleLigo09jWzTnBx++4n/OCS/Lphauurd2w6mv8I2C4bQaQAAACCRhxlWNFdsXd0cYfqlCfUAQ+UbN9//0a9Vt7QwTJ85dBoAAABMKfc/SlLBxl5mdxhkLk9/41+3ya8rhrpvqly9+ZEPlVZUsErfI+g0AAAAWOhZGTt028olxYVMUlMGGEpHErHpxjuPHo/f3M0kZa+h0wAAAGBMGWYIlyzp7Yi7T1D9CInwWMvutqNi3vBoBp0GAAAAklXtdXdtZ/AIbGWAoWw41ZRJHPjkQ+X19e6T9RM6DQAAAAaUYYaaynB3ytXvN6tveKweXLVj3eGuu/a7Co4TdBoAAABMNddH79rmfJjh/Otnvvvb++TXhZOV62Z37/mbRxmFxgE6DQAAAFrKMENHa83yBodfalAGGIov1lZfaPnQo38v/vcjyNBpAAAAMFYaKjqyo83BihNvvPGdl47KryuGuja07lz74NHiEs8fjOk1dBoAAABuoAwz7FjfWlsdsbVuNpNRHmkdGmtunm7bf/xToj1CwjF0GgAAAAx0JKoP3d5WWFhAv4oyHxEaay7OhA5u+mjbzh3eRMcHOg0AAADXKcMMve111RWl9CsqPYboWx2JwrZdn3gwUuvqOxcCQqcBAABAa0NPw+3rWykXVroLkTfbIpmKXXccTW3f7lFgfKHTAAAAcI08zNDbUdeRqIlVWg8zjJ7+ww9+/4D8ungivja2ZfuDD3obIlfoNAAAAEiSamJiYX5h65pmy+WVAYYlF+J1F5L3fe5vg/6NSkvoNAAAAFzXlay+taexMhomLHPut7978vVPSpJUOpwsyZbe3nO45zOH/AqQJ3QaAAAArg8zXHh3Zqf53QzT5ycef3aP/HrJ+YbUQsddj3y+pNze1zKDC50GAACAa3pW1u7amChZUqT/k/oHGIrP15dNVd/7/s8H5ZHWrKDTAAAAi50yzJDL5Tb1Nhkuo/QYlr7Z2VHWs/0zx/P+DgY9dBoAAAAkSZJ62mIHblup/1y54bH8zfalmerdB+5vWX+rv6GJAp0GAABY1JRhhmgktLozrv7TWy/95l/e+JQkSeGR1oXC+S3Ld63/0DEOIQoDnQYAAAAptaxi75ak+hNlgKFkvKnhauvdj3xlEc5HaKDTAAAAi5cyzNDSUNHeWi2/VroLpW+lwtmyneve13XXfj7xCQadBgAAWOxqKsP7tqaKigrVj7QuvhDrDt1y519/gepDkiAAAAT1SURBVG9sQrmh05BKpZTXg4ODvgcDAADgn+OPnZRfdCVjzbFSZYCh6FJN5UTzRx79JuYjNK53GlKplLqjoHkLAACQl7pSNYf7Wr4xsFmSpMi5tuJsaE39pvVfuG/x/GQTPUxPAADAYvRXj/9OfrEk+pkTL0qSJEXOraibbdz7weO1He08IxMYOg0AALBIrcycK731R5Ikhcaai+dCu7qP9hxZFI+QcEzQTsOPTt7DOwQw9wrvAMDMSd4BAATHqt5rL8IjrYlMx6FHvoj5CEvWnYZXX31V/fb111/v6uryLB4AAACfFF6qrvq/lu62vqU9N/3Xmdd5hxMA1p2GdevWEd565D+f6Q7PlhcXlPiQl9culr+dK5qvnWzlHQgbI62vxd/q4R0FGxN1g6WXYhWZGO9AGJgqvHS5biw+1sk7EDbeWfbHytFEOJcPl304AghrqvR8zZWmD//dN3kHEiSCTk/sOvq5lpaWaDTKOxDQevXVV9d9wo+OI9gyNTV17ty57u7F9cC9QBgfH79y5UoikeAdCGgNDQ2VlZXxjiJgrncaBgcH8TsNAAAAYOaGkQZ0FAAAAMBMIe8AAAAAIBgKcrkc7xgAAAAgAAS9EVIPP2ttCNXCF+pfKPJdWZqfw5ccTbwSVnTc6IY3jdm6k8xWCoZFcFwhNFjVv/uKIifucnX6MARvL2fsdRpsldZBmo4T0acW9Ob0olpwBKTHsP69OAIyPzvSrCtye7El7xSabUD5k5s09VnQP/HHVgqGRSCUSxzuK8oycZerU4aRt+2Vo5ZMJg3fyi80f3WcrJvF6GMwLIutArostd0I3SxGCDWZTDorgq0KdJ+C/03Aqv7dV5RZsvpEnKXjbEnR2sswC/1bdS1ZxqP/E8MiuN8SaFIw2+vpc7GFbf0TFnN5ulGvrnziODbHWVu+dZCLD4rNejr6DpRZl8rr6zz95YthprY6j7ZiNlyYy9WSg2ox+1By1411X/wgNoGD+vcuSPVVi6YpNfGYXV0thl3GMABNvVGujqkol1zWv3fUYYgWm4CK9Yce+Q8cq4w8gEMIL79/Z8JxtdCkBpbY1r+n6I+A+b3LWOLVY3CfmiBbmks0M2LyMoMsfkZIk5qSiN0+Lv2Mnj7rPGD7dxoc1Bd9muRkLXN0NuklbHOyqhbDlHEEtMS8/tkeAW2hGSbMg11GplSv4R0VjqlXNxy2MYzEMBE3tSf+fSFM6l+TguXNBJT1z4StiwTx28uuYrs7kt2LKpq2JI8ZeEfw5vS0WnAEtMSw/j06Anp0diQQub3INANCdle37F1RHgzzsntNw1b9OygmfX/XVrIuBbe9CIoHPb4501mV+VDRQWxOVgHjCOiMy0FRrzPSZ8d21w5QewkYp/v7JxZJ/XtUTJf39JBXCXp72WLjK5e8qsBlvvnanHyLsKiOgIboR9o8LaY/h1ezDwPE1tWRsiTbkRVNAIODg3YnquhTMCyCR+Wi4az+lXU9ndGjT3nxtBdBQTKZlHQ3hkh27jTU14utCCgzosnFLDyacWZ9LuQCuiy1JY+qRb+Ms5OB3QoMXBOwqn9bxXQfnmHihCbOm/bKM0HvogUIk6peVO2V/z8jvaiaU0xogmBBe/GF+vfTIpxmdSnPOw2LrTkFhCYIFrQXABDkeacBAAAAWMGjsQEAAIAKOg0AAABABZ0GAAAAoPL/1wE2rVV8dUUAAAAASUVORK5CYII="
                                height="200"
                width="700"
                margin="0 auto"/>
    
    
        <p style="width: 100%; text-align:center;">
      <a style="color:#0d0d0d;font-family:-apple-system, BlinkMacSystemFont, &#039;Segoe UI&#039;, Roboto, Oxygen-Sans, Cantarell, &#039;Helvetica Neue&#039;, sans-serif;; text-decoration:none; font-size: 9pt;" href="#reportTop">
          Back to top &#8593;
    </a></p>

    <hr style=" border: 0; margin-top: 50px;  height: 1px; background-image: linear-gradient(to right, rgba(231, 231, 231, 0), rgba(231, 231, 231, 1), rgba(2311, 2311, 231, 0));">

    <p style='font-size:15px;line-height:24px;margin:0 0 16px;color:&#x23;212121;font-family:-apple-system,&#x20;BlinkMacSystemFont,&#x20;&#x27;Segoe&#x20;UI&#x27;,&#x20;Roboto,&#x20;Oxygen-Sans,&#x20;Cantarell,&#x20;&#x27;Helvetica&#x20;Neue&#x27;,&#x20;sans-serif;text-align:center;font-size:13px; color:#666;padding-top:30px;margin-bottom:0;'>
        Powered by
        <a style="color:#439fe0;" href="https://matomo.org/" title="Matomo Analytics">Matomo Analytics</a>
        <br />
        The leading open analytics platform that respects your privacy.
    </p>

        <p style='font-size:15px;line-height:24px;margin:0 0 16px;color:&#x23;212121;font-family:-apple-system,&#x20;BlinkMacSystemFont,&#x20;&#x27;Segoe&#x20;UI&#x27;,&#x20;Roboto,&#x20;Oxygen-Sans,&#x20;Cantarell,&#x20;&#x27;Helvetica&#x20;Neue&#x27;,&#x20;sans-serif;text-align:center;font-size:13px; color:#666;'>To unsubscribe from this report please follow this link: <a style="color:#439fe0;" href="__unsubscribeLink__">Unsubscribe</a>.</p>

</div>
</body>
</html>
