
<html style="background-color:#edecec">

<head>
    <meta charset="utf-8">
    <meta name="robots" content="noindex,nofollow">
    <meta name="generator" content="Matomo Analytics">
</head>

<body style="color:&#x23;212121;font-family:-apple-system,&#x20;BlinkMacSystemFont,&#x20;&#x27;Segoe&#x20;UI&#x27;,&#x20;Roboto,&#x20;Oxygen-Sans,&#x20;Cantarell,&#x20;&#x27;Helvetica&#x20;Neue&#x27;,&#x20;sans-serif; line-height: 24px; margin:0 auto; max-width:1000px; background-color:rgb(255, 255, 255);box-shadow: 0px 0px 5px 1px rgba(0,0,0,0.75);">

<a name="reportTop"></a>

<table style="width:100%; background-color: &#x23;3450A3; color: &#x23;fff; padding:10px 0; margin: 0 0 25px 0; height:64px;">
    <tr>
        <td>
            <a style="color:&#x23;212121;font-family:-apple-system,&#x20;BlinkMacSystemFont,&#x20;&#x27;Segoe&#x20;UI&#x27;,&#x20;Roboto,&#x20;Oxygen-Sans,&#x20;Cantarell,&#x20;&#x27;Helvetica&#x20;Neue&#x27;,&#x20;sans-serif;; font-size:16px;padding:0 15px;color: &#x23;fff;height: 22px;display: inline-block;vertical-align: inherit;" rel="noreferrer noopener" target="_blank" href="http://example.com/piwik/tests/PHPUnit/proxy/" style="lineheight:17px">
                                    <img src="http://example.com/piwik/tests/PHPUnit/proxy//plugins/Morpheus/images/logo-email.png" height="20px" width="auto" alt="Matomo,&#x20;free&#x2F;libre&#x20;analytics&#x20;platform" />
                            </a>
        </td>
        <td align="right">
                        <a style="color:&#x23;212121;font-family:-apple-system,&#x20;BlinkMacSystemFont,&#x20;&#x27;Segoe&#x20;UI&#x27;,&#x20;Roboto,&#x20;Oxygen-Sans,&#x20;Cantarell,&#x20;&#x27;Helvetica&#x20;Neue&#x27;,&#x20;sans-serif;; font-size:16px; padding:0 15px; color: &#x23;fff" title="View Web Analytics reports for Piwik test." target="_blank" href="http://example.com/piwik/tests/PHPUnit/proxy/index.php?module=CoreHome&action=index&idSite=1&period=week&date=today-date-removed-in-tests">
                Dashboard
            </a>
                    </td>
    </tr>
</table>

<div style="margin:0 20px;">

    <h2 style='color:#212121;font-family:-apple-system, BlinkMacSystemFont, &#039;Segoe UI&#039;, Roboto, Oxygen-Sans, Cantarell, &#039;Helvetica Neue&#039;, sans-serif; color:#37474f; line-height:30px; margin:25px 0 15px 0;'>
        Hello,
    </h2>

    <p style='font-size:15px;line-height:24px;margin:0 0 16px;color:#212121;font-family:-apple-system, BlinkMacSystemFont, &#039;Segoe UI&#039;, Roboto, Oxygen-Sans, Cantarell, &#039;Helvetica Neue&#039;, sans-serif;'>
                Please find below your week report for Piwik test.
                <br />Mail Test report (each in period)
        <br />Date range: week April 4 â€“ 10, 2011
        <br />Sent from http://example.com/piwik/tests/PHPUnit/proxy/.
    </p>

    
    
<h2 id="Actions_getPageTitles" style=" color:#0d0d0d;font-family:-apple-system, BlinkMacSystemFont, &#039;Segoe UI&#039;, Roboto, Oxygen-Sans, Cantarell, &#039;Helvetica Neue&#039;, sans-serif; font-size: 24pt; font-weight:normal; margin:45px 0 30px 0;">
    Page titles
</h2>

            <img alt=""
                                    src="data:image/png;base64,iVBORw0KGgoAAAANSUhEUgAAArwAAADICAIAAACF9KXqAAAgAElEQVR4nO2dd1gU5/bHDwu7lF2agnRwpSkooKDYUCP2iliwJJbEqDGJiS1qNLq2FEtyk9yYm/wSvaSoJJag0aiJXZMYy9WYIiIqCCiCClIXFvj9MWRYd8rO7s7uzC7n8/j4vDu85Ttn2pm3nLFrbGyEfwgNDSXTOTk5gCAIgiAI8g8OZCo0NFTbUdD5iSAIgiBIC0dCptBFQBAEQRCEBYn+LAiCIAiCINrDE9poj00UFBRo/6moqMjX19fsujjT0NBQXV0tl8uFFiJqXtp4DgCWTO0Y5IOGYqSqqkomkzk40F8UCEF5ebmrq6vQKkSNRqOpra11cXERWoioqampkUgkMplMaCGiprKy0tnZWSIR0eu9rpTQ0FDrms3Q0NCgVquFViFqCI8BAPacyM27WyGsGDFTW1ur0WiEViF28HLTC+E0CK1C7NTV1dXV1QmtQuyo1eqGhgahVTzBEy9VtO5CQEAAy0/Bqa6urq2t9ff3F1qISKlWNz0FQwMV2XnlX/xw67nU2PgoEfUViYe6ujoPDw93d3ehhYia8vJyvNzYKSsrKy0tRSuxU1hYKJVKvb29hRYiaqqqqry9vZ2dnYUW0kxzT4N1dTAgHJmydD8AxIa3mpMaOaZ/+L0HVYfO3jx27nadRlzeK4IgCCJ+dHsatH+az4f4I7uYr6rUteqSkoqaRt4qtCUePa4hEu2V7neKqjq391HX1h88c/PiX0V/33rQNz5YWHli415RueJRo0JuOx3LHcPxNQ5BED5pdhqwm8H2eO+rCwAQH+UT4C3XaOoBoFsnP6mD5Er2/aPn8mrU9f0Sgh1l9kLLRBAEQawDnChusxQWN8157BMfBA1NXQ4SO7v4KF93hWNjfe7ZywXVas3gnkpnRzwNEARBEP2IaCGHVTB6SHfLVzh6SHfin0E1/+fbywDQKy7AXeGo86ewYM/hfcNbuTle+rto5w9/VVSZq0Oed3MhVNDICIJYDMGcBto7HbERb4LajB7SPfPQr8Q/vTnJ9MotZwCglbtTcmKIxM6Omtm3tfzpER2j27W+Vfg483j2vZJKfmXDP8qB+YCyH2izngakH2aEN2Ziu7zXmXnoV7xkEASxDGLsadD7dLQ6eLyns1RF2k1dW08kkjoHOtgzHmIvD+ehSe0igj2ych/tO5l9595jXmSQGUw8juY+DUhXzJIPXTPtFPoNCIJYBsGcBuptzvTHDEKw/rNfACCybavYyDbsOd3kjhOHRnVu3ya/qCLzRHbW7YcWESg68KGLIAjCBTHOgNP2HshbufYW7fQ3+05St+tUxVQJsZ2lLZ3ttAr1atYZc2FxjGh1kv+Tgll0Zh76dezoQdGDVwLAwR1vf/PBdS4tShwc5y5PP/2//K8P/jWqb+i6ReMaG+t1dkHbXHr3yCD/T+cY6TSqYxkyg0GHwFCoYphkMDXHJM+gc5uaZhIGDDZBEAThFzE6DSRM91BeKtGpkHs2Q5vjeDenbVSnLJeqCI8hLsJ75ez/EmMTo4d0T884pLfFpRt2/3Dm1r6TOfPX7uibEKyTx1AZBsFyLGh/cq/NCJ1MrTPJMK45I0qxmwVBEMQCCDmnQfv9kv3FEZiHMyaM6qu3FdpKWO6/2i/TBt2XqfUYXdC43vLiR1VEoifrbAbaFhM7+Y/pHw4AR3/L++HszZraJ77CYNbnE3tfiImHgIsldVwi7jKYmtNpl/15z3RusytHjwFBEMvDQ09D6vy93DPveW8M98y0N029XdNWCi9j6h/uuAQAXTv6tmll8Bf2JHZ2ndv7uLrItqR//8sV+H7f3sI/95kuyfJwtCRLV79Bx8K4A2fEuU0dUEMQBLEwlh6eUKlUKpWKY+YWdXM0fWddPNsSif5d6ZdZcmHhrKGffn10109ZAInxPQYd2LbQRFWWh6MlmbIZOhrCVA/pAdB6tMYdbu2ZDS3q6kAQRCTw4DTseW+MSqVSKpVcMt+69cRPo1+eyBvxN/tO6h2haAnU1tWHJ70EAAV/ZMqdextXCWnVtMEdfvr19l83HwTEjDFHCAfRMmVssuAPY2rXgg60cywQBEEsAD9zGlQq1TRuGNTNQB3oJf9EzcylTqb7LNMINHU7U7VM9XBRRS1oUFmCdf/3CwBEtWv9MO+8ES3qNOfl4TyiT2jZ3T88/DrtOXrdxcOkT1vRPvw4PvNMPAQsRbig98iyN8fSzWDEuc3LABaCIIgpiHr1hM691ejVE1xqYJojqbOddpobbR7tepgqZxLAMRuZp7K6jkhEh3k1aGqY9lFvVToadn3/8yuvbwLoGd5n3rVbD9orW7PL0Pkr+1w/7kfTlENgUEMA8PXuoxyPrInNGVGKvQh2PCAIYgHsGhsbLd8q35/GLgnwD6D9awu5kxJBo6NDW4/pHyGT0ny1srSsVKOp92rdmvondtS19Wf+l3/y4h0AGNEnND7K117CabaE+SxvvprvFRUpFAqFXC6sDOOg1WOOT2NnZWVFRkbyXq0tUVZWVlpaGhISIrQQUVNYWCiVSr298evtbNy4cSMgIMDZ2VloIc2IMYw0YhBlFWoikdjJn9ZjMAVHmX1yYsjQ3koA+P5Uzpn/5XMsaPSqUdHCsoRScMSmB0EQW0XUwxMIFzZ/cR4A4iLbBPu5mamJbh395U7SXT9dP3out7Kq9qluIVy+ps00om+lcBljEgRbMjKCICJHGKeBx17T6urqAseasDD6CnNycvhqSJzczC8lErPGxfl6MfarFxdDXV2dv7/xZo+NbBMd5v3F/qu/Xr3r5Ojw/Lg4Ln6DOexvvmPqKqvy8PBwd3e3fNOmIE5VCILYJDg8YcXU1tUv2nwcACYN7cDiMfBFbGSbV6YkhAd7nrhwZ/2nP5PRJxEEQZAWgjA9DZr8k3xV1aBWSx+UaJwK+KrQipi4+SEAJIZL+wbf1eQXseSUlJbaa+o1DQZPhNTBH+DF5Ibtpxx+y3mwdcex8T2dg71sZ4TLobgIqhWacrO7X3zhEIgRShAEsSjY02CtVNc2LXvprJS2UljuOPq3sp89WBHfzuFcdt3mzIqswjqLNY0gCIIICzoN1sq0Dx8BQGelQ/cIRws37eosmTfcdWCM7G5pwxs7ys/fqLWwAARBEEQQbNBpiOz7rNAS2OBFXmVNA5EYGOPo4mjkZyZMwVlmN7Wf/N61QwCwMbPih0s19Q0CBPxoCYj8fEYQpEUh/IA0cU/MOrlVaCH06NyyRaJzxkelANA9QpoQZuluBpKYAc9lndx68FL1f49XbzteVVXbMLb7E5/WjOz7LIu52P9qIkIdNXPsVNbJrWa1FYIgCHdspKfBrG9jWSe3kv+Eeu3TbreoVEMkxnYXLEwY+RgbHOd0+/wXAJBxtmbr0cry6gaONZj7KSjIUTPTTgl44iEIgmgjsNNAPHus6J4ouNT6hsaXP38MAKO6OoV4C99RZC+xK7v7+xvjXQHg0GX1tmNVtRrRjVMIftQQBEFsA+GfOlQIT0L7Lq/9AkduJzf2n/wGUDobuBfXbo77myJtKWrlVDHaxZm26NRD/CT+jx21ifjToFhHqhL2pmntoPMnpnrYxXcKlr47ze3zY5VnrtWWlNe/NFTRxt2eVp72TlEbJTMYZB9DYbJJn7RlOjKYmmOSxy5S56/UNJMwwEEKBEHEgRidBqDclLXvqtRb7bHta/tPfkN7u0HFqc2ZKJK9cr2vvNSy5AOjvqFx0nuPAGBaPxfyqcyl6bLSUo2mntYO2pJMsUmgl8PzAxRfnqq8mKP58mTV+J7NQycshmIRw4SJB47l3DiV8ZZCoZAr5GCyTYwoxW4WBEEQMSDSOQ20t0ud2yhLn7OhxQ3tYKCWYqrc0Fs/tR7tvxIeQ4Sffb9omfZ2g/aLSRJ38zLh38r+5aGuXcOk57LrFqU/dvYMYZHBLoZjfo4imY6aXhlMzem0y/68p4qk9r5QQY8BQRARwkNPQ/n7Ttwzu75SQ6Z1buUWeLUybmCbpdPYkjT88xHzIZ2d5E5cvT2Ddtn0gX8XR7sXhyi2n646ckUdkfTyb9n8h3DgKJLlqFnAJrSl2IddjBgjQxAEsTCWHp5QqVQqlYr8aeHpacbdjkVyE5/4LhHNSdq7A9dlljrDEz3HLmbPz8ueujjaTe3n4qmQZJyt3rSvwqtdUn1Do72Et2ASHEUyZTN0NISpHtIDoHV2TTnT0HVAEES08OA0uL5So1KplEolp9yPbmn/Muj23ZKxlzV9ECE1kWu/joCD4jIHu7HdnTf/Z0dgp5SAjqP3na8ek+iiv5j5EcNEAWrXgg60804QBEHEAD9zGlQq1TRukN0M1Hsil1FeloFkvdAOLXMvblDlTA8Gpha1ZyHQ5u84ZDUADI5zjAyQsithMgvZzcDUhNH2oT1wkX2fPbNtxsJRCgDYcabms5/oQziYaB/uIg2qlmNzLN0MTKVY+iTQaUYQRPyIdPUEE0yz/DhOiNPJxu+bHBdtTDPpaPOQ9UzY/JD4+f67azesuU+VTbtTOk38vHsjrd/AlAZm+1AfllT7E39NDJfdOPtxWK8XjlxRP65qeHm4QmqvO05hin1YRLIo11ut6c0ZUYq9CHY8IAgiBuwaGwUIxcPjp7HVanVJSUlAQABfFYoQwmmY0NNpXA+aTn4ujxNiTkNrL/pPY5u+cJGdwof1r24rA4BIf/u5QxR+nvYsmQV8OhbdK9JecimqhzStHkE+jZ2VlRUZGWn5dq2IsrKy0tLSkJAQoYWImsLCQqlU6u3tLbQQUXPjxo2AgABnZ8GC/1IR6ZJLhITwGPw87AbHGbBKhR1TRnkIDFqQ6d/K/l8z3GPbOmQV1r+ytexOSb2hzVkA021iPsSmB0GQFouVDU+0WEZ2dXZ15s3D0xvLgXslHIv7t7JfPNr1/QMV52/ULUwvW53m2iFQz+QMC8OLTcwBegwIgogHYYYneKS6urqgoCAsLExoIWYhdf5eAOigbLV+nkkd0cXFxXV1df7+/jzpMpKqmrov9/95+OdbALBkRmJijMB6dMjNzfXw8HB3dxdaiKjB4Qm94PAEF3B4ggs4PIEYwOMKNZGYMLiDsEr4wsVJOjM1ZsrwKAB4Z9u5745db2iwbp8VQRCkRSHM8ET5hUK+qlKr1ZqSR+WlvFUoHqZ/fQ4AerfzaleuMdFiNaWlmnpNuTiMNMjDtTE+ePvFvC/2/1mZVzaqo1gmsdYWPaxS1ErklUILETWaO6XlIjmTxEpVZWVtRUV5sWEDcK4J4up4QxBasKdBpOSXVhGJoR38hFViDgZG+r7aNxwAdl/J33buZnlNndCKEARBEP2g0yBSlh+4CgDDovwCPUQRS5FfJHZ2nQNbvT4wCgBO3Cj+/NebDVY+twZBEKQlYINOQ1xaktAS2OAib9rX54jE8Chb6LFk2uXINq4bR8UCwP8KSmds/+3u42pztMJvERsGrWEB0MiItSO80xCXliTmC4mQR/6zZNNPxwcrHK1sTayhJmrj6vT2yJgoH1cAWLr/98Iyk/wG0/VYFzzuXVxa0uWM0yx1srdlVjsLdQ2ao63LGadt+5xEbB7hnQZeMOt1eDnjNPnPAhc80c0Q4ukysH3zbAZrudEQDx4wRLCfm/Pi5A4JQZ4AsOz737OLy03UoN00qcfyWOCQ8bV3pMcguBKW+i15DZKNmqlaa7mcEYSKwE4DcbeyoqvI3FIr1BoikRITaL5WxIbEzu7Z7u2eCvMGgHVH/rp456HQihDxYkW3CwSxPcTY+014Ekzvi+R2cuPwBROB8mLHvbh2c9zfLWhLUSunitEuTt3y4q6LAPCo4H/PLlxE1kMUZ6lc21wsTdPaQedPTPXQKqemtcVwPCIEcpnD1G7KrzO3+UeP+OBUduGfB4pzjut0mJM/aS2g3YpOW+wm4rjjLNmou0Z7yDieHizHQueso+64XmG0e2TQab9v03ba/WXqZNLRSW2Uo+VZJOmIYZLB1ByTPHaRLBfCma2HWIQBg00QxCoQo9MAlMtYe8CVeqEeeHfn8AUTtbcbVJzanIki2StneUkiZwJ+OPOZkNfmkGX13mL0Nl1aWqqp19DaQVuS6TYhoN5wWWxFIrGzK8450VBfFxgzxj96+MuTZ1N9Mr2SmO717LtGbLlXVKRQKFhaoa2Edteoh8zQ08Ogc5W7MNr9MohRiyazVMv9bGdRzh0uVzpwPg14FDlk3jhzGB9BBEekcxqY3gW1t19m7qU0tLihHQzUUkyVG3SzWLr/dwDoH94mpJXcIGEG7ReTJO7m1c6v96nAooSWo++8vaBfBADsvpIfGDP+dPoxjgW5C9CRzXHHqdmoNTNh6Olh0LnKUT9fD619m7Yz/cnQR6Ohpxy1FC9nOPv5oFcklwsBPQbEZuChp+FiwqfcM8dfmEWmdS5+CzjjHJ9wLKXMpzB21CYikdKJz9kMBu0yl8y0R4rfYxcb4PnGoKi1R/5q3Tbxpd2X0qck8lUzE8adGAYVN7EJIyrXfiiar2kT4WgWlmuQ9zOcYymWC6GisvLQB7vEb3wEMQJLD0+oVCqVSkX+NOudlIpxF7AlL/vCP793ndyNr9p0hicGzB3Dnl88N7gwb9dNo+MWZV4GgGlfn3trRIy/uxk/2ULsODE8oZDLDSrLsUPerLZlqpzsqze3AKMxoi9NG0NHQ1gMRXYYUPOYct8Qs/ERxAh4cBriL8xSqVRKpZJT7ltP/DLogrdhiGWWbVu5/H7ztMTOjpc6zdpzQ1bOfYTCULwVjn8ffatD8jIAWPb972+PjDFHKyZiFWPVtMP8NoAY9kjvhWCrxkdaLPzMaVCpVNO4QXYzUK8iLuOCLEOPeqEdjORe3KDKmW4ltC1W1jYtsxzU3u9/O0/ozc8Ok1nIbgYmSdztw9ermF5qKx+kT0nsFtwKAJbu/13euh01j+km4rjjXA4li8Vom+B4LNhPdabKjTu9aS9DjtcaFxOBUaccF1isx6U5lm4GplIsF8KQeeOM2wsEETkiXT3BBNOMMI7vuzrZ+H3UcdFGO/eKmM1QWnC5a3BXpnr0ToWj7pTOzv60ZS+t38CUpm2IOzz2QExPVCoc7Y9lF4f1mns+78Glnaeo93q9TbPvF8cdpx4FakEmwzI1weVY6D0QtJUbtFPsVxP3M0Hv2c6Ux9CGuFdrenNGlCLnNNAWwY4HxHqxaxTiQ0H8fhq7pKQkIEAsn1c2lJJK9cLvLgPA0uT2HXzdjaiByw2ImNPg1drL6BoE54e/7+68lAcA42IDRxr4NW2OO2jcnAZ+EeRYGNRo3p07wUFB5qjZfFhYRkVlZUVFha+Pj0F6WtqnsQsLC6VSqbe3t9BCRM2NGzcCAgKcnc04o8tQRLrksuVAeAy9lK0j2rhZrFFTRnmEYmgHv8ldggFg15X8zKsFNvNVTDEcC/NNTBEKMViVCbHpQRCDsLLhCRuD/JrlqI4B9hJ+5j9ywaCub/EwuIOfr5vTuyeu7/k9f8/v+R+Ni7e6D3pREcmxYBrRt1JEYlUqtmRkpGUizPAEj1RXVxcUFISFhQktxGAaGhrHLfwOAMYOiJgyPNqsbRUXF9fV1fn720L/Z3buwyX/OkmkMzaOljrw1luWm5vr4eHh7m7MIFHLISsrKzIyUmgVoqasrKy0tDQkJERoIaIGhye4gMMTSDOExwAAI/tan8cjIOEhrbYsH0Sk0xZn3rn3WFg9CIIgLQdhencLL5j6+WMStVr9qERTWMpbhZah+p9llmld21dcq62AWrM2V1pao6nXQKGVWYkF1aieqn0/A8Ar7xxdPqK7n7vC9DofFtXWKqoq5ehJs1F6R1NYbjsnkg7+Ca5CS0AQUYP3R2FY/O0JAOgS7BPflnGKNcKCl6vLv6cMINLrv/816x5+TRtBEMTsoNMgAOU1Tf0KCW19XGRSYcVYNRvG9+0bGQQAHx69dCm3yGaWVCAIgogTG3QaktLihJbARlJa3LLdpwAgJtCrg39roeVYAvMdEReZdHxCZGqXCADYeubqj3/eNlNDFkPkZ69tgEZGEKMRfsUacQGfzrgstBB6dO4vpuskv2Y5OFoptbc3sTaxkZQWZ/lD2b9DsEQCuy5c338lR9PQMDha6WBvld4waT0mM7Kb16zG5/1C4N4u722dzrgsyImKIDaAVd5bqZj11eF0xmXyn4kNkf3nSRGBIV4GLO2zlncj8kZsYcH9IoPn9IsDgB+u3np157FKdZ3eImIzqemPMXM/BYlLYPumfaZfCAY1aqZqxXYCIIhVILDTQNworegCNlHqvO1HicSADriGm2c6BngtHZpIpJfsOlmrqRdWj21jRdcsgiA8IvzwBBXCk9C+JWm/bZDbyY0TFwwHyosj9+LazXF/raEtRa1ce7udxCFmxNsAMLpzWMpzPah5mOohfrJUrm0u2qapf2LqbWaqh0kn1YykGI5HhGlHmASzHKPAVq7k17QXZBxfPry7n4eCtmlak46bN4S2Ce620jkrqJ0Hxo070Gam3Smmnh69YriYl12SjhgmGUzNMcljF8l+NrIIAxykQBCjEKPTAJQ7CO1YL5ne+e6BiQuGa283qDi1ORNFMqVf+vonACgtuNJ9bB+O1Wr3xHAczKZNEx+sYhoyJ2+sptuEgHqvZ7EV044AhwNHW/xBRfWqzLMAsP7Ar0uHJU6ak0Stk2rSpLS4XR8cUigUcrmCpTm9trLMc4jdnkyaudRmhH4uRw1MPs2MKMXxrEMQhDsindPA5YnC0kFqaHFDX/KopZgqJ7er65qiOZUV/enqJONSP3dhBu0Xxwc2i3m18+t9ILEo4ZiNozAyW2uFMxnC4e2D5/7vX0f1tqv38HGXxCKVx4cWRw+SC4Yed2opXk4zdlvpFcnlbESPAUFMh4eehk8TLnLPPOtCPJnWue9Y4D2A4xOOpZTRChd+cwIAwtp4/H73qnE1GIdBu8wls96ObpGwYXzfH67ePH7tzr+P/e/2ha/K7v4OjQ0s+Y07N2wDjvvOciHwfppxLMV+Np6mDCAiCGIilh6eUKlUKpWK/GnhO7Vx9w7T7zhk0Ohhndrtrtc/sZ8vdIYnxswdwJ7flu6tLjLp2PhITxenPZey2yY8PSo2dFBHJTCfcqczLhcV3SOGJ3iUcVprnodozWtQP9CdO3lBQcHa2w0dDWFqjt1Wply86DogCF/w4DTMuhCvUqmUSiWn3Lee+GXQvcZKaWhsJIJGd1P6Rvi2sli7Zn1KUV/mxMkqVcr6NZnfXLi+70rOvis576Y9JbQiW0MMzpDes5F2jgWCIEbAz5wGlUo1jRtkNwP1AuYyJGnKCDHtOCj34gZVrn0Xa15mGdWWqUXtEXGdegxVwmQWspuBqQnu9uHrLZAjHI87w3419vknhAMALMg4LnFw0lsWtN5NudiK/VQ0opuB9lrgWAnHU8iI484FvWcye3Ms3QxMpVjORjG7swhipYh09QQTHGeccSkOfD/qaLXVNzSNo9/LOpK2bxHTtC+dstR62Kc30u6UThN7t/xE6zcwpWkb4g6/PRDsu8+Sjdzi5OYX2W8hAHQatq6qts5FJtXJzLTvXGxl+olEfVhSDci9FVqdHE85gxriXq3pzRlRir0IdjwgiBHYNQrxjR9+P41dUlISEBDAV4X8QiyzBIC1Kb095TTvuKbD5d5HzGnwau1ldA02QNHjyrX7fyHSrw/v7u+hO3eBy5wG42zFpZT5jgK/NVPnNAgiw3Ro9fDyaeyysrLS0tKQEAzgxkZhYaFUKvX29hZaiKi5ceNGQECAs7Oz0EKaEemSS9uADBo9oWukmTwG4zBllMd68XGTr0npRaTfPPDrnQePuZQy3VbGDSvYAGI+zcSmB0GsBSsbnrAuiNkM/u7yRKWf0FqegN+udSuildz5/Un9X9lxDADeOfTb3Kfiovzpe19ILGkrkS+yMBTRnma2ZGQEsTC6wxOhoaEAkJOTI5Aeg6muri4oKAgLCxNaCA2p8/cCwIrne3SJ8hVWSXFxcV1dnb+/v7AyREJlVe0zyw8Q6XmT45O6BNrbSwAgNzfXw8PD3d2AD4m1QLKysiIjI4VWIWpweIILODzBBbEPT4SGhlqRuyByCI+heyc/wT0GRAe5i2zPe2NmpHQCgA+2Xxy/KFNoRQiCINbBE8MTFvMYbt+7wFdVarW6pKzE4V4pXxXywoJ37hCJxLh6HnfWaEpLSzWa+lpJodBCRER0ROP4wZ7fHn4EAKnz9741P+DRo+LyOsWjajmZp61vgnACEQRBRAdOhDQjfRMUIf6OQqtA6JHY2fWIUzw/vmlOw7L3CmpqBVhJhCAIYkWg08A/ZDdDr3gelm/xQua5pY/OXxNahRjp0M55wXQfIv3BjrriRxph9SAIgogZ/asn/v77b+2ft27dIiZLmkJR2R0TayBpbGyoq6vLy2OrcMakRdt2bKKmmfLwQuFfB6oeD8/jtKyPEV5UHf97PQD8LPmy7JP7XslxEhkumXmCGZMWbf7Ppi8OAgB8uP3xzNGPFS5Nf1KXicXtEw9VVVVZWVlCqxA1Go1Go9HU1NQILUTUqNVqiUTy8OFDoYWImurq6tu3b0skInq91//80Jly7+bm5ubmZmKr9dKikQNn7P9xm4n1AEBdnaasrNTLqzV7Ni+v1mSLTJn1VsKE9r6s+PABALi6wINbZ728pnIsxZ6BKSd7DSMHzvjuwKd7zi0BAEmZR4N76Z9tDysPVifMTOGwT3oYOXCG9k9eDiXHdnlva/+P20YOnPH5zv/7YHsZAHyWCbPGuQX7SQHA3xvXm+iSl5eHy3DYqaysrKio8PHxEVqIqCkpKXFwcPDw8BBaiKgpKCjw9vaWyWRCC2lGv9OgswKNlwVpLpUuR89mmF4PAKjV6ooKexcXF/ZsLi7NLTJl1luJNsm90sgKyURyr7TYUZsAIHVg6zM7a7mo4lK/cZqPns1IPzwHAFzuhEaPPZIAAB1dSURBVLqVt5LclRS2P3cr8lTDZw29nh8ndTY12JS2PB215sNMrRw9m5HcK+3Tr97/6Js6APh01+PZE7zC2zq5umJPgy4ODg5oFnYaGhrUajVaiZ3y8nKpVIpWYsfBwcHFxUXUSy6JoQcygRgE4TFEKh1j2xvgf5iD9MNzCI/B/qGXd7Vv4oyxnaeMis0fDgC5kWe2n3q1Kv8+j80RD10eKxQEubPdmhebPkP6yTclizbkC6sHQRBEbAiz5BL+eTcl/ye367y/am/UzkxmG9Z/KrWgdlmdFmlrpuZk+SuZQUc2Of/xwFfvffP+TYMqZJHKMbO2mKkrPYmE/HaE0q5dzMwhQwZMI7ZM6BjjlHoHAL79c+Uk180yd7lOPcYJpkoi07QHVOdP1OaoFtA+YbiUok0zCYN//J7Mw1s3Lg48+uvjQ6cfA0Dq/L3fbhpNhH5CEARBhJ8Tp/N40L6/0970dTIfPPYF8cEqpgcGUJ5VLDn1/pWA6ekFAD3i5O8ueUt7I5cKTUS7WqKDwTlfWeNR0tEtpv2kAcm90nYf+ESjqScmbWyauqJdT69y5bUdvy4c6PSCf99YltqMEMzlgILJ9jGiFJMwHewldoN6unt5OHy1/yEAjF+UueOdkY44exRBEEQMSy6Z3vW1t1NnD9DmITsA2B8htKXY69QL2c3Qt+sTQ3RGV2gQOh6Dy60waLAr/E5KeAw61vghJ7t7h6dkd4MA4Meaj+/9/IfpgmlneLBUq7c59uOiVyS194UK+0nSJUo+e0JTCIdJS/bX1tWzZEYQBGkh8PD+tDrdgKh5q6bxGR7RHA9gU+osun60TavpPFZoEE0eQ254o0N9L2XyJ//dsJQhp3/f2B0rN8yY1O2x8u/D5f/ukTEhIq0/+VeOglm6+g3aZePsQ1tKpweIzElsoY5tsROpdN644KnF7x4HgImv7duyfJCvl1xvKQRBEBvG0p2uKpVKpVLxVdvRsxlqtZoYnuCxTkOLEPMfnR2hKPsngOmmV2gE/3gMoY3QmPH1HxOOvwYr2fJXajTJyamnDx8oCb/8i8c3VVsryU4njoJZJnywjA1xr0d7ygs1j3FW1Z7ZwKWG0CCPD5cNePmtnwBg7vojn6wc7O0p8BRXBEEQAeHBaVg17YJKpVIqlVwy34JbprcoKuobmmIPj+rv+eu3ddwL8uhMkPMYnGsVfYeO/iT9PJdSbuFBw8PnHH0/Pb/9L1cCDsztn2S6EoutveSigWmEgnaOBRMBbVy/fnvklKX7AWD2msNvzuvTXmlkPA8EQRBrh585DSqVaho3OHYzUIe09eYBrTdIvWW1/6p3dJxd6uKN+QDQLkiWGKPgLpJLzSyVaCsn1ko43lG2rvQZ/NwM11B/lrLUevrMSmt7vTcAPO79x/EPvvjh4FZDLcCC9gIHWhnsBmfpZmAqxdInYfSOODs6bF0zlEi//sGpi3/fa2jAr1QgCNISEe+ccO0HA3sPtvZP2rLsjyWOddJmIwYmAGBAD3fatrhXSC3C7s0c/Sd2EwDYP2ztW+3fb94zLLXppHUq3Pzs01cCD+RF/pz368/7d20xVDCTTqYDwXKAuA+OGGdVpiLJvdK+3v0BU1kPV6c9740hPne+/tNfAGDPe2O46EQQBLEl7BobBXhn4vnT2LzOaTAIYtFEfLTLlBE8d1nr7TwnPQbF7QilJCx22lB7mZQpM/FpbGLJJVPN1785+ov7t0R6fMx6Fz/zdsKLYSBDG8JpUCgUCgXjp7HrNA37T2Z/9f1fxM+MjaOlDsKvP7IwWVlZkZGRQqsQNWVlZaWlpSEhIUILETWFhYVSqdTb21toIaLmxo0bAQEB4o0IiRgEucyyf3f+I6GyrxgkPQaocezoEdvl+VEsHgNHIiYkJ9vNJNLf/r688OQVEyvUgWUJpeBw1CN1kKQmRy6c2pX4mbY4E5diIgjSokCnwVR6xMl9Wpv6wKaFyW8gPAbF7UiX3LCB7tMj05L5ajFwUMIQ15ccC4MB4Meaj++e4tNvIHaH+GeNHgNJr86BK2f3JNITX9tXrcavaSMI0lIQZniCR6qrqwsKCsLCwizcLjG8DQBfvjlC7mwWp4EWIiqGS15Yg1QzMnp61MgRXEoVFxfX1dVx/Dhhxb17n328tKzdHwDQv/r5pDmzTRFsReTm5np4eHD8JFvOnVIihAMAtKgQDjg8oRccnuACDk9wAYcnbIT6+gYi8WxKJwE8htwwaLRbuGA7R4/BUBS+vpPGLfa+0QUAjjn/34F33q6tqDRHQ1ZNaJDHR68PJNJz1x+5/wBNhCCI7YNOgzGMX5QJANFhrQf15BSdghcIj8G5QOlcp5g+QeVgzi+s+3SKnrv205DrSQBwwXfX7g3rzNeW9eLnrfjqrSa/bc66I3/dLBFWD4IgiLlBp8FgHleoicSw3u1kUnvLNEp4DI6Fwb7VwS+t/cy7vSX6hycvWxd+IxkArof++N8VCyqL8aGoi4uT9L9rhxHpFR+ePne1EEM4IAhiw6DTYDDT3zgIAEldAuOj/CzQ3Or0BMJjsH/g5V+pnLp2swUaJZAp5JPXvpN4Pw0AcsNPbTo4pOLePYu1bi24KRzJmA3vbD03buF3wupBEAQxH+g0GAY5/3GoRboZyI+ByXPDuzYOnLrOch4DyZDFi5NrmlZ4bj48ouTGDctrED8ZG0dPHdmRSKfO34tLMREEsUnQaTCGpC6B4cGe5m6l+fOhGvse/gMGL1xo7haZ6D17ZorLMiL90dmJ1374QSglokXqIEnpH06GcJj42r46TYOwkhAEQXgHnQYDILsZnhkRbW9vXtMRHoPidnvX2+3T/FW9Zj5n1ub0Ejt+7NMhm5wKQwAg4/4bf31/QFg94qRX58BVL/Qi0mmLMyuraoXVgyAIwi/oNHCFfHFMG9zey8zfR/4nGENovax6WLcp7YcONWtzHAnt12/O0+975nQCgG8frDq55WOhFYmR2Ig2Gxc8RaSfWX7gXgkuxUQQxHZAp4EraYszAaBLB5+hvduZtSHCY5Dnhtk12r+2bLdIPAYC96DASZOXemfHA8AJ+ef733oTQzhQCQ3y+M+KQUQaQzggCGJLoNPACbKfuXusv5vC0XwNNQVjyA91qlNMm7DKfA0ZjXf7yLnrPgnJTgKAS/579mxYL7QiMdKmtTx93XAiPWfdkT9zcLUqgiC2ADoNnHhm+QEA6BUX0DPWjJ/TJDwG2b0Av5ogiwVjMI60xarIm4MAICv0yLYVr5bdyRdakehwlcvIEA5v/Pv0L5cLMIQDgiDWDjoN+iHnP/bvFuLiZJag0WQwBmmxb2B5+DNrN5mjFR5xdnefuPpNIoRDXviZfx1LwdBPVLRDOGxM/w1DOCAIYu2g08CVLh18Ooab5dsqzcEY8sLj7Z56Zp3YPQaSIYsXD6h7gUhvOjik6OqfwuoRJzs3jJqR0olIp87fq67Fr2IiCGKtoNOgB7KbYUZKJ6kD/+ZqDsZQ55AUNETAYAzG0Wvmc2QIh/9cmoYhHKjIpPYj+4YtmtaN+DlpyX7yg2cIgiDWBToNbJA399H9wgLauPJeP+kxuN7qMN5nReL0abw3YQFix4+dHvYBkc64/8afmfuF1SNOesYFrJrTFMJh/KJM8gsmCIIgVgQ6DWwQX7MEgGF9QnmvvCkYw512ToUhI3o8Y6bvXFuGkF495/XZ1SonFgB2la4+8dFHQisSI7GRbTbM70ekp79xEJdiIghidaDTwAg59vxsSidvvqM5NQVjuB0uqZcuXLgjYvAgfuu3PJ7KtpOmLvPJTgCAk4ptmevXamoxHqIuYcGen64aQqTnrDty70GFsHoQBEEMAp0GRiYt2Q8A3Tr59YkP4rfmf/oYwlw0rlPTVjrIZPzWLxReYWFz1v0n+HoSAFwOzNz95mqhFYkRLw9ncinm3HU//pFdLKweBEEQ7qDTQA85/7F3XAC/0ZwIj8GhyNdHHTh37adiDsZgHBNfU3W4OQQArikPf758HoZwoOKmcPxyfVPop5Vbzpy5dAdDOCAIYhWg08BGVGjrxBjeojmRwRhkRYEh5VGT33iTr5pFhbO7+4TV67qXTAKA/Iif/3UspbqsTGhRokPuIiNDOLz75QUM4YAgiFWATgMNZDfDtJEd+VpmSS6UcMkL7WKf9PTaDTYzKkHL4IULyRAOG75LLrhwUVg94iRj4+iZqTFEOnX+3mo1hnBAEETUoNOgC9lRPLhn2/CQVrzU2RyMoUqeFDTM6oIxGId2CIfP/px9/fARYfWIEKmDZFhS6OLpTSEcpizF1aoIgogadBp0ITuKh/cJ46XC5mAMNzuM9VvY3TqDMRhH7PixM6M/IdI77r3+x3eZwuoRJz1iA1Qv9CbSqfP3lpbXCKsHQRCECXQanoDsZpg0tEOgDw/RnEiPwbmg7cik6R1TRplep3URkBD/Yq+dRHp32VoM4UBLTIT3xgVPEelnV/6AIRwQBBEn6DQ8AdHNEBPhPaB7W9NrawrGkBvhdjPq5Rc/Dx+QbHqd1ohXWNi8Prt8s7sBwEnFtj1rVBjCgUpokMfnq4cS6TnrjtwtxhAOCIKIDnQamiHnP/aMDfB0czKxtqZgDHlhcrXr05OWO7u7m6rPmvFUtp29bktIdm8AuBry/e71KqEViRFPN6eta5r8hhffxBAOCIKIDnQadAkL8niqW4iJlTQFY7jv41Mb+ML6T2wvGINxpC1eHX17KABca3fks+UvP7p1W2hFosPD1emrt5oCiq/ccub0xTvC6kEQBNEGnYYmyG6Gp0dEm7LMkgzG4Hg3uF15p4lLMCpiM87u7uNWre35YDIAFET88sGpcThOQcXFSUqGcHjvqwvkmYkgCCI46DQ8QZ8ugTERbYwu3jzt8U5oZ2mvSWvelinkPEmzHQYuWDCw/kUivX5Hz7xzvwmrR5xkbBw9a1wskcYQDgiCiAR0GgC0uhlGPxVudCWkx2BX5tknYGgLCcZgHD2fnUGGcNh2bS6GcKAidZAM6dVu6XPdiZ8YwgFBEDGATkMzY/qHKwM9jCtLegxuN6NSg1/uPmM6b7JslNjxY+cmfk2kd9x7/fc9+4TVI066dfRb+2JzCIeHZdXC6kEQpIWDTkNzN8PQpFDjaiA9BqcCZUry8y0wGINxeLePJP2GveVrjn/4obB6xEl0WHMIh5mqQ8WPqoTVgyBISwadhiaeGRnt5eFsRMF/gjGEu+d0fOn5j5V9kviWZst4t498tf93ftcTAeCUW/q3q1cKrUiMhAZ5pK9r+irm7DWH84vKhdWDIEiLpaU7DUQ3Q6CPYlRfY4JGkx6Da63HlMnL5N5ePOtrAbgHBc5a/1Hw9d4A8Ffbg9+oVgitSIy4ymVkCId5b/+EIRwQBBGEFu00aC2z7Ghvb5gpNLW1WsEYAmav+xiDMZjClGXrO+WNAIC/lYc+Xf4ihnCg4uHq9PXbI4n0yi1nTpzPE1YPgiAtkBbtNBAkdvLr1tHPoCKr0xPW7+gJAM4FytDyuLSlGIzBVGQKeeobqt6lUwHgbsS5D06NE1qRGHF2dCBDOHyw/SKGcEAQxMK0XKeBvOGm9I8wqGBzMIbCtp2dekxcsx6DMfBF8ivzhkteJdKr0xNunTotrB5xkrFx9AsTOhNpDOGAIIglablOA8GwpHaRbVtxz096DPYPvPv6jRq4YIF5dLVcEp55mgzh8MWt+dk/HRVWjwiROkgG9mi7bCaGcEAQxNK0UKfBuGhOpMfgfit6VNvZidOn8q8MAYgdP3Zen11EenvBkivf7hZWjzjpGu335rw+RDp1/t6SUgzhgCCI2WmhTgNBanKEt6cLx8zNoxIFyjEDZ8ekpphNFwKeyrZzuqQT6e+q3sIQDrS0V7YmQzjMWn0I/QYEQcxNS3QaiG4Gb0/nycOiuOQnF0oAQKuc2NnPvBfSq6cZ9SEAAODTKXrRsENE+pRb+re4FJOO0CAPcknFrNWHcu+WCasHQRDbpsU5DeTAxJTh0RKJHZcixEIJeV64z/Wuk6Yucw8KNKM+RAu5t9eqaReCs3sDwF/KQztXLRNakRhxdnT4fHVTCIf5G45hCAcEQcxHi3MaCDpHtukTH6Q3W21FJdHHIC32aaP2n7P+Y68wY2JAIaYwZen6uPwUAMhq9+MnK+ZiCAcqnm5OOzc0BS9fueXM8fO5wupBEMRWaVlOA9nNkDpQfyCm1ekJb+3uCwAu+aFhFZ0nLl1jXnEIAzKFfPTyFX0eTwOAe+G/YQgHWmRSezKEw4fbL2EIBwRBzEHLchoI+ncLiQ7VE++ZnMTgeC8wzjlxgmodBmMQlqdefnmk42tEenV6Qs6JE4LKESnfbhr94kQM4YAgiLloQU4D+e41doCeaE6kxyC97/eU71gMxiASukycMMa1aTrkV7mL0G+gYm8vSU5su2JW00RdDOGAIAi/tCCngWBo73Y+rdn6DEiPwe1WhxGhzyVOe8YiuhBOxKSmkEsqvspddGnHTmH1iJMuHXzefrUvkU6dvxe/po0gCF+0FKeB7GaYNqojy6IJ0mNwyW83YcSrGIxBhMi9vcgQDvtrN2EIB1oiQlptXtgUwmH2msMPyzCEA4IgPNAinAbSY5g1LlYmtafNox2MofWNuJmTNwQkxFtIH2IgPp2il409SaRPuaVnYAgHOpSBHjveaVpSMVN16FZ+qbB6EASxAVqE00AQH+Xbv1sI01+JYAwA4He925RnV3gq21pGFWIcMoV81bQLRPqa8tCOlUuF1SNOHGX2ZAiHhZuPYwgHBEFMxPadBrKbYXDPtrTdDNVlZUQfg0OJjzK7z6z1W9BjsBaWT/q5S0EKAFwP/ek/K17AEA5UPN2cvt00mkiv3HLm2DkM4YAgiPHYvtNA0DchKDbSh7p9dXrChu+SAcAlL6x9RcLEpWstLg0xHgeZbOTrK/pVPgcAReHnMYQDLfb2kl2bm2bn/HsnhnBAEMR4bNxpIO+Pw5PaSR10d7Z5aWWJb2dF97GrVmMwBmuk79wXxiiWE+nV6Qn4NW0qEondrs0p8yY3TdPBEA4IghiHjTsNBMmJIe0CPXU2NodvKgwa6DN5wPxXLa4L4Y2YsWPIEA7bC5bcOnVaWD0iRCKx69c1eMXzPYifGMIBQRAjsGWngexmmDwsSmeZJekxuOZGDouc1vXpyZYWh/BNTGrK8kk/E+kvbs0//8WXwuoRJ3HtfTYu6EekU+fvvf+gUlA5CIJYGTbrNJAew9PDozzdnLT/pBWMIXTKmNcxGIPN4CCTPR+7lUgfbHwfQzhQkUjsQoM8313cn/g5Z92R0vIaYSUhCGJF2KzTQJDYyW9gDyX588lgDJ1npK336RQtkDTELPjHxZBLMU+5pWeolgurR5y09XfP2Ni0pOLZlT/cyHskrB4EQawF23QayG6GnrEBrnIZuZ0MxuB/PfGZWavwO9e2ilYIh8MYwoEWqYOEDOHw2nsnMIQDgiBcsE2ngaBHrH9CRz8iXVlc0hSM4YG3Mrvv8+s/cg8KFFQdYl5WTbuQcG8cAFwP/enjFXMwhAMVTzcn8mvaK7ecOfYbhnBAEEQPNug0aEVzUjo7OgDA6vSETQeHAIA8LzyqsvvEpWuE1IdYiuFLlvareh4A7odfwBAOTJChn/69A0M4IAiiBxt0Ggh6xwV0DPMGrWmPDo9ax3v0HPPGKgzG0HLo+8JscikmhnCgxd5esue9Ma8+3XSZpM7fq67FEA4IgtBja04D+aqUNrSDRGJHegxO+cohbWY89fLLwklDhCEmNWWs+0oivb1gye0zZ4XVI076xActn9kUwmHSkv0NDY3C6kEQRJzYlNNQp2kgEuMHRQa0cSU9Bnle+NAOU+InTxROGiIkHVNGkV/FTM955dx/04XVI07io303Lmj6mva4hd9hCAcEQajYlNOQtjiTSAzsoWwOxpAX+tzTb2EwhhaOTCEnQzgcsvvw6Pvva2prhZUkQkKDPN57rTmEw6OyamH1IAgiNmzHaSAHJmaNi/0oM4lIe93oPH38GvxqJQJPhnA44/Hl7jdXC6tHnIT4ue94ZySRfk51KDv3obB6EAQRFbbjNBB0ifI5d2MCkQ643mP6vLe820cKKwkRFWSo6WvKw1+98VptBXbC6+IocyBDOCz518kr1+/jFAcEQQiecBpCtRBKkHEQ3Qyu9RX1snnElrbZfWau/1Du7SWoLkR0OMhkZH9DTtixz99eWHYnX1hJIkQ7hMPqj88eP58nrB4EQURCs9MQGhqao4XV+Q2xcevbxb8PAPLciM75oyctXSu0IkS8rJp2oV/lTAC4H37hX8dSqsvKhFYkRshQ0x/tvJQ6f299fYOwehAEERxbGJ547aOrsXHribRdhSKhda9Ry9/AYAwIO33nzklxWUakN3yXfP3wEWH1iBCpwxMhHMYvysQQDgjSwrF6p6GhoZH0GJzz2o3yfqnfiy8KKwmxFmLHj01r09QjtePe60XnLwqrR5z0iQ9aMas5hIOmHuc3IEjLxa6xsekWQAxPkH/Q+SlampdW3gkd2nFKx5RRwuoRJ8XFxXV1df7+/kILESOVxSVElHEEQRCxkezwWu8pE4RW0YyD3hznz5/X/nnt2rWoqCiz6TEYv9+H3I05JMsP6d19ltrT4+JFfFmk4eHDh2q1+u7du0ILESn93VYce7xOaBUIgiC63Mm+KarnmtX3NFRXV/939cIuXYcnjh0utBbxUlRUVFNTExISIrQQ8VJdVvbhv2e6V3rL7XE2DCP1DY15/pe8cjvY2Vn9yKb5KHcq0ThXt3mkFFqIqCn2vC2tUniovYUWImqq7SoHjHyufa9uQgtpRn9Pg/jpPeWFTp06Ca0CsW6c3d1Hj1vXpk0bT09PobWImvPnz3d9savQKkTNo0eP7t+/HxmJEWLYyM3NdXJy8vHxEVqIqLl69WpIWJjQKp6g2WnQWWZpFd0MCIIgCIJYjCd6GtBRQBAEQRCECRyYRBAEQRCEE80TIREEQRAEQViw0ERIYraEzuoM4HtAhK8VHwKuHKGN3i0eK1HlWeOQlrWsDDIHLXnf9aJzeusYiqPpTLSwaCeWcRRm0O7bgK3MqsH0q5XpyUtgXOW2sHqCgLAvX1YWClK8mW7upltJwBsZ+6pg3i3G47lkeaOh92kcLDK4ewxGW0a0697NIcwGbGVWDabfq8kadLYw/eSI5eY0aKunStf5uiaRMPGTm7SVkBuZiojkKtVBR7D27ljeSi0B6vVmXA0EPArjiHbT5pBhon1ynoRHYfyifSEYt7M2eX1pv9sw3beNqNbabUWYhfZeLcgTzUxXlvA9DUy+j/Z2XrxR2ppZlIgfXtxGMNxKZNrC5tL2u0OfdMN1doGq0PSbjs5jklaGTmYTWzQftHuh/VcjxBtkH2pBQ5uzGKbLM+j6si509sv0vl4btpXln2hmQningQmDrEBaTeespa3ENjwGIzDdSuJ/NNI+/6gbTa9czN4VO7zcvLjXLMKThAXqUeMunpfrS5ynDe/CTLeVGDDILBZ+opkPizoNpInFeRJoH35rudNZRa+d1cHLFctLJ5A5ENUdX1SWAaFvTXz1HZoDpv5gAfWI4e4n2uNlPsTb02AoJp5AVnrsDdUphsvMdJgeWuRfBdKFtHRa1LnHNCbIvbiJAnjpPhQtot0jSzsNPI4Osmy0oqe+ETCdTOwdwrxYSXDD0r5e6KjiRaFor1iRwIt9BD+djKMF3oV4GYNn2cjjTAhLorddvZeJNZ5Lwvc0mHUYT5wDhEaQ8+QUM3KUh5cdNGhYTgwm1XERWK5M9n4Ia7xizQ3ah3es7vqiQiuM9tIzcQzaoN3XmXVrefSahfcxFOPsQx4RXk4wK4sIadDtqcXey2zbSnofWrRXhc5lbESXjM7Fz1IDiwzLwz5MTh2ctqR9rOvEI7Ht64tf0FbsWKN9rMlpMNRkIjGxhUErcccar1hLgvahgtcXd9BW7FipfazJaUAQHrHSK9ZioH0QBKGCTgOCIAiCIJzAT2MjCIIgCMIJdBoQBEEQBOHE/wPZsRtMTEWRRgAAAABJRU5ErkJggg=="
                                height="200"
                width="700"
                margin="0 auto"/>
    
    
        <p style="width: 100%; text-align:center;">
      <a style="color:#0d0d0d;font-family:-apple-system, BlinkMacSystemFont, &#039;Segoe UI&#039;, Roboto, Oxygen-Sans, Cantarell, &#039;Helvetica Neue&#039;, sans-serif;; text-decoration:none; font-size: 9pt;" href="#reportTop">
          Back to top &#8593;
    </a></p>

    <hr style=" border: 0; margin-top: 50px;  height: 1px; background-image: linear-gradient(to right, rgba(231, 231, 231, 0), rgba(231, 231, 231, 1), rgba(2311, 2311, 231, 0));">

    <p style='font-size:15px;line-height:24px;margin:0 0 16px;color:&#x23;212121;font-family:-apple-system,&#x20;BlinkMacSystemFont,&#x20;&#x27;Segoe&#x20;UI&#x27;,&#x20;Roboto,&#x20;Oxygen-Sans,&#x20;Cantarell,&#x20;&#x27;Helvetica&#x20;Neue&#x27;,&#x20;sans-serif;text-align:center;font-size:13px; color:#666;padding-top:30px;margin-bottom:0;'>
        Powered by
        <a style="color:#439fe0;" href="https://matomo.org/" title="Matomo Analytics">Matomo Analytics</a>
        <br />
        The leading open analytics platform that respects your privacy.
    </p>

        <p style='font-size:15px;line-height:24px;margin:0 0 16px;color:&#x23;212121;font-family:-apple-system,&#x20;BlinkMacSystemFont,&#x20;&#x27;Segoe&#x20;UI&#x27;,&#x20;Roboto,&#x20;Oxygen-Sans,&#x20;Cantarell,&#x20;&#x27;Helvetica&#x20;Neue&#x27;,&#x20;sans-serif;text-align:center;font-size:13px; color:#666;'>To unsubscribe from this report please follow this link: <a style="color:#439fe0;" href="__unsubscribeLink__">Unsubscribe</a>.</p>

</div>
</body>
</html>
