
-------------------------------------------------------
Using this 'archive.php' script is no longer recommended.
Please use '/path/to/php /home/travis/build/matomo-org/matomo/tests/PHPUnit/proxy/../../..//console core:archive --url=http://localhost/tests/PHPUnit/proxy/index.php --force-date-last-n=10' instead.
To get help use '/path/to/php /home/travis/build/matomo-org/matomo/tests/PHPUnit/proxy/../../..//console core:archive --help'
See also: https://matomo.org/docs/setup-auto-archiving/

If you cannot use the console because it requires CLI
try 'php archive.php --url=http://your.piwik/path'
-------------------------------------------------------


INFO [2020-06-04 14:00:11] 10320  ---------------------------
INFO [2020-06-04 14:00:11] 10320  INIT
INFO [2020-06-04 14:00:11] 10320  Running Matomo 4.0.0-b2 as Super User
INFO [2020-06-04 14:00:11] 10320  ---------------------------
INFO [2020-06-04 14:00:11] 10320  NOTES
INFO [2020-06-04 14:00:11] 10320  - If you execute this script at least once per hour (or more often) in a crontab, you may disable 'Browser trigger archiving' in Matomo UI > Settings > General Settings.
INFO [2020-06-04 14:00:11] 10320    See the doc at: https://matomo.org/docs/setup-auto-archiving/
INFO [2020-06-04 14:00:11] 10320  - Async process archiving supported, using CliMulti.
INFO [2020-06-04 14:00:11] 10320  - Reports for today will be processed at most every 900 seconds. You can change this value in Matomo UI > Settings > General Settings.
INFO [2020-06-04 14:00:11] 10320  ---------------------------
INFO [2020-06-04 14:00:11] 10320  START
INFO [2020-06-04 14:00:11] 10320  Starting Matomo reports archiving...
INFO [2020-06-04 14:00:11] 10320  Checking for queued invalidations...
INFO [2020-06-04 14:00:11] 10320    Will invalidate archived reports for 2014-03-13 for following websites ids: 1,3
INFO [2020-06-04 14:00:12] 10320    Will invalidate archived reports for 2014-03-12 for following websites ids: 3,1
INFO [2020-06-04 14:00:12] 10320    Will invalidate archived reports for 2012-09-30 for following websites ids: 1
INFO [2020-06-04 14:00:12] 10320    Will invalidate archived reports for 2012-08-19 for following websites ids: 1
INFO [2020-06-04 14:00:12] 10320    Will invalidate archived reports for 2012-08-15 for following websites ids: 3,2,1
INFO [2020-06-04 14:00:12] 10320    Will invalidate archived reports for 2012-08-11 for following websites ids: 1
INFO [2020-06-04 14:00:12] 10320    Will invalidate archived reports for 2012-08-10 for following websites ids: 1
INFO [2020-06-04 14:00:12] 10320    Will invalidate archived reports for 2012-08-09 for following websites ids: 1
INFO [2020-06-04 14:00:12] 10320    Segment "browserCode==IE" was created or changed recently and will therefore archive today (for site ID = 1)
INFO [2020-06-04 14:00:12] 10320    Segment "visitCount<=5;visitorType!=non-existing-type;daysSinceFirstVisit<=50" was created or changed recently and will therefore archive today (for site ID = 1)
INFO [2020-06-04 14:00:12] 10320    Segment "visitCount<=5;visitorType!=re%2C%3Btest%20is%20encoded;daysSinceFirstVisit<=50" was created or changed recently and will therefore archive today (for site ID = 1)
INFO [2020-06-04 14:00:12] 10320  Done invalidating
INFO [2020-06-04 14:00:12] 10320  Start processing archives for site 1.
INFO [2020-06-04 14:00:14] 10320  Archived website id 1, period = day, date = 2014-03-13, segment = '', 11 visits found. Time elapsed: 1.164s
INFO [2020-06-04 14:00:14] 10320  Archived website id 1, period = day, date = 2014-03-12, segment = '', 1 visits found. Time elapsed: 1.164s
INFO [2020-06-04 14:00:14] 10320  Archived website id 1, period = day, date = 2012-09-30, segment = '', 1 visits found. Time elapsed: 1.446s
INFO [2020-06-04 14:00:16] 10320  Archived website id 1, period = week, date = 2014-03-10, segment = '', 12 visits found. Time elapsed: 1.113s
INFO [2020-06-04 14:00:16] 10320  Archived website id 1, period = week, date = 2012-09-24, segment = '', 1 visits found. Time elapsed: 1.113s
INFO [2020-06-04 14:00:16] 10320  Archived website id 1, period = week, date = 2012-08-13, segment = '', 3 visits found. Time elapsed: 1.658s
INFO [2020-06-04 14:00:18] 10320  Archived website id 1, period = month, date = 2014-03-01, segment = '', 12 visits found. Time elapsed: 1.123s
INFO [2020-06-04 14:00:18] 10320  Archived website id 1, period = month, date = 2012-09-01, segment = '', 1 visits found. Time elapsed: 1.123s
INFO [2020-06-04 14:00:18] 10320  Archived website id 1, period = month, date = 2012-08-01, segment = '', 33 visits found. Time elapsed: 1.941s
INFO [2020-06-04 14:00:20] 10320  Archived website id 1, period = year, date = 2014-01-01, segment = '', 12 visits found. Time elapsed: 0.940s
INFO [2020-06-04 14:00:20] 10320  Archived website id 1, period = year, date = 2012-01-01, segment = '', 34 visits found. Time elapsed: 0.940s
INFO [2020-06-04 14:00:24] 10320  Archived website id 1, period = year, date = 2014-01-01, segment = 'browserCode%3D%3DIE', 1 visits found. Time elapsed: 2.732s
INFO [2020-06-04 14:00:24] 10320  Archived website id 1, period = year, date = 2014-01-01, segment = 'visitCount%3C%3D5%3BvisitorType%21%3Dnon-existing-type%3BdaysSinceFirstVisit%3C%3D50', 10 visits found. Time elapsed: 3.950s
INFO [2020-06-04 14:00:24] 10320  Archived website id 1, period = year, date = 2014-01-01, segment = 'visitCount%3C%3D5%3BvisitorType%21%3Dre%252C%253Btest%2520is%2520encoded%3BdaysSinceFirstVisit%3C%3D50', 10 visits found. Time elapsed: 3.950s
INFO [2020-06-04 14:00:26] 10320  Archived website id 1, period = month, date = 2012-09-01, segment = 'browserCode%3D%3DIE', 0 visits found. Time elapsed: 1.121s
INFO [2020-06-04 14:00:26] 10320  Archived website id 1, period = month, date = 2012-09-01, segment = 'visitCount%3C%3D5%3BvisitorType%21%3Dnon-existing-type%3BdaysSinceFirstVisit%3C%3D50', 1 visits found. Time elapsed: 1.752s
INFO [2020-06-04 14:00:26] 10320  Archived website id 1, period = month, date = 2012-09-01, segment = 'visitCount%3C%3D5%3BvisitorType%21%3Dre%252C%253Btest%2520is%2520encoded%3BdaysSinceFirstVisit%3C%3D50', 1 visits found. Time elapsed: 2.024s
INFO [2020-06-04 14:00:29] 10320  Archived website id 1, period = week, date = 2012-08-13, segment = 'browserCode%3D%3DIE', 1 visits found. Time elapsed: 1.443s
INFO [2020-06-04 14:00:29] 10320  Archived website id 1, period = week, date = 2012-08-13, segment = 'visitCount%3C%3D5%3BvisitorType%21%3Dnon-existing-type%3BdaysSinceFirstVisit%3C%3D50', 3 visits found. Time elapsed: 2.083s
INFO [2020-06-04 14:00:29] 10320  Archived website id 1, period = week, date = 2012-08-13, segment = 'visitCount%3C%3D5%3BvisitorType%21%3Dre%252C%253Btest%2520is%2520encoded%3BdaysSinceFirstVisit%3C%3D50', 3 visits found. Time elapsed: 2.355s
INFO [2020-06-04 14:00:30] 10320  Archived website id 1, period = day, date = 2012-08-11, segment = 'browserCode%3D%3DIE', 1 visits found. Time elapsed: 1.122s
INFO [2020-06-04 14:00:30] 10320  Archived website id 1, period = day, date = 2012-08-11, segment = 'visitCount%3C%3D5%3BvisitorType%21%3Dnon-existing-type%3BdaysSinceFirstVisit%3C%3D50', 11 visits found. Time elapsed: 1.444s
INFO [2020-06-04 14:00:30] 10320  Archived website id 1, period = day, date = 2012-08-11, segment = 'visitCount%3C%3D5%3BvisitorType%21%3Dre%252C%253Btest%2520is%2520encoded%3BdaysSinceFirstVisit%3C%3D50', 11 visits found. Time elapsed: 1.444s
INFO [2020-06-04 14:00:32] 10320  Archived website id 1, period = day, date = 2012-08-10, segment = 'browserCode%3D%3DIE', 3 visits found. Time elapsed: 1.124s
INFO [2020-06-04 14:00:32] 10320  Archived website id 1, period = day, date = 2012-08-10, segment = 'visitCount%3C%3D5%3BvisitorType%21%3Dnon-existing-type%3BdaysSinceFirstVisit%3C%3D50', 8 visits found. Time elapsed: 1.124s
INFO [2020-06-04 14:00:32] 10320  Archived website id 1, period = day, date = 2012-08-10, segment = 'visitCount%3C%3D5%3BvisitorType%21%3Dre%252C%253Btest%2520is%2520encoded%3BdaysSinceFirstVisit%3C%3D50', 8 visits found. Time elapsed: 1.397s
INFO [2020-06-04 14:00:33] 10320  Archived website id 1, period = day, date = 2012-08-09, segment = 'browserCode%3D%3DIE', 1 visits found. Time elapsed: 1.380s
INFO [2020-06-04 14:00:33] 10320  Archived website id 1, period = day, date = 2012-08-09, segment = 'visitCount%3C%3D5%3BvisitorType%21%3Dnon-existing-type%3BdaysSinceFirstVisit%3C%3D50', 11 visits found. Time elapsed: 1.380s
INFO [2020-06-04 14:00:33] 10320  Archived website id 1, period = day, date = 2012-08-09, segment = 'visitCount%3C%3D5%3BvisitorType%21%3Dre%252C%253Btest%2520is%2520encoded%3BdaysSinceFirstVisit%3C%3D50', 11 visits found. Time elapsed: 1.380s
INFO [2020-06-04 14:00:35] 10320  Archived website id 1, period = week, date = 2012-08-06, segment = 'browserCode%3D%3DIE', 5 visits found. Time elapsed: 1.113s
INFO [2020-06-04 14:00:35] 10320  Archived website id 1, period = week, date = 2012-08-06, segment = 'visitCount%3C%3D5%3BvisitorType%21%3Dnon-existing-type%3BdaysSinceFirstVisit%3C%3D50', 30 visits found. Time elapsed: 1.420s
INFO [2020-06-04 14:00:35] 10320  Archived website id 1, period = week, date = 2012-08-06, segment = 'visitCount%3C%3D5%3BvisitorType%21%3Dre%252C%253Btest%2520is%2520encoded%3BdaysSinceFirstVisit%3C%3D50', 30 visits found. Time elapsed: 1.691s
INFO [2020-06-04 14:00:37] 10320  Archived website id 1, period = month, date = 2012-08-01, segment = 'browserCode%3D%3DIE', 6 visits found. Time elapsed: 1.492s
INFO [2020-06-04 14:00:37] 10320  Archived website id 1, period = month, date = 2012-08-01, segment = 'visitCount%3C%3D5%3BvisitorType%21%3Dnon-existing-type%3BdaysSinceFirstVisit%3C%3D50', 33 visits found. Time elapsed: 1.765s
INFO [2020-06-04 14:00:37] 10320  Archived website id 1, period = month, date = 2012-08-01, segment = 'visitCount%3C%3D5%3BvisitorType%21%3Dre%252C%253Btest%2520is%2520encoded%3BdaysSinceFirstVisit%3C%3D50', 33 visits found. Time elapsed: 2.039s
INFO [2020-06-04 14:00:39] 10320  Archived website id 1, period = year, date = 2012-01-01, segment = 'browserCode%3D%3DIE', 6 visits found. Time elapsed: 1.130s
INFO [2020-06-04 14:00:39] 10320  Archived website id 1, period = year, date = 2012-01-01, segment = 'visitCount%3C%3D5%3BvisitorType%21%3Dnon-existing-type%3BdaysSinceFirstVisit%3C%3D50', 34 visits found. Time elapsed: 1.760s
INFO [2020-06-04 14:00:39] 10320  Archived website id 1, period = year, date = 2012-01-01, segment = 'visitCount%3C%3D5%3BvisitorType%21%3Dre%252C%253Btest%2520is%2520encoded%3BdaysSinceFirstVisit%3C%3D50', 34 visits found. Time elapsed: 1.760s
INFO [2020-06-04 14:00:39] 10320  Finished archiving for site 1, 38 API requests, Time elapsed: 26.617s [1 / 3 done]
INFO [2020-06-04 14:00:39] 10320  Start processing archives for site 2.
INFO [2020-06-04 14:00:39] 10320  Archived website id 2, period = day, date = 2012-08-15, segment = '', 1 visits found. Time elapsed: 0.556s
INFO [2020-06-04 14:00:40] 10320  Archived website id 2, period = week, date = 2012-08-13, segment = '', 1 visits found. Time elapsed: 0.557s
INFO [2020-06-04 14:00:40] 10320  Archived website id 2, period = month, date = 2012-08-01, segment = '', 1 visits found. Time elapsed: 0.555s
INFO [2020-06-04 14:00:41] 10320  Archived website id 2, period = year, date = 2012-01-01, segment = '', 1 visits found. Time elapsed: 0.556s
INFO [2020-06-04 14:00:41] 10320  Finished archiving for site 2, 4 API requests, Time elapsed: 2.378s [2 / 3 done]
INFO [2020-06-04 14:00:41] 10320  Start processing archives for site 3.
INFO [2020-06-04 14:00:43] 10320  Archived website id 3, period = day, date = 2014-03-13, segment = '', 11 visits found. Time elapsed: 1.091s
INFO [2020-06-04 14:00:43] 10320  Archived website id 3, period = day, date = 2014-03-12, segment = '', 1 visits found. Time elapsed: 1.091s
INFO [2020-06-04 14:00:43] 10320  Archived website id 3, period = day, date = 2012-08-15, segment = '', 3 visits found. Time elapsed: 1.364s
INFO [2020-06-04 14:00:44] 10320  Archived website id 3, period = week, date = 2014-03-10, segment = '', 12 visits found. Time elapsed: 0.936s
INFO [2020-06-04 14:00:44] 10320  Archived website id 3, period = week, date = 2012-08-13, segment = '', 3 visits found. Time elapsed: 0.936s
INFO [2020-06-04 14:00:45] 10320  Archived website id 3, period = month, date = 2014-03-01, segment = '', 12 visits found. Time elapsed: 0.924s
INFO [2020-06-04 14:00:45] 10320  Archived website id 3, period = month, date = 2012-08-01, segment = '', 3 visits found. Time elapsed: 0.924s
INFO [2020-06-04 14:00:45] 10320  Archived website id 3, period = year, date = 2014-01-01, segment = '', 12 visits found. Time elapsed: 0.918s
INFO [2020-06-04 14:00:45] 10320  Archived website id 3, period = year, date = 2012-01-01, segment = '', 3 visits found. Time elapsed: 0.918s
INFO [2020-06-04 14:00:45] 10320  Finished archiving for site 3, 9 API requests, Time elapsed: 4.325s [3 / 3 done]
INFO [2020-06-04 14:00:46] 10320  ---------------------------
INFO [2020-06-04 14:00:46] 10320  SCHEDULED TASKS
INFO [2020-06-04 14:00:46] 10320  Starting Scheduled tasks...
INFO [2020-06-04 14:00:46] 10320  done
INFO [2020-06-04 14:00:46] 10320  ---------------------------