<?xml version="1.0" encoding="utf-8" ?>
<result>
	<row>
		<login>login2</login>
		<password>$2y$10$/Lz0vEwEOnFNt17Gak7Js./9OJXOKN7lT5ObczOTBNtmU/ATvoGfe</password>
		<alias>login2</alias>
		<email>login2@example.com</email>
		<token_auth>ef3cb848005bffc2e2f3c8edbd95c58f</token_auth>
		<superuser_access>0</superuser_access>
		
	</row>
</result>