<?xml version="1.0" encoding="utf-8" ?>
<result>
	<row>
		<login>login6</login>
		<password>$2y$10$/Lz0vEwEOnFNt17Gak7Js./9OJXOKN7lT5ObczOTBNtmU/ATvoGfe</password>
		<alias>login6</alias>
		<email>login6@example.com</email>
		<token_auth>2cafd6512d8b2739a7b2b01ab6609272</token_auth>
		<superuser_access>0</superuser_access>
		
	</row>
</result>