
<html style="background-color:#edecec">

<head>
    <meta charset="utf-8">
    <meta name="robots" content="noindex,nofollow">
    <meta name="generator" content="Matomo Analytics">
</head>

<body style="color:&#x23;212121;font-family:-apple-system,&#x20;BlinkMacSystemFont,&#x20;&#x27;Segoe&#x20;UI&#x27;,&#x20;Roboto,&#x20;Oxygen-Sans,&#x20;Cantarell,&#x20;&#x27;Helvetica&#x20;Neue&#x27;,&#x20;sans-serif; line-height: 24px; margin:0 auto; max-width:1000px; background-color:rgb(255, 255, 255);box-shadow: 0px 0px 5px 1px rgba(0,0,0,0.75);">

<a name="reportTop"></a>

<table style="width:100%; background-color: &#x23;3450A3; color: &#x23;fff; padding:10px 0; margin: 0 0 25px 0; height:64px;">
    <tr>
        <td>
            <a style="color:&#x23;212121;font-family:-apple-system,&#x20;BlinkMacSystemFont,&#x20;&#x27;Segoe&#x20;UI&#x27;,&#x20;Roboto,&#x20;Oxygen-Sans,&#x20;Cantarell,&#x20;&#x27;Helvetica&#x20;Neue&#x27;,&#x20;sans-serif;; font-size:16px;padding:0 15px;color: &#x23;fff;height: 22px;display: inline-block;vertical-align: inherit;" rel="noreferrer noopener" target="_blank" href="http://example.com/piwik/tests/PHPUnit/proxy/" style="lineheight:17px">
                                    <img src="http://example.com/piwik/tests/PHPUnit/proxy//plugins/Morpheus/images/logo-email.png" height="20px" width="auto" alt="Matomo,&#x20;free&#x2F;libre&#x20;analytics&#x20;platform" />
                            </a>
        </td>
        <td align="right">
                        <a style="color:&#x23;212121;font-family:-apple-system,&#x20;BlinkMacSystemFont,&#x20;&#x27;Segoe&#x20;UI&#x27;,&#x20;Roboto,&#x20;Oxygen-Sans,&#x20;Cantarell,&#x20;&#x27;Helvetica&#x20;Neue&#x27;,&#x20;sans-serif;; font-size:16px; padding:0 15px; color: &#x23;fff" title="View Web Analytics reports for Site 1." target="_blank" href="http://example.com/piwik/tests/PHPUnit/proxy/index.php?module=CoreHome&action=index&idSite=1&period=day&date=today-date-removed-in-tests">
                Dashboard
            </a>
                    </td>
    </tr>
</table>

<div style="margin:0 20px;">

    <h2 style='color:#212121;font-family:-apple-system, BlinkMacSystemFont, &#039;Segoe UI&#039;, Roboto, Oxygen-Sans, Cantarell, &#039;Helvetica Neue&#039;, sans-serif; color:#37474f; line-height:30px; margin:25px 0 15px 0;'>
        Hello,
    </h2>

    <p style='font-size:15px;line-height:24px;margin:0 0 16px;color:#212121;font-family:-apple-system, BlinkMacSystemFont, &#039;Segoe UI&#039;, Roboto, Oxygen-Sans, Cantarell, &#039;Helvetica Neue&#039;, sans-serif;'>
                Please find below your day report for Site 1.
                <br />Mail Test report (previous default)
        <br />Date range: January 2010
        <br />Sent from http://example.com/piwik/tests/PHPUnit/proxy/.
    </p>

    
    
<h2 id="Actions_getPageTitles" style=" color:#0d0d0d;font-family:-apple-system, BlinkMacSystemFont, &#039;Segoe UI&#039;, Roboto, Oxygen-Sans, Cantarell, &#039;Helvetica Neue&#039;, sans-serif; font-size: 24pt; font-weight:normal; margin:45px 0 30px 0;">
    Page titles
</h2>

            <img alt=""
                                    src="data:image/png;base64,iVBORw0KGgoAAAANSUhEUgAAArwAAADICAIAAACF9KXqAAAgAElEQVR4nO3dfXAcZ30H8Oekk06yfJLPlqw3S7EkO/JL4jhYcW3SYEOSlqQmL6VGAlpMQseUd5i2tFOm7UHLTEtpQ6cNLS4vdYY2uKWEpBlPmEAnnpRJSuzgQEKiEMkgR2/xRZezdNa96vrH2uv1vjz77LPP7j639/2Mx7O32n2e3/Ps27PPvkUqlQq5ZGhoSB2emJggAAAAAJdE1aGhoSFtQ0H3EwAAAGpcXdABAAAAQHVAowEAAACYRGzvaZientbOMD8/39XVRUkxl8vV1dU1NjYKjTMY5XI5l8u1tLQEHYgY2Wy2qampvr4+6EAEKBQKKysrTU1NQQcixuLiYjweDzoKMbAHkBb2ANKSZA8we8ejhJCWv9veumnAaprLPQ3KTQwqbQPCkUKhUCqV+OaVTblcLhQKQUchTKFQKJfLQUchRqlUCtOiyefzQYcgDPYA0sIeQFoy7AFKl2IoU7ffKOVvit7eXspPo0qlEovF2tvbbVOWXzabXVlZ6enpCToQMXK5XEdHRzhOm1KpVD6fD82iWVxcDE1ZsAeQFvYA0pJhDzB3+qfKwPa37aNMhnsaAAAAal36xVdYJrvc06C7JOHp85bP//ycd4kLtJzLpdNLF8rVEa2tmdml17MNzU0Xgg5EgMz5TKFQTF8Iw4VzQsjUdLZY59Nqds3mDn8yAoAqcuFvzxFCyI4Z+mRXXJ7AixkAAABqVyJG/zsuTwAAAAAhhNS3t9InkLHRcOfb90iSiIQ5+l8u4UJQBPmhkgGAQ2xDJ30C+6cnvKbduz382NMBRuLGnW/fYwxet+OWp3Sm0fqctVUM9Ng8jTyo5XXn2/f8w7/8p9g0H37s6QCXMgBUqbYtNm9bCLjRoNuvSbib+9A9d7sJSc7SBd5i4OZ15IEsr4cfe3rq7FkvkpVnlQMAmZ2fnVMG1m69mj5lkJcnjHu0cO/glJ140FEAKywvAKgRrz//kjLQtNrmNR6B9TTYngNZXbZQx+tmtxpvzMs4pTEYZczYXfvpKTOWxXZ6ZYz6vy42Y+62lWOaAiHkW999wjQ7elJERHvOUS1ZxaZN5Hd/+4AuQquKVYe1SXHErwvGOJ5QFxxluauXJ+hzmQ5TLvChswEAWCy9MsU4ZfD3NJiyumxhuwOlzGs7pdG3vvvE2F37/dznskTLUjnkypaBMmZmdlZXHPakhJaSCX05vu9dv/7Vbz7acem1g7YROlru7MFYVRRfdhxzyX+BDwDkV/hajhBSuWHedkoZn54gFueCuh2ieiZqHG81i1UK/mDZodOjNU5jNa8VpaeBPoskBx767ZAP/Mf32JPiW+7auRxVlFV2unydrpzG3hcjGRYcAFSpurWrbKcR0NPwm596iH3i79x3t5u8HB3j/Tn42d7trw77E4xujPF6R21iXHMoy8vpusc+MX0u+mUXLF8AECXalbCfxoc4tJLJZDKZ5J7d0Z5Rhgu6wV7a0Mag/NT1NNQOxgXBeNuKbZuA0htkvGzkNEjTudB0AACXWgY32E4joNHwnfvuTiaTAwMXP7+dTqej0ajVp8HPnLk44M8RXYZ2gz9si/nwY08b72kAFjKsQsauBR3TeywAANi179hmO42YexqSyeShSw4ePDg2NnbIgrabwfSqLSUXq+mNl4qt5qJfVGYMQzel+320VXb0cjGmydFPTs/X0U/2XNTZWerz4ceeft+7ft02U6vl7ihO9mQZs6N0M1jNRemTCOQeVQAIk3M/e1kZaOvzpafBDd2OkuU+QdPpdS0D07mMJ2qms+t+/tM3HqKkzIeSHWVK244E0zR14xkvT1BaWtyMB0tjyuw1/MB/fE9tN1gVllIKjutctsm6z45jLvos6HgAAFsLz7/IPnGkUqmIzX56ejoWi7VfehbOVFV9Gjvd091tNUF17ZRnZmcTiURzU5PTGUUVU2B1KZ/G1j5yKcOC4A5j6uzZ/r4+f+Lx+tPYLHuAapHNZufn5wcHB4MORIzJycnOzs6WFpu391SFVCqVz+d7e3uDDkSM8fHx4eHhoHI/NXKEEFK5dmbkG0nbiSV95LIqSHKg8gLLRRwOojot5OFRRQkhWzwAILPIGpuPYiskfblTVQjxHpn9sghfyqGpOu8qyqUwVTIA+KCu3fzxBZ1gGg1ed5CKks1m5+eLg4PVEa2tVfWLnZ1rGTsnJyYmPApDSMqpVCSfz/f2dghMk4+QrBtWFoaFbhQBVggAVKNY33qWyXB5AgAAoNbFN13FMlkwPQ2lV08Ekq9TleVcQzpdahT/2eJANKRmK+VEqdnxjZASimQy9YViqRKGu+0IIY2vny29Ohd0FGLUn0tFGhtKubagAxEhMRJ0BADeWn7jvDLQvm0ry/ToaQAAAKhRr/34J8pA85pWlunRaAAAAKhRSxOsH8VW1HSjYXjfvUGHoOdbSN5l5EMRJFxwHqmdkgYIlQy1LPfPS4SQyi7Wy6M13WhwhLJnEbXTGd537/iJrwtJKsTkryVRq4paUqu56Kl5eiwc3nev9p93GRnzFZ7m+Imvo90ANS6SaGacEo0GVpQDlfonga0HIenIKdylI4JWFfdtI6+bVuMnvq7+822ZelQotBugxkU77T+KrUCjAQDcwkEXoKo1D/YwThnkGyG1exntCYQ6XndWYTreOFI5RbNNnBKVMV8lQWNfsTpGzVEXDz08XWDaWUzj18amGzaW1Gj/uz9jVWTTEplWi1XFsqdsDJijlqzSNwbAsjKw1LAxfbGrCj1lCqsymq4h6gSURUyPjcXuOz6lC8YqDKvsbOvWdi7TYcoKY1onADWifTvT85YkwEaDce9vuqez3QWw7OJNpydc/eRWKROznY6jI5DKas/IEhIl5eF99z7x4OcTiURTc5M2WUrM9Lz4JhZVS4SQG3/r0yzBOF3TRHG0qniXl+lP9tQ44rzxtz79o0fua2tr06VgFQZfdhxzOVp7AWpBeuIXykC81/K7jDqyXJ4w3a1oz8l04ykTE+pJJ0sk2r3q/nd/hn6At/qT0/BsGU8o6blQJtMyHa9Lx2p2ekE49uOOaumH3/6CbfpW6djWm2ltG1NmqSVKGKKwr4e2GNcoylymy4WxSTeu6V6i1K2oxUcvFEDopX76kjLQwPzSPwE9DYt/f0VmyushFi0mjn8ipwyMm3U+E66zfz9Zhe0S/aBO70kWkjvjlE6Lz3i8YczdtB4Y52XMV2Bte7Sq+ICxVild/drLE6KyY5mLvviqd4kAeOT8X04RQirbXmWfxe/LE8lkMplMKsNqhwHRbMYybM/qrue6t3/4iQc/b/wrMYRdvaw6jdVKsOrmIXbFZ+wV565D4+UJR7MLWXZWtaTNoupWFcZQrSYzXp7gS4elbp2q0iUC4KlIawP7xAIaDfFP5JLJ5MDAgPIznU5Ho9F43OIjm+kzuhGm1xrk53PYxrMlsck6ZVt8r2tm9x2fYrw8wUFsbVfpGs5neN+93i0X9hjoi6+mlgiArUgH00exFWLuaUgmk4cuOXjw4NjY2CELajcDpXdRO8bqAqfpSNtL7MZE6BM/99iXdeM5evJtw2OJ3GoM+80HLGXXjTee5HEfQSndDKZL3DQF+pV7R/FQ8nV6Umt1KiywbWd68OO7R8d20bMvERZWyTJmR+lm4Fh8kl/6BAhKY28H+8SBPT2h2+ytjoKm4+kjGTPlO4m0Cs80fafhWaUjZGLTshuLw9KW0v5kn9K05scNrwZirKgfPXKf7rk+l+0G4SedjlYV03l1V4WMTTqOSFgWvZuaYV/uLrPjmIs+CzoeoGbFNw+wTxypVCpis5+eno7FYu3ttG8WV8unsXPLuXQ63d3D+iwKH9/2VrMzs+ojl4zk2ZPqIslkMsVCsb0jJJ/GPjt1tq+/TzvGu5r3epmmzqUaGhvUexqCCsMp03jyiZH5+fnBwcFAQhJucnKys7OzpaUl6EAESKVS+Xy+t7c36EDEGB8fHx4e9jnTUrH03N6vE0K2fX+M8ROXRJ5HLmuWbLtOLXlikycS34i9eUUGji4m+ky2eAB8MHfyx8oAe4uBBPtGSCC4hZtNbdaS1RX9KsV9tc5rYapkAHaZFyc45gqm0RDdsC+QfJ2KZLPF+vnohpB0ThYLk5HOzihz5+TEBM8q5Y9KU6qcz0fD0jlZyI5HN5h0TnqxCLxerOXIdDQWi5pdoJRzjaJElc9m/YwEwE+5L58nhJAd047mwuUJAACAWrXGwV1uJKiehsWTM4Hk69RyLldMLywuOKtTaRVnF7IzZKUpDMXJZTKFYnFxNhJ0IGKUzr6xuFgdG4WtfOr1SkPDYlsh6EAEkG0PEB9h/RQhAKP6rjWOpkdPAwAAQI1aNeDsIi8aDQAAADWqbcsmR9PXdKNh5+hNQYeg51tI3mXkQxEkWXCShOGnGiyy/1DJ4IPzs3PKwNpNzu70r+lGgyOULVnURr5z9KbTx54UklSIoZZYeHHgUWveKnF6pp4eC3eO3qT9511GxnyFp3n62JNoN4DXXnvmtDLA/lFsBRoNrCgHKvVPAlsPQtKRU7hLJwnh7Sr3bTWvm3qnjz2p/vNtHfOoUGg3gNcyn5sihJAhBx/FVqDRAABhg4MuAIvKmnqnswT5RkjtVq1tsKvjda140/HGkcopkW3ilKiM+SoJGvtm1TFqjrp46OHpAtPOYhq/NjbdsLGkRrd/ctSqyKYlMq0Wq4plT9kYMEctEUJu/cjdppHIsP7YxqD70x1/8B7tZOxL1nZ1NU2EsiKZZuSom+HWj9x94sij9JVKV426gE0D0xXBEcalaczuqaOPG4PRjnFZz5StybROAMSKrHP8IZLAGg267UG7FTna5Fj2fabTE65+cquUidlG7nTXbJqOo1YOJeWdozcd/9KxRGJtc1OTNllKzPS8+CYWVUv7Dh94/P6HOi69dlCq9Ycj2Ue++O/9fX26ZNlrg0JIIk7tO3yAsp443QxdFsHp0tRld/xLx5zmwhiko60JwAsNGxx/80+WyxOmm7H29F03njIxsTgdYdwmdWeZt39ylH6At/qT0/BsGc+A6blQJtMyHa9Lx2p2ekE49pvctSTP+qObnTtZxiVLX1K2iZiuVO6dOPKo1Z+cHhoZ64Eyl5tqf+ro40r/nA/1jBYD+G/1UL/TWQT0NJwaOWIc+UuLiXedPKwMnDbrfCZcZ/9+sgrbJfpB3fhXsScl7HXutPiM+3fG3LWlPnHk0X2HDxgjkXz9cRSekLJQmhqerlQCMdaDdjI3awVftXPUs0c7EwBbpWJJGei47lqn8/p9eSKZTCaTSWVYPeEjms1Ghu1H3dT3HrrV2DlpGnb1suqkVSvB6jSd2BWfsReauw6VyxMSrj9WnHbLs3dsmC4pR4nIjKODR8tNtS/ncun0gjpeeD2HbGcC1eK1nzyvDDSvSzidV0CjYdfJw8lkcmBgQPmZTqej0Wg8Hjef+ox+hGlfsfx8Dtt4diI2Wadsi+9bzVTL+iNhhB6tVFKRodpt67la1mEIjTd+9nNlINrguA0g5p6GZDJ56JKDBw+OjY0dsqB2M7BcoCWaNrjugqLpSNtL7MZE6BOr904zzkXPjvv4SjmtYb/5gKXsuvHGkyruQwulm8F0iZumoI1EuTbBmJr/649tsroeHdvx9Bwpp79Wibg5VzY9+DEe85yuio7qwRZHtWufORJbz2FtqIH8lv8+TQghw2c55g3s6QndZmZ1FDQdTx/JmCnf2ZVVeKbpOw3PKh0hE5uW3VgclraU9if7lKY1f9rwKh7GilLvadDNJcP6w7hiW1WIVRbcfUKiEtHOayw+X5uDZVV0UwT31c749ARHkPRZ0PEAXqusjXHMFalUKmLjmJ6ejsVi7e20Bzmq6NPY6fRCT7e3n6P1be8wMzujPnLJSJ49ly6STCZTKBY7qKtZIPhqbOrsWe0jl5LUuRZ7VOdSqcaGhra2NuEpe8o0DH/2AOzxuPw09uTkZGdnZ0uL40fzJZRKpfL5fG+vsy80Smt8fHx4eNi37JTHFyJ35t70px93Oq8sj1zWLEn2mKbkiU2eSLzg6CpJUPh65mQmc7XLFg+EUtPGbo65gnwjJBDcMs0m3LXEfRnLZ1ZX9KuUtNUepkoGCanPW67Ztplj9mAaDS472XxTl80uzZP4YHVEa6thMtfipHNyYmLC03jcyKcaI/l8vFe6RcNXacePH/ezc5IbS+nOT1disVic+cpRgKuZbdaB7AFk3u4gBJZfTysD63dcwzE7Lk8AAADUinPP/VQZ4HjekgTV0zBzcjGQfJ3K5ZYX0sWmheqI1tbCbJHMZJuaVoIORIBMJlcsFiKzvi6anhGLt48AAFSJ9GdeIYSQXscfxVagpwEAAKC2VFo5Z0SjAQAAoLZE2pv5Zgy40XDT6E7lX7BhVAtUlA9QyQAQetH+Dr4Zg2w03DS688ljp5V/IdtTe1EcpbooidMz9bSG1cafz01AL/IK39oIAKDTMrSBb0ZZLk8oh0NG8u/THRWHhdpi4CY8JGP6/jcBPSoU2g0AEErF5ZwysP4Gzl2cLI0GCBMcdAEAJLTwyqQy0NrdxZdCYG+EVA4qyv/KMUb7P7l0Eqk99mjHqON155raFEz/qkvNOF77p1sP7TVNR5edaQDqeGMwur+aDtNzodDVANHU27EvHdeFpE5gVRCrIjjitNrpNaY4cHjfQ/c/7rKerQIjFnUCAFDVMi+94jKFwBoNVjtlykFUvQeCvjdnPCRrjxymR7KbRnc+fvSphXS6p7uH+/jB0iYQzqqkVj/ZU+MoAke1c2THMRe9WgAAwmfxr+cIIWSI8yUNRMLLE5QdN+M+XTsZpddBwXhyb9XfrhtPPw4ZEzH2CghBqahbD+11evsISz1Q5hJS7cZ6fvTICfYgWeoZLQYAqBUJ/v4CAT0NR0ZOmY3+penEh0/uYk9Zd6nCPUeHZyHHckpTg3I5QCqM9UDp6veh2jnqWfjaBQBQFSKdvK928v/yRDKZTCaT7NNrrz273Lk77ZZ/8tjpXG5ZuTxBn8x4H4P2r9wBS4Kjg0eLo9qtxmvrOZPJcARpmheaDgBQU2JXcd4FSYQ0Gg6f3JVMJgcGBpSf6XQ6Go3G4xZv6T/Dk4XpVXBHJDyPN57yho8M1W5bz+7XLgCAKtK2dYh7XjE9DdrOg+np6Vgs1s78YVwK9/txyrVzZYDypINyIyRLMJRuBqu7HIwHMPaSurm68fjRp0zLq2NVP+wZOUqWMTux9YxWAgDUlOU3zisDXSPXcycS2NMTLHR7fN3BQzdSZTuLMQXbYdOM3BSBIxH6vX5O2xy6Ycb6cVoE36qdYy76LGhSAEDIvPbc88oA30exFZFKpSIonotYehq8+zS22M4Jlnsa/CHkGDYzO7M2kWhquuI7JZIcHZ2GkclkisVCezvn69P54vHu09jj4+PDw8MeJe4zgX2Ngctms/Pz84ODg0EHIsbk5GRnZ2dLS0vQgQiQSqXy+Xxvb2/QgYjhzx7g1MgRQkik79U3PfQ57kSke+TSf5RnJuURvvseZK522eIBABCl0hpxM7vUlyf8Qb/YIQ+rK/pVStpqD1MlAwDotTe5mdu80TA0NDQxMeEmXTrvunn5wraaK5utI/NLPYNeReuUy4WSm2zo7GzRdU56uqDp3GTdmMrn85GeXvGLJsAKAQDwWn33Ojezm1yeGBrifxgDAAAApNWyqd/N7PqeBqWPwet2wy/mTnqavijLy7n0G+m6uYWgAxFj7o3ZfGSmudlV35QkMplMoVAs1s8GHYgY85mzsTlP7g7e2DXiRbIAUF3Uj2K3X7vFTTpX9DR4fVUCAAAA/Lc4ffEUKzG00U06l3sarFoMuvf1Li0ttbbSXltdKBQqlcriIu206cKFCw7jDEahUCiXy9USra1yuZzP5yqVlaADEaBQKJRKpTAtGo/KQt8SvcCyB6gWuVyuVCqFoyyEEGWTWVkJwx4gl8sVi8UwLRqvyzLz7HPKgMuMrrg8ob0qobYhZmZmtNOcOXOGfvEin8/X1dVls1nKNKnM6zzB+q5cLpfL5VSqOqK9591/8I0Hv0iZoFAovH/s95Vh+pQCM7WdgE+5XFpZqRSLJeEpB6JUKrpZzSiVXF+cMR3vHZY9QLUolUqlUkm3D6xeyoE2Gg3DQ3PFYnFlZaVQKAQdiBiFQsHr1Sz/hdcIIStDUy4zurz2aLsZtL0OW7du1c6g+2nE8mqX2NzizTeOasf84IfHGCPmc/ONo6ZZWI1XLC/n0ul0T0+3l6GJ1N/fR/nrzTeOPvr9o8o9DfSCi8pUzYWv/il/Ve5p6Ojgf4OQz2ugNl9jXlNTZ+nLju4HPzxmVVcbu/x+ZxRe7iQtvNxJWj683OkUOUEIqVsXc5lRkE1O7T5O4DHMig9ZCOddzD5UhfvgvQ7S5zXQmKnYZKtxDQcAP0U63D6mLssbIZVdXrVnAdULqwcAhF6sb73LFMx7GgJ/hkK7+9adDmonU/+kjqefadHPxkwz/Z2Dn9QeTtTOdkpslPR1Ryb67MoYerJWxzmr1A7ccoho6sFpSPRMddOwn/VahaFNRJfpd44fGbvrI8bAnK4SlJB0wZiGQcnOWAPaOtfNpd6RoPurcdgqMILOBgCws3rI1UsaiJyvkdbt+Kyui6t7T6v9rJBMjcPE7MDAGANL0dRh22OAowpRUlPvaeALiZKpS5T658jU5SrhzxrIMRe9WgAATKkfxV5//Q6XSclyeUK7+3N0x5xuvG0ns9UElJ2v8XyOOwYhRTCdizs1R4kEco+F00zd16eQNVCXL/14/40Hv6gL0tj7YoQWAwCwSP3sRWWgeQ3tjQksBPQ0fPaog1fO/fmhy++CpHS0Ojp/dXqya3UG7+akWarL4UKCkapETjEGH9QaSJnLdOXUdRcZowUAoHjt48+JSsrvyxPJZDKZTCrD7H349DQ5dqDGXbPLXnepduJCgpGqRE4xBu/1Gqi7d4QyF/sjl9o7G6p6GQGA33YIeBWEgEbDnx86mUwmBwYGlJ/pdDoajcbj5s91nCFn6KkFcpkW14ZBJcPKYOxa0DG9xwIAgCYh4MNDYu5pSCaThy45ePDg2NjYIQtqNwMj7U3puivEpuMJcycB5YIx3/UO7hToF7/Z5xISDD0Rq0w5EiSuS2pMzSovIRee+Cqc0s1gNRelT6KqrxkBQLDqu9a4T0S6pyd0O1PtT5Zh4qTP1uqeNcZb5+hhc89udRMf/cAjpEKsEtcmQsnIODv9hkSOJaUd/tZ372dZVRxlZDqvR2sgx1z0WdDxAAAUzVcJeLtxpFKpuE9Fi+UlskI+je3DLrLqXiNNNzMzm0gkfPs0tncL6OYbR79z/IjL10gLCUNUAV2+RpoSj/+fxsZrpKWF10hLy+vXSJ8aOUII6X9gf8e2q10mJcsjlyw4+vAhQBwdNpKTeQ2ULR4AkETm7KvKgPsWA5Hw8gQFva8eJGR1Rb9KSbsGhqmSAUCsV+4+LjC1YBoN3F2mPr/fOpvNxirzG7tC0jm5cmGyc73fnZNeLLKJiYmLnZNdfndOerQG5jNxN5+jDPy97wAguy2vCkmmmi5PAAAAAI/WBiHJoNEAAAAQcpGO1ULSQaMBAAAg5Bq61glJB40GAACAkFu9ye1HsRVoNAAAAIRTbimrDKy7ZouQBNFoAAAACKeFF19WBlq7u4QkiEYDAABAOM1+6BmxCaLRAAAAEGrXCfgotgKNBgAAgFAT8VFsBRoNAAAAYVbfmRCVFBoNAAAAYRbbsF5UUmg0AAAAhFli6yZRSaHRAAAAEELnZ+eUgXXDm0WliUYDAABACP38HY8oAw3NuBESAAAAbAn6KLYCjQYAAIDQqgj6KLYCjQYAAIDQiqxdJTA1NBoAAABCq6F7rcDU0GgAAAAIrdWbNgpMDY0GAACAsCku55SBdduEPW9J0GgAAAAIn4VXJpWBtr4NApNFowEAACBsXr3nf71IFo0GAACAcKqI+yi2Ao0GAACAcIqsEfYuSAUaDQAAAOFUv2612ATRaAAAAAinWH+X2ATRaAAAAAin+Oar2Cc+MnIqv1iiT4NGAwAAQKgsvXZOGVg3PMw4y5GRU4SQo299rrhcpkyGRgMAAECojN/+kDLQvKbV0YybD6yNxmgNAzQaAAAAwmiY9aPYSjcDIeT6e7ojdRHKlGg0AAAAhFFr1NHkO+/tWnOVzSOaaDQAAACE0doWlqnUboatd7XbToxGAwAAQAg1dK2xnaZcXFEGbvhIT7wnZjs9Gg0AAAAh1LLR/lNVX9v7Y2VgC0M3A0GjAQAAIJQSW6+mT6B2M/zKx3ubEw0saaLRAAAAEB6pl19RBlqv6qNPqXYzXPc+1hdHotEAAAAQHr98z/8oA9EGpqcn9icdvDUSjQYAAIDQuWaa/nf1oYnNt69jTxWNBgAAgNBZ08gy1a1/M0h/m5MOGg0AAABhU7cuTvmr2s3Q9+Y2Z8nyRwQAAABSauztsPpTLnPxU5a3/eMm+pcmjNBoAAAACJvWzQNWf3rg5ueUgZ5dtN4IU2g0AAAAhERuKasMtF+7zXQC9cLEHV8brm9w3AZAowEAACAkXtj/b8oA/aPYm25b23Xdao700WgAAAAIl03mH8VWuxl2/HYnX8JoNAAAAIRKJV5P+ev20Y724VV8KaPRAAAAECqRRLNxpNrNsO2dlg9W2EKjAQAAIFSMH8VeKVWUgZ33dCYGTZoUjNBoAAAACJWmgV7dmK/ueVYZ2P6u9aazZJZmP3t05Nmff5eeMhoNAAAAobJu27Dp+J3v72zpMHm99Pns/Jf+6x2D3bt/cOp+espoNAAAAITBG2emlIHW/g3a8erdDDd8WN8DQQjJLM3e9+3fGN7wlvJK8RPvfJieBdN3MwEAAEByEwcfUwYampuMf937+xuM36aaWxj/yn+/d6hnb6yh5cCb/6SxweapCjQaAAAAQmTLFdMTzWYAAAZ3SURBVC9pULsZttzVrptwfuHlr/z3e4e698QaVt+259NNjfZvlUajAQAAIDwqrQ3GkW/5s6samq94ecMv55791+8dHujeHW/pOLDnT+rrTeYyQqMBAAAgPCLtl98PrXYzDL4toY6sVFY+98BuQsim3jcnVve+7U0fZmwxEDQaAAAAwiS24eK7m9QWw81/NdC4+nI3g9Ji6F+/szOx+ZZdH3OUOBoNAAAA4dGyaaP254Y98f4b29Sfnz06QggZ6BrZ0LHjLdd9wGniaDQAAACER9ebdhDtS6MPrlfvZlBaDL3rrtnS/9bdW0c5Esd7GgAAAKreqZEjyoD2o9j9v9q6cd/FV0orLYZ1rRu3bbyZr8VA0NMAAAAQHv1niaab4bpDXYSQcrn4l9/cSwjZ1LN356Z3bB/4Ne7k0WgAAAAIi9WXX9909YF13dfHCSFKi6GpsfX6zXdt23izm+TRaAAAAAiLtU1qN8P20Y58YemvHtxPCNnce+PuraNDPXtcJo9GAwAAQEhEui6+j2H7uzratzQrT1d2tA3u3f7ege7d7tNHowEAACAkTn77Ysvg6tFVSothQ8e1t+3+w572bULSR6MBAACgupWKJe3P2Y998MtPEELIUO+b37bz90S1GIiu0TA0NKQOT0xMiMoDAAAAvLN0LkUIOUV2EUJmP/ZBZeSa1b0H9vzxmtU9AjO63GgYGhrSNhR0PwEAAEBOE3c8ogyoLYZtV91yy66Pim0xEFyeAAAACIFTZJfaYujruO7WkY8LbzEQNBoAAABCQG0xbOnb/859n4/Wx7zIRXyj4avfv1N4mgF7MugAoBY8HXQAYAV7APCByz3ApW9Vbu7cd/ueP/KoxUBYGg3PPPOM9udLL720bZuw+zABAABAiMTc1uFr3vPyi1OETHmUhX2j4YYbbqD8NPq/Y7vLdaVVldVuwppbP956rrep0uIqkb6frH/VVfsmG83k2tId5za5SSTTMleuL7Uv9rlJ5FziTGM23lZod5OIqFptn9oSifB/6uxCA2rVkAhq9UqoVR3Uqk6YarVULp3b+ML6s66OVuVIqdJUGv3AX3T0dbtJx5b4yxO3fegPV61a1dnZKTxl/y0uLk5NTW3fvj3oQMR44YUX+vv74/F40IEIMD8/f+HChYGBgaADEeOZZ5654aM2zfFqcebMGewB5IQ9gLSqaA9wudEwMTGB9zQAAACAlSt6GtBQAAAAACv816UAAACgpkQqlUrQMQAAAEAVsHyNNDfTGyMYR2rH6CZ2lLuo92EHWxZHccp/acl00RDeanGzaKxG8oUR+FZjNdJp7jJsNVYjvYCtRshIvjCw1ZimxhJhsFsNIYRUKpVKpTI4OKj+74YuBdNkKSPpqTEGwJIyY1LGn36WpXKpOCrGUG2TEjWSoyz0MexJGX+KXV7sYQS+1bgvjjxbjZAwsNVYJWX8ia3GNDXGAMK01bCzfOTS6vtVuhNoXaNGYBuHu9WmPAZinNe0M0DbUpOwLKLCMF2aLkdyhKFNSk1ZTVOdhvi4aMQKfKvhJuFW4wa2GmkXjRG2GhnKws7ZexqMS1d0PF4J0zc8rXqidHsQLfkLS9miqh22Ghlgq6ku2GqkFSWaUlm1m/i4vMDjJgzGgqiT2U4cYFnoqelOQbzIMRCeLpoJEa8kkWerEVIcIsdWI6os9Eiw1QRVWHm2GlFk2Gp85slXLt3cqiOKqJUy8LIw7kPZIwx2V64mpUuE40yCe9HIeSogQ3EC32pElUWGrUYgGbYa3U5AEjIUJ/CtxudFc7HRIDBL99UnyU6cyFEW+gUzp8GYJsgyo6dHWd0JH0dIgZBqq5GHDGWRYavxelfu/1Yj5HqBPFuNVJc/qqgsUWOspmOMc1qNDHx/oWLZaCmNRKnKouWyOz1wjGHIvGiw1Ui7aKwEstUI3JVLtdXwJSXtViPk1E6SrcaHDdDy8oS2FrSdY8aROrqRExMTpp3bVj3eHpWZr4NdzrLoImTJQtpduYLjnMzNohF4tUUnkK3Gn+KwpyxnWXQR+rzVeLEB+rzVaGcXW5YAjzW6MUIEdaxxlJ0brt4IKfmhKARMa9i40hhXOMosVjMa1z/bkV4L5QoWykJJRcKtxs8lHsoVLJSFqlKOGw2BHDygBoVpN4GtBvyBrQa8hm9PAAAAABN85RIAAACYoNEAAAAATNBoAAAAACZoNAAAAACT/wcdn4UVdVv1twAAAABJRU5ErkJggg=="
                                height="200"
                width="700"
                margin="0 auto"/>
    
    
        <p style="width: 100%; text-align:center;">
      <a style="color:#0d0d0d;font-family:-apple-system, BlinkMacSystemFont, &#039;Segoe UI&#039;, Roboto, Oxygen-Sans, Cantarell, &#039;Helvetica Neue&#039;, sans-serif;; text-decoration:none; font-size: 9pt;" href="#reportTop">
          Back to top &#8593;
    </a></p>

    <hr style=" border: 0; margin-top: 50px;  height: 1px; background-image: linear-gradient(to right, rgba(231, 231, 231, 0), rgba(231, 231, 231, 1), rgba(2311, 2311, 231, 0));">

    <p style='font-size:15px;line-height:24px;margin:0 0 16px;color:&#x23;212121;font-family:-apple-system,&#x20;BlinkMacSystemFont,&#x20;&#x27;Segoe&#x20;UI&#x27;,&#x20;Roboto,&#x20;Oxygen-Sans,&#x20;Cantarell,&#x20;&#x27;Helvetica&#x20;Neue&#x27;,&#x20;sans-serif;text-align:center;font-size:13px; color:#666;padding-top:30px;margin-bottom:0;'>
        Powered by
        <a style="color:#439fe0;" href="https://matomo.org/" title="Matomo Analytics">Matomo Analytics</a>
        <br />
        The leading open analytics platform that respects your privacy.
    </p>

        <p style='font-size:15px;line-height:24px;margin:0 0 16px;color:&#x23;212121;font-family:-apple-system,&#x20;BlinkMacSystemFont,&#x20;&#x27;Segoe&#x20;UI&#x27;,&#x20;Roboto,&#x20;Oxygen-Sans,&#x20;Cantarell,&#x20;&#x27;Helvetica&#x20;Neue&#x27;,&#x20;sans-serif;text-align:center;font-size:13px; color:#666;'>To unsubscribe from this report please follow this link: <a style="color:#439fe0;" href="__unsubscribeLink__">Unsubscribe</a>.</p>

</div>
</body>
</html>
