<?xml version="1.0" encoding="utf-8" ?>
<result>
	<error message="The metric nb_users is not enabled for the requested period. Please see this FAQ: http://piwik.org/faq/how-to/faq_113/" />
</result>