
<html style="background-color:#edecec">

<head>
    <meta charset="utf-8">
    <meta name="robots" content="noindex,nofollow">
    <meta name="generator" content="Matomo Analytics">
</head>

<body style="color:&#x23;212121;font-family:-apple-system,&#x20;BlinkMacSystemFont,&#x20;&#x27;Segoe&#x20;UI&#x27;,&#x20;Roboto,&#x20;Oxygen-Sans,&#x20;Cantarell,&#x20;&#x27;Helvetica&#x20;Neue&#x27;,&#x20;sans-serif; line-height: 24px; margin:0 auto; max-width:1000px; background-color:rgb(255, 255, 255);box-shadow: 0px 0px 5px 1px rgba(0,0,0,0.75);">

<a name="reportTop"></a>

<table style="width:100%; background-color: &#x23;3450A3; color: &#x23;fff; padding:10px 0; margin: 0 0 25px 0; height:64px;">
    <tr>
        <td>
            <a style="color:&#x23;212121;font-family:-apple-system,&#x20;BlinkMacSystemFont,&#x20;&#x27;Segoe&#x20;UI&#x27;,&#x20;Roboto,&#x20;Oxygen-Sans,&#x20;Cantarell,&#x20;&#x27;Helvetica&#x20;Neue&#x27;,&#x20;sans-serif;; font-size:16px;padding:0 15px;color: &#x23;fff;height: 22px;display: inline-block;vertical-align: inherit;" rel="noreferrer noopener" target="_blank" href="http://example.com/piwik/tests/PHPUnit/proxy/" style="lineheight:17px">
                                    <img src="http://example.com/piwik/tests/PHPUnit/proxy//plugins/Morpheus/images/logo-email.png" height="20px" width="auto" alt="Matomo,&#x20;free&#x2F;libre&#x20;analytics&#x20;platform" />
                            </a>
        </td>
        <td align="right">
                        <a style="color:&#x23;212121;font-family:-apple-system,&#x20;BlinkMacSystemFont,&#x20;&#x27;Segoe&#x20;UI&#x27;,&#x20;Roboto,&#x20;Oxygen-Sans,&#x20;Cantarell,&#x20;&#x27;Helvetica&#x20;Neue&#x27;,&#x20;sans-serif;; font-size:16px; padding:0 15px; color: &#x23;fff" title="View Web Analytics reports for Site 1." target="_blank" href="http://example.com/piwik/tests/PHPUnit/proxy/index.php?module=CoreHome&action=index&idSite=1&period=week&date=today-date-removed-in-tests">
                Dashboard
            </a>
                    </td>
    </tr>
</table>

<div style="margin:0 20px;">

    <h2 style='color:#212121;font-family:-apple-system, BlinkMacSystemFont, &#039;Segoe UI&#039;, Roboto, Oxygen-Sans, Cantarell, &#039;Helvetica Neue&#039;, sans-serif; color:#37474f; line-height:30px; margin:25px 0 15px 0;'>
        Hello,
    </h2>

    <p style='font-size:15px;line-height:24px;margin:0 0 16px;color:#212121;font-family:-apple-system, BlinkMacSystemFont, &#039;Segoe UI&#039;, Roboto, Oxygen-Sans, Cantarell, &#039;Helvetica Neue&#039;, sans-serif;'>
                Please find below your week report for Site 1.
                <br />Mail Test report (each in period)
        <br />Date range: January 2010
        <br />Sent from http://example.com/piwik/tests/PHPUnit/proxy/.
    </p>

    
    
<h2 id="Actions_getPageTitles" style=" color:#0d0d0d;font-family:-apple-system, BlinkMacSystemFont, &#039;Segoe UI&#039;, Roboto, Oxygen-Sans, Cantarell, &#039;Helvetica Neue&#039;, sans-serif; font-size: 24pt; font-weight:normal; margin:45px 0 30px 0;">
    Page titles
</h2>

            <img alt=""
                                    src="data:image/png;base64,iVBORw0KGgoAAAANSUhEUgAAArwAAADICAIAAACF9KXqAAAgAElEQVR4nO2deZQcR53nI6uqu6urq4/qW93qVh86rNOy5UM+ZGPL3LYZgUHYoBHHjjEzBj9gFnZhB2rZ9YAfMMA8Bvxm3uL1LMLINvaCZzCwlg80Bh+ykWVJtiW3Wkd3qyT1fXed+0e2slN5REZGRVZmZX8/r58UlRnxi19GZEb+MuIXEVIulyPn6e7uVsI9PT0EAAAAAOA8ISXU3d2tNhQ0PwEAAACwyAkoIZgIAAAAAKAQsI4CAAAAAKAenlCjHpvo7+9Xnzpz5kxzczNF4sTERDQalSRJlIp2ufs7LxJC3rGp6bYbO9zSwTfMzc0RQsrKytxWBAggl8tNTU1Fo1G3FQFimJ2dDQaDJSUlbisCBJDJZGZnZysqKtxWxAJtT0N3d3ee3gzJZFLtXOkWh3pG3VbBD6RSqVQq5bYWQAy5XE62AoE/SCaT6XTabS2AGLLZbDKZdFsLay7oaTA0F1pbWyk/9UxOTjY3N4dCxn0YBaOsrLSlpcVdHXxAIpGQJKmpqcltRYAAUqnU9PQ0ngvfkMvlwuFwXV2d24oAAczMzKTTae8/ngs9DT6bLpHJZlPprNtaAAAAAP5B29Og/umcDXHw6DmHJH/9x/8hB06fm3rhtf5YVdihjBYJwyNjhEjnxuEwSwgh61Y0uK0CAAC4yYLR4KduBpmxyTkYDQAAAIAo/PwFOT4Jny8AAABAGC4bDR94z2b5zwnhY74zGhwqKKAGhQwAAGa4aTR84D2bf/XbF+Q/J1rqiWnX5go6cTlycVGE0zN19F2oGH/OmYBm+QqX6dDdCAAAPsArwxPy65ARxjZ9ctq1Oa+2LocFxWLgRrhKevmOmoBmmTokFnYDAADo8YrR4AQuGg2LHLx0AQDAl7i2BJP8UpH/ld8x6n/J+Y9I9btHfUQ5TvnWPHToYOrmdSWhBcNIL01/XH3KMhd9B4D6QsyEaM4ahum5UFCXoTpfQ5WUCGYXYnYJtsi/2B0qZzPFiEmZAADAIsc1o8GsUaa8RBUfCLPWXF6kYfzMm1/+m4/e/+j+ilj7HdtveeSX/06RZnjcUhN2hAjJJ1OWn3Rpn7z9vflcQmGKnSMVvVgAAADo8dzwBKXhZmzT1264rKZqfoOlb//gZ/SvZMaPe7P+ds1x+ntIL0TfKyAESkHZfTV+8vb3PfDQk2rJLNqqcxFS7AUoZ1gMAABgiYCehg9+4XHdsUNmkR/7/jZ2yZqhCkZKQoFw2fx1jU1e4NZg6/Us5F1OMTUowwGe4pO3v5clGqWrvwDFzlHOfHcXAAAsZgo9PBGPx+PxOHt89dgzY+NeHi4JnN+YW71Ug91uecbsNA4ZfEK8zAMPPVkbi1lGY3T74C52J8qZ4+4CAIDFjACj4bHvb4vH452dnfLPRCLR2NgYCBgPfPT28mRhOApuRkV4YXf5ial5o8GD3/H6T17/4YVityxnW3cXAAAsZsT0NKg7D44cOdLV1SVka2y+drwiUqqEn9qzx2zsXA5QPPDZHeUon79mQvQvMPYrzWd0w+x6NSjHH3joN2pHSPaM6GL5il1sOcNKAAAAu7g2e4IFTYuveXloDir867989wd/99LFt36XELJmw2Z9Er0Ey7BhRvlcAocQuq+fXZtDE6aUzwMPPcl9CQUrdo5U9CQwKQAAQI+Uy+XESmTpaXBoa2x5yuXH379m5bJaOdwYi/zVhy4uKw2yC/Hm28I5reiSh0eGCZFYfBocVaPwGOpT7Ftjp1Kp3t7elStXuq0IEEN/f384HK6rq3NbESCAmZmZgYGB7u5utxWxwHNTLrmRrYSJc0erKsoIId/862sJIWdHpkcnZukJKXP5vIP//B68XOxe0wcAADyCp4cnOAgEy6rPL9IgMzYx11RXQUlCH+zwDmYj+kWKZ4vdT4UMAABiccdocK6b98orLt20ujkQkJQjkYpSy+x6enoc0kcsTuhJl5lIZCRJampypL68Weze1AoAALyAf4YnZKqipWqLgRAyODLtljIAAACAn3CnpyHd95xDkivJkEb44MDxdN+gQ9n5nsDwsESkdMpxR0jgEKGl17utAgDAP/itpyFWob2ioYmsK5oAAAAAPsNvRkNtVHtFI5MwGgAAAAAB+M1oqIlKmiPZXG5qdlHYDauu/xRLHPmvYJkKzAuYgUIGABQG14wG5e0l5B32ke8NE0JWLAk0VC1c0cNfqiWEJEZzZ8YyZlksqtZ21fWfeuu5n8p/hblwOUdiXs50NRxVUuwdaCtf4TILVqEAgEWOm+s0yK8TGeXtkg9zKdJQZbD4o+zWICSLAuOczgUoivyVd1pJ4Xeg3UzFii3GOxwAUFx4ZXhCyKdStFwqDWmHJwgh58ayorIAfgW3BwAAWOLRFSHVzbfmc1AdTfNd9fwLr5CP3KiXNnh+AgX9a8wwUzm+ckrT2W6oG0W+5s1ETy4foYu17PY3lKaUg12V6Jlq4rB/9ZqpoRair3p9Fobx+T6+7d6BhgVuqB5dSc1ZfdhMMYLOBgCA83jRaNA0fOrm0rD5XnX9p+Q9LW9//5WGjebZMWtHSLNM9WFi1MSbxee4NCVs+Q6gFAi7NLpKw8PDEpEoVyfq65xS/hyZMlaHXWVsFbitXBhT0YsFAACcxivDE+rmz+yT2vJ4bTRg2Mk8pJp1adYLTWl89d9zdN0oHd0sl8bYT85SICzSbAlxxcfCbqb5lyf3HajOTpMv/X2vV1Lf+6IHFgMAoMAI6GmY+GFY/XMJITPmkSvvWdhzktLRauv7Velp+NYP/9dX+l/VRxgcz6h/Ur652TMVmFY4QpTx1BXZhVF5gXcge2R6Kvqwi9oi4cgRAADypNDDE/F4PB6Py2H2Pny6zLee+6k85fKn931mbVuJPkIwKIVKo5okeXaA63WwFd9RhCgjC5GHJ2K1RbaMNGMJCLwDzY7r/RjsKmmYCqYDAMAVBBgNlffMxuPxzs5O+WcikWhsbAwETAY+Rnrp0jg6wGWLYVmDVF+lzfThL9V+5HvDwxO5kvIasZkCv+KFm0HftaDB0McCAACcRoxPQzwe33mebdu27dixY6cJSjcDI2r3cs0IsXJcDiRT82tIGzaypZE6zRHKgDFHN4N+QJo7OeObgFIg+ShDF2KWKYdAkveV6qWZ5SVk4ImvwCndDGapKH0SRT1mBADwAZ6bPaFpTNU/zcIyR9/uWXfjj4lJn21pxKCD3cxnjdF1jq42d3Iz/zj6i4dSONzd4IZC6LWgSU739WNXzDBTxlvFVkbsYvPPjiMVPQk6HgAATiPlcjmxEo8cOdLV1RUK0cwRIVtjK02kPDxx5YqSL91aqY8mn71pfemd74rqzwI6+fg0OPcO88jb0SNqKBjqo94aO5VK9fb2rly5srB6Aafo7+8Ph8N1ddpuVFCMzMzMDAwMdHd3u62IBV6ZcskCvQ8/ptvfUs05bJBdcDg6bDwOxyhSwfCaPgAAX+K54QkK9L762gqa0XB2LEM5CxzCbES/SKHfgS7ip0IGAHgZd4wGdZepLXp6eowOP04IaexYG1raZnb27Fgu0HJdIGCwMwWgkA0lJEkKNTVxSzCpsrxwQqb3s6bgTa0AAP6jmIYn6DTGyilnM1kyPEZZdAoAAAAAFrjT0zCxb0CUqJ27XiSENEVLy09NTAwn9REe/NiVcpzjfzpZ1lglKt9FwtzwMJGkiRgGd/xAOp1OJ0YI/CABALz4pKchlclVl5fS4wxOzhVGGQAAAMCX+MRoiEVKg1b+CoNTMBoAAAAAfrxoNGzcvsVuklhE282gFzI0ZTB4IRAOtT2bi6P44BK8DwoZAOAE7k+5VLdu+3fv5RNSozMa9AxNO2g0bNy+Ra+8puHmvjrhGGpb4KzNdKDr5qjmbtWXExe1f/deF2sZAOBXXDYaNO0adzNXy2A0jHAZDXm2vEKuTjiuWwzcOK25K/XlUC6wGwAAwnFzeELfonE3cPUVZZZxRqaTmazgNbNtITfiLioAbIH6AgAADa71NFh+A5kNWyjH9+/eK8+lJITUV5SqjxsKnE5lhqbmGivD+ph6ZeQjckxLyXa/5yjZKZmqddPnblk4hhKUg/rs6KKIiK9hW6VkpptaiF5Ds4LVxOe7FrsFZes2Y0xlGKYM8KGzAQAgFvd9GgwxG7bQNJoX3/pdQkhlWfAjX/iwWdMs/5TNi3NTc+/6T++kNOIaCt/mUsZrzLwB6MfpA0CWooaHh4kk3XjXraIv1Bq7mrNL46hT9jLPJzuOVKIG+AAAgAUvzp4gJt+CmgZRCQ+Pj778r08aptUkufs739BIKGT/M0uDTlFeCZsJYXlbsIwHeeTFI9AdUl+SLPWuTmWroMyy0+RLf9/rldT3vujxQsUBAHyMgJ6GVy77Z82R18izZpE37bszn7w0Labc05CaGQtIBos06Nv00gjPFs+WKtFfb0q4AA26/o2iH+9YnDBah5T6smVf8hmjhqnowy6oXwBAISn08EQ8Ho/H49zJNS2jPOiQnB4xi6xpbUvCNdxZ8+Hu0IZah0X+amG8cEa3FUubgNIbZDhsZEtJw1SLvH4BAIVBgNGwad+d8Xi8s7NT/plIJBobGwMBk4GP3vn/BboLpGZGzU5pcikJ+3bvCRb/DJZoQI8XCk3ftaAB9QsAKABifBri8fjO82zbtm3Hjh07TVB3MxiO2lJyMWsuP3fbHZqhYrNU61ZftnH7deqYZmPSFDU0MfNvo82y0w+Bc8jk6CfX5KvxgqRXGXt2hrXJWJ6MJaPua+HWk10sY3aUbgazVJQ+iUI65QAAgMuzJzQNJYufoDq+7NNQV1GqPm7YwsoDGROzqZd2PaOPqVfD8AUg6huOkh0lpmVHgqFMuyWsl/b0/b8WMntC/7LUXzh7CRvWEWM92sqIXWz+2XGkoidBxwMAQCxSLid4vaMjR450dXWFQjRzRMjW2LId0FhRete1y7vrKxnjf+vm9S3Vkfxzl/F9o6xMuRRymc4Vl0cqwiNqKGj0SafTpxOn1/zFlS6qBATS398fDofr6urcVgQIYGZmZmBgoLu7221FLPDolEt2JpPp5qpy9viD4rat8tobQiCa4QmHulh8AGUKpet4TR8AgA/w6OJO7AQDgYpSG1fBtwOFIT5ukTXDE8Il+6bonBi9EoKfChkA4B3cMRoqL2sRIGUXIYQ0N1WySttFCCFTsTIxufudnp4eQkgikZAkqbKpSbhksTgh0/tZUzDUKpVKhXpnC68MAMA3FP3wREPMnoPC8BgaTQAAAIAHd3oaBvZNiBIVSYZsSTt9clJg7r5neHhOkkgmhhLzA+l0eiSRHhhHbbLScpm1hzUAi4qi72morQjbij85m8yKnjACAAAALAaK3miI2TQaZlLpZDrtkDIAAACAjylWo+HuXU8RQpqqIvVR1vmWP/rYTYSQM+PTQ5Pzbg1btm90SD1uCqaScxkV4BI8WHEOsXiu1EVQyACwU6xGg8xMMl3HbDQojE7PceRFaVlENTpbtm/cu3u/EFE+xvulJOpWUa7ULBVdmqPvwi3bN6r/nMtIn69wmXt374fdAAAjxW00hEtCpaGg3VSj0zwTKCgvKuWUQOtBiBxv4u+rI4JulfxtI6dNq7279yt/BatThy4KdgMAjBS30VATKeNIxdfTAAAwAy9dABYJbq4IqW5l1B8QynHNV4X+eKwirD8of6KZCSeE/J9/+/m3//6XFK30+coC9X3FyhElR40+dPU0V61OYqi/WjdN2PBK9ZdmeVx9RYbFQilYRsl6hTlKyUy+XgHKzWCWLz1spgzJ71ahS6Zgdo2Gd4gSgVLFdN0YVdIoY6aGWXaWZWuZyjBMuWEMywQAoME1o0Hf+hu2dGZheX/LXz35IEsTr/l5w7W3fOZrf0e4+skpkvWNjq03kIJZy8iiEkWy2euWXlaWQuxGFlVK7MrYvdNEYetWcS4v9U95w6o7vnQLuzQOPVkKnJjcgezZcaSydfcCAAzxyvCEYbOi/ibTHJcDX/zLe/SRiflHpxyYmktlslmKJur3tOUL3uyU2bXQU1HQf1DSc6FEU2N4nLEQ6BfC0Y7bKiXGYmSxJMwKlm6xibpV8of9PrSE8Y6ipGIpcMvs6GUrqvroFwUA0COgp+GfL3tFc+RZ8ppZ5Dv3bZIDe406n4nNr/9YxN4iDTLJdHYmmYqGefwhzNTOE/pLnd6TLCR3xph2L5/xfcOYu2E5MKZlzFdgaTt0qxQAxlKldPXbqhe+SuSovuKtEQC8Q6GHJ+LxeDwel8NK7wJRPcYsz7O8SMP06Km66NW2cv/Rx266e9dTfSMTw1NzFKNBaXoM3xaGahcvZp3G8uX/6idP33rXjfpuHpbLN5OsgbsMGeWbIaTufHmr5NOFQ+zXi6W5TClbuxRpjQDgHQQYDXfu2xSPxzs7O+WfiUSisbExEDAZ+OjVHjAcmGAhGArbXUNaYXR6tr2uii+tDLfafOi/lsSKtYvl5TtdMo7KF1vaBb5V3MULl2lZfYuqRgAQixifhng8vvM827Zt27Fjx04TlG4GSu+i+ojhAKfMivauG+64VB3TcohdETI6M8cyXK0XyNGTb6kei+ZmR9idDzTRzDTRpPrAZ2/89f1PWya0hNLNYFjjhhLoI/e29KHka/ejNv9bxRLD+5/xnadJa+YFqelhMjzFgZlYxuwo3Qwc1SewRgBYtLg2e0Lz2Ju9BQ2Py1MnqsvL1AcZG1B5aOMff/ZPfB+RZurpz+69cNEbW980thIyRtZEM7TGLMuEfvn0mIbvib26pYHY+8Ztac4iwVbyPOXTa03/stRfILvC6rQ//94Tst3AWEG2MmIXm392HKnoSdDxAAALUk70lo9Hjhzp6uoKhWjmSJ6bU8sv/i0rWrdfsZov7dXdLXdsXpOPDgLxcmu1ZfvGX9//dCxW67Yini4lJ3DiepUpl14oSa9VqKE+Ht8au7+/PxwO19XVua0IEMDMzMzAwEB3d7fbiljglSmXHNRwTZ2QmZhLCdQkH7zWdKqRHSHd1oIQb5eSQ4h1XvECjKN1ruA1fQDwLG6uCJknfPMtZWaSqUw2GzTz1iwgaKpYWJylZDaiX6Rwj9Y5jZ8KGQCn0RoNct9IT0+Po7nm2+m3ixBCll8aa1luX84uQggJRgIVK0tra2zvkLmo6OnpSSQSkiQ1NXm6k9bHiH0SU6nUbG/I6aebgotZU/CmVgB4kws+tbu7u73//HzwC48TQpa3VTfEIhzJH/v+NkLIW8eHB0enBWsGAAAA+JoLehoKZjEcT+zLU8LE9OTk3OGZhMQt4Y0Th0rDPGbHomJ4eJgQaSYXc1sRIIB0On1mLFGaGHdbEcBJR/NlbqsAFjvuD+rzEa0IBQP8FgMhZHwyI0oZAAAAYDFg7Qg5Njam/jk5OVlVRVtLMZ1OT01Nma4ISQghZHo636GBSFkuTyFDI7PT00HDU21PvIsQMtZ12/jaO/mEP7L3i/yaAa9yTckXWja3ua0FP5lMJpvN5P/0AbeYmLhgsnoymdQfBEXK3NxcOp32fm1aGw0DAwPqn729vfSJpMlkcmBggG40DI4NMepnRiiQHBzMS8jQyOwt77z7gYe+qz8lvxYqjz1+rOlD+WQBfMaJw2+VLl8Y0vrk7X9reP94llwum0ql8nlwiu6SixFKIQdTF7TGc3NzgUBgcnKyIHoBZ8lkMvLb021FLLA2GlavXk35qYdlcaeyRD7G1ClCSFtLdXs79+YRpwghJBAmhLS3az8c63ZfKwcCJLOsIZIrn184Zes12/c8v9tQnObUg7+7ixASOtNaPt2wusXGllqPP/rkttveq/w8dmp/RbCuuYX/07a372ApqWhp69Sf+uXDv/3QR95jLeH44SAJti1bxZ7p44/+Zttt71N+9vUdzeTSHW22l+FSON3fO5ud7GxbL/987JEnP/jh99KTaDhz+tRUeqizjX/Zg6P9L4127etb8Zut7beqj+vvH49geLum0+nTpxNtbUvzlGn2LFCeEcuzebL1mu3qn85lpM9XeF57nt9tJraj+YInEYs7+YliWdypWNdpqK40HllgZy6ZlQIWlx8aPpxq3SKHKU2Dckr9qIfSZWvarr3o/evYVbr7vnu/eutXFDmryQb2tIZcZC7hmW/f+99u+bKlhKbhpYRItbU2HCE/d9+9X7v1vyg/1+h0sNvOasrh6fvu/dqtX2FPrpfAQfipsr2ZfL13C4nwN1n+b0enX+Rq+Y4aKGaZihVbsEsAwBbaKZeymaMEvMYX7zslB2JV+RoNb59Mhsoslh8IDb/JLT8dnu66fiV3cuApum6a/8I7d/iMu5oAFuSXrttaAOBD3JlyKaN+qjVfCfqD8nF5q6qO1tLa6hKzyLKFThcuyykpr6ZrGBzrVQtU+mY1ktU5br1m+19+PUYIiUw2lUZL6eoZfhspcvT6qz8+NGHDEtNg1oyaXZEmjtnlM+ZoeHUameylRNGEcv+wRKbfPw//aPdjrz1Pv2R1cjMdzNTQK2MoR5OdoQJ6Ib97bpc+lVmYngsFswI0qzti8mHNcYdTVNIoY6aGWXa2ypnlgbV8mtDZALyJa8MTmufBcLhUH5Z7Gg4f7Kn6eJNlZIpwWU5JuEajlezQkFxyVbLl2ugr3ynr/8P09FkWtcn5h1y2GCpOro6RNrtNs1qOWfOqh1GyXnPLK2IRYjeyvinkKyW++4cjsvKz8+Rf9Lb/3+gHDu/5sUXVcN+WGrHspUFBI+R//+J7HELyyZTlJ7s0jnIoTLFzpLL1NAHgEbyyToPhY6z+fFcfv3TTCkpkYvI5on8mS8LGrpR/fnFfqnHeae7vP/tp+gve8Hg2kH72mQO21LNE/wFHqIVAiabG8LhGjlly+oVwtJvcpWTr/qFHNsv6yd//yZYyjGIZP+7NapZeU5qfv3tu1yc++iV9LpavbbuwW3uWMJYDJZWQYrdVzmbPKV1zWAygKBDQ0/DfH9QtUmbeun5j57w32R6jzmfC8NlBCKmqEGPrlJRFDY8HJJKtWiaH1zResB+mmdoassHUy32H2TWhv9TNukbZ5VvmzhiT8fJtSWbPXd+vo9dE+PtP4eWBty4iNYSQxKsDzZe28AmxpZ6Qa6GYGo7eVAJhLAd1tHzuCr5i5yhnu08TAF6g0MMT8Xg8Ho/LYeWDj6geG5bnp7IiXy9ImZCJ0bDuxg9cdc32/Z8nhJCP3bxWMz3UUG0NFbONs1mv7L5Nx6yTVm7RHnniJx++5S7Dz3RiVVmMvdDcLSb3/cNHjuTkwPHXj/AZDXa75RmvRXkzGb711UfkKZfM+noF9nIwPC6q2NnLmR32pwkAjyDAaPjGzn3xeLyzc34xgEQi0djYaLa4Uy/p1Rwx7CumUyXIaAiWVqh/yg4Nc0uuTscuIuRPQ7c9U/foDaWJFwOT/dloqyatodqKQ0NNkPNL1Az914lYsXaxrLWCfbZy3D/crOj/0NHWX77V/IvN5B1203rwO96hm8pTeKHYLcu5kPcwAHkipp8/Ho/vPM+2bdt27Nix0wSlm4FlgJaobHD18X/41vf1By0fOb3wQLAkmcpqokmZVLph/Z7nd2+97uPykeDgQY0+dLJSemlXF7t6LJqbHWF3PtBEM9NEk+rDt3z2kSfut0xoCaWbwbDGDSVYfi8y3j8so9SGwh994hlLPelq65ObVQ17yRDVR7DhcfURxachn29lw5cf4zvP7q1oqxwsybPY2ctZLVAfWS8ZgGLBtdkTmsfM7C2oPq4s0vCP//QVfWRbDZY85bKyYeXYRKah9kLLKRDU9CuUDB1Odbybrp6adDp7d/yb/771Z3bV0+vJkpAxsiaa4YvT8ouT5fLNYhq2y3vOz6dgkcmiCctx+kEK9z30zZ8/dzch5IvbvkopK0bFzArE7AXG3SekFsI3e0L/stRfPp/NwXIr5lMOBSt2jlT0JOh4AN5EyuVyYiWyLCPNtzW2bDR0LS39xLb6aCTfEQpZ2l0fbVi5LCwfkYcnplfdMbPxr9VHUvXrx7f+hEWmvIB03bHNN3/2E+yaeLl12HrN9keeuN/WipDOaeKFUpKreEXfbVd/+ibDCPnr6dyV5rOMtHNaeaRmPaKGgqE+mq2xsYy0nyiWZaS9MuXSFvlbDArjE/MbZM87NDRflaldWN196LZnCCElg68Hxk9aipJfJ5GTa2JlNhplrzVVarZes/2RJ5isJafxTimtSnyUEHJ06aMCZdoaJXEL//k9eLnYvaYPAArFt/eEQIuBEDI+lVH/lNIz6fr1C7+D8+tOhgYPJKvaWQRmg3NtK22YimgaWPBOKbWtWf7WsGCZ3MNYBcZsRL9I8Wyx+6mQgf9wx2jQdLIxc4oQsqS+uaOZf7tCjTQp19DRvJ4QIs+rDFcuret6nzqSfDw2NVDOpnMwV3bFu98froxYR/U8PT09iURCkqSmpia3dfEKrVvXP/XI/ySETO5Pr3vPZn0EvrXYC7OCeyqVyk73djTzb4nihJ4FXr3eI1lT8KZWAMgU3/BETWWZQGljk7Pqn8H6NYbRMqdfZBRYmW7yh8UADCmJzN9+h/ezLhAJAAC+ofiMhtrqcoHSJqeThJCJH4YJIYH2m4INl2giRD83SQjJjbyVGaKt8CgvixnpW9VU6XU3FpAnl47cRQh5Y8kutxUBAIBCU4xGg8iehlQ6Oz07v3Rjdm402HqNJoIUmB/BSff9wVJaJjh30SWXC1QPeJC1m69yWwUAAHCHojEaPviFx+VAfY3Izv/Xjw4Ojc3I4UBkSSDSaBYzc+pZS2mhTLjjstWidAPepG3Dcjnw6q+ec1cTAAAoMEVjNMis666rrxEzPPHY97fJgcHhaTkQalhHiZ/pey6X0y4fqaEyvQQODb5HcWs4dPB5dzUBAIACU2RGQzAYqIiUipW5/PcdhBCp9bpA4ybDCLJbA5kbyZ47YBhBdmgI961YUrVCrJE4I3AAABBuSURBVG7Am1wx8TlCyLGlj7mtCAAAFJQiMxoqoyIdGtTkJvuCrdcanlLcGjL9eykSMuHJNRjtXhxsuH6LHJidmHZXEwAAKCRFZjRUVwjuZlAI1iyXyqrocTKJlyhnQ6nIsov5Z8CDIqL5ovmVvl7/f5h4CQBYRBSZ0VBTGXZIcrDxEkmyKI3s4KFcetbsbNXcUmW0G/ibYMl859ORN3l2UQEAgCKlyIyGWLVgo+HBjtsJIVLTFYFmg9X9FKKfnyaEZIcPZwZf15yad2gY6GytxryJRcSVE58nhLzd+ojbigAAQOEoMqOhTujKTgq5ocPBtuspEZROiOxp4+7oucqhDVu2iNcMeJWN77pBDkyeG3NXEwAAKBjFYTSoFmlwZHgiWbVaCjFJzpzT9jTIhJIVSzdgLchFREPnEjlw4Kk/uqsJAAAUjOIwGmTWL6+vFbqyk7JUw3jU2qFBJjt2LJec1B+vHu9UxrnBYkCp7t5jr7mrCQAAFIxiMhpKS4LlZSJfzPKWEz2zXYnwFZaRK++ZJYRkB57PDB1UDsoODWWJjq564zUegI+5evZvCSFvL33UbUUAAKBAFJPRUOXMIg1NJWdO5jawx8+e1k68TEVGL9l6g1ClQBFw+c03yYGhE2fc1QQAAApDcRkNjizS0JvsHpnMsMfPDB7UHCmdqWle3S5UKVAE1LTWy4HDf6At4AEAAL6hmIyGamd6Go7MrhqbnGOPn5vqz82Nqo/EZuACuag5fsLYPRYAAHxGMRkNsSqRUydkh4Y3pi96c3b1+BST0SC7NWRO7pHnUMgODeX9KzqaLhaoGCgirst8lRByrA2bUAAAFgXFZDSI2t9STWVovGduRUAKjE6YLvWoJ6taTzpTOr1xK1ZoWKRc8u7r5MDZo6fc1QQAAApAERgN8iIN61fU18fEGw0da67MkNChnsHBERs7D6knUJQmqxpXtAlXDBQFcGsAACwqisBomCcnxarEGw2B5vnJlueGZ2zoMn0uOzMoh2OZTuFagaLj+IDWPRYAAPxH0RgN5eFQaUlQlDTZoSHQdmOw5Rr5yPA4k9Fw3q3hqf/x8HsIIZG+VR1L1ovSChQjNwS+Tgg50f6E24oAAIDjFI3RUBlxYL5lZjbYML9Cw/CYDZ8GhVwgveHGa4TqBIqMDTdeLQcGDh53VREAAHCcojEanFikIVDdrWw5YcsRUqE0XVnf1SJUKVBkKG4Nh55/wV1NAADAaYrGaKgROt9SJth0iRIem0xySKiTOkQpA4qdU2cOua0CAAA4S9EYDbXVwoyG8w4NWwPNmxcOTiUzmSxL8sp7Zv+hZh0hJHJyZUcbHBoAeXf4XkLIqWVPuq0IAAA4S9EYDfXVoqdOSFKwbo3y6+jJkZFxmyMUUm7NOzZbRwN+Z831l8uBvgNvu6sJAAA4iteNBnmRhrVddXWiF2kIVnfKDg3KBtlnh20s1UAIKUuG65Y1idUKFCNVzbVy4ODeP7mrCQAAOIrXjQaZQFCqjooZnpDHJgghgYaNmlNDY0yzLuXVowkhtVOZ7FRCiFbAH7wY/aHbKgAAgIMUh9EQCZeUhESqGlj6juAS7cjC0KiN9Z3KT3S2Bc5kBvBlCQgh5H3Rb7utAgAAOE5xGA1VFaL3twyWBWq0W1OOjNvY61Ii0vLag5nTMBoAIYSsvm7ereHkn4+4qwkAADhHcRgNNZWCjYZgzXJlhQaFYbbhCZny2XBVZAhGA5CJNlTLgdee2+uuJgAA4BzFYTRUR8UYDSqHhg36s6OT1j0NikNDbI4QQrKJl7OTA0J0A/7g1dhP3FYBAACcojiMBoGLNBBCpCVX6h0aCCFT08lUmmmphvBA98rNO+Rwug9floAQQrY1/MBtFQAAwFk8bTTI8y0JIXWxiECxUkl1oNpga8rjA+NDo0yzLqWctGrLJjmc7ntWoG6geFl+1cVy4NgLWBoSAOBPPG00yFzUEWsQajQEYyul4AU7WShLNZwbYXJriKTqlan5mVPP5nJM/RPA30RilXLg1b1Pu6sJAAA4RBEYDcFQoDJSkr+cBYeG5kvN4gyO0HoaFIeGxrKuhaPjvdnxU/mrB3zDocYH3VYBAAAcoQiMhspIWTAoTE+pbm1oyVVmZwcZlmooPdu+YvUmQkjlPfPLTmf7/yBKPVDUfHjp/XIgNW1j+i4AABQLRWA0VFWI3BRbCtdKlW1mZ5lmXUq5Vddd0FeROf1i/ooBH9B1xfxuJsf2veGuJgAA4ARFYDSI3RQ7WLdWCoTMzg6NWe9ZFZ1eooxey2QGD+SyaQHKgSInXDnvfHPopefd1QQAAJygCIyGmAijQXFoMJxsqTBibjQoDg1NZSs1p7KJl3JjvfkpCHzF6w0PuK0CAACIpwiMhlqBPQ0VrYHWaynn51LpuSStzyA03LDq4iuUn4pbQ3rgj0IUBMXO7cv+RQ7MTtjbNBUAALyPd40G1SINwjbFlspqAtEWSoS+M5N0X8hsKL3muk0Gx8/+OV/lgC/ovma9HHj7+dfc1QQAAITjXaNBpqu1ulHcIg2B5sskyfiSlaUazg7RPhCjI+0lEYM1rTMjR3OZZP4agmInWDLvMfPm6/vc1QQAAITjdaOhrCwUCee7SIPi0FCy7J2Wkc8ZLQqpODQsDRtsWkEIyZ7akx15m1dB4EOwWgMAwH943WiojpYFApIYWdG24NLrLGMNmi8KGRpu2nDlFs1Bxa0hk3gpH+2Ab9i55mdyYPLcmLuaAACAWIrAaBAlKhBtDkQaLaMNmfs0SBJZdb3papKZc3BrAIQQ0nH5RXLg7RcOuKsJAACIxetGQ6xKmNEQXHINS7RB8z2rqse6zE4RQnLjJ3Jp62UewOLhyGG4NQAAfIXXjYb8V3ZaWKGhlcloGBrVvvgXHBoq11ISZo7/Njvyln0FgW95o3mX2yoAAIBIvG401NeImW8pNW4MLrmSJWY6k5meTemPhxMd6zYbr/Gw4NaA9aQBIYSQT274uRwYTwy7qwkAAAjEo0aDskiDqPmWgXA9i0MDIeTs8MyZ4Sn9cYkEuq9eR0+bGXydRzngO9ovmV829Mjzr7qrCQAACMSjRoNMa1O0XpTR0HSZZRxlqYbBYQNfyKrZdksJ2fETuRTWAQQLHD0C91gAgH/wtNFQWV5aWhLMRwLjlhMa1D0NCw4NNWssE2ZP/D4zdNiOgsDnHGnZ7bYKAAAgDE8bDdWVYhZpCLRuCTZb9zQo6JdqiPSvWHf11ZQkKreGF+yqB3zJpy/5hRyAWwMAwDd42miIVYrZqkoqrw+U17PHPzesHWII5EqUyfd0suew4wAghJClG5bLgUPPwI4EAPgEbxsN1WKMhmDDxbbi6/esqk4vZUybHT8OtwagpucY7EgAgE/wtNFQl998ywWHhuYr6DE1nD3v06A4NLTWM3UzEEKy/XszZ/fbyg74m56lv3RbBQAAEIOnjYb6agGLNATa3xls3GgriSRJE1MLW1ZG+i5av4Xm0CCjcmv4o63sgF/5zBWPyYHR/kF3NQEAACF40WhQFmmoj4kwGiINUrjWVpLRibnE0MIEipJsmTI+zUL2zCu2sgN+pXn1/DTdA0/9h7uaAACAELxoNMg0xMobaivylxOot1iRSY2yVMM51azL6hyrQ4NMdrQHbg1AzbGTcGsAAPgB7xoNNVXhkhC/etwODTJnhqYVh4a25tW20mYHD6RPY5tssMCJ9ifcVgEAAATgXaOhVsR8y0D7TcH6DRwJz43MdxWU969cx+DQILPg1jCwlyNT4D/+Zsuv5QDcGgAAPsC7RkONiPmWgWirVFbFkfDMeZ+G0nRUGZlmJ5NATwMghJD6rhY58OpvnnZXEwAAyB/vGg0NIva3DDTwdDMQQs6eX98pFmjjSJ4dPAS3BqDm2Gm4NQAAih7vGg11ecy3XHBoaLqcT0J9y3+VA+0t1ltOGDA1kO7HCAVYoH/Z79xWAQAA8uUCo6FbhVsKKeQ/31JqvT5Yx/XKP09ZomPD1mttJVlwa+iD0QAIIeSem34rB+DWAAAodhaMhu7u7h4VbtkNyiINjXnPtwxWd0il0XwklM/V1i1r4kubPrknl8vmkzvwBzWt8/ue/PGxf3NXEwAAyBOPDk/UREtr83aEtLvlhIyyVAMhJCbxODTI5EaO5JKT3MmB/zgxdNBtFQAAIC88ajTU1pQHg5y6LTg0LLmKT8LFG++VAx3tnH6UhBCSnsr0PcefHPiOs53PZlJpt7UAAAB+pFwuJ4fk4QnlhOYnO8qaSMVOYCx2+OhfzYVKONI+2HG7cH1A8TKTrPhJY6fbWgAAgAXlfV1f/trDlAghSxEvv/yy+uebb765Zk1e3oXFQmA2wmcxAKChvHTKOhIAALjNbF3ilVdo2ydZGw2XX3455aeePb/tqhxvCOQx8HGm40D9qdXlAf7ZE30t+2vPrKksaeZMnyOJ7NEY2fLxm9fyCXg6/cfaA/+ZVLZVxJZw6kBIZf+jUyXt2SbOQRZCSKTvsblgbablBm4Jpad+nSWh1NL380s4/btgdnZ26a3cEoIDz4Yzg1NLb+OWIJ39U2Wyd7x1O7eE3ND+2plDw638HUgrXx7vqx6qmeS/H6alybH2niUn13NLSGZnB7vebO7l8fVRSHT/ubn3knwknOl4raF3bZDwW+SJZQdiJ1eEcxF+CW2vVw50VGR4Vn6TOdN6KHK2tSoV49eh+Y3IaH31bCO/Dg1HSqYqa6dbuCWcrX07kCqrn+B33jpX3UsIaRjj70gbjJ7Kls42jdjYFFDDUPh0MjrefO4ibgmjZYmZ2NCShL0dA9SMh0Ymm/qb+zhfGYSQ6cDY2NIT+TzgM2R6tONo83H+UfUsyUxUDW7atIkSR/zwxCuvvLJx48ZgMMiRFniNU6dOBQKB1tZWtxUBAkilUgcPHrzkkrxe+cA79Pb2RqPRhoYGtxUBApiamjp27Nj69fxGQ2FY6GnQTLPksxgAAAAA4FcuGJ6AoQAAAAAAMzw65RIAAAAAXmPBpwEAAAAAgMLC8IRm3WjNUAWLXyS376RGB4yS5I/rtQn/mPxxvRKJ7pHUry6PymXE9do0fCTxnHKzaCuU1aehAPeTXIJe2CvLH7hYm6Jm4gAPPpKoSm689kjiOc2TxVmhNJ8GubFQ/8uOZrdMRQhlC03cr45S4NoEToBH0k8UsjYNqxL1KxbXK7QwWCzuxG2qqHtL5LBaFExaV0Bt+gDXKxEd2gJxvTaBWBZDhV5gNOibA4GKeueaFwku1ibW/BCF1x5JjoFboOCR2jSsNVQlB16uUOdwap0G9Fq7jou1WZihtcUAHkk/4Xptdht5mhseBCx4rUIL4xRovfcEB5p+FSeyAAUDtekDUIl+gq820cHgWQRWqOZrTYh6Gmwv7oQWx0+gNn1AISsRN4zTOFTCsBjcopAVaisCN470NPB1kmgcR3E3ewSO2oRPg9cQ9UiiZr1AnrWpCDE7CAqMExXqXFXaXhGSYr/Abi06UJs+AJXoJ1CbPsN/FWpveKJILxIYgtr0AahEP4Ha9Bm+rFAxe09gQMFPoDZ9ACrRT6A2fUZRVyg2rAIAAAAAE9gaGwAAAABMwGgAAAAAABMwGgAAAADAxP8HBSipLBXGjCoAAAAASUVORK5CYII="
                                height="200"
                width="700"
                margin="0 auto"/>
    
    
        <p style="width: 100%; text-align:center;">
      <a style="color:#0d0d0d;font-family:-apple-system, BlinkMacSystemFont, &#039;Segoe UI&#039;, Roboto, Oxygen-Sans, Cantarell, &#039;Helvetica Neue&#039;, sans-serif;; text-decoration:none; font-size: 9pt;" href="#reportTop">
          Back to top &#8593;
    </a></p>

    <hr style=" border: 0; margin-top: 50px;  height: 1px; background-image: linear-gradient(to right, rgba(231, 231, 231, 0), rgba(231, 231, 231, 1), rgba(2311, 2311, 231, 0));">

    <p style='font-size:15px;line-height:24px;margin:0 0 16px;color:&#x23;212121;font-family:-apple-system,&#x20;BlinkMacSystemFont,&#x20;&#x27;Segoe&#x20;UI&#x27;,&#x20;Roboto,&#x20;Oxygen-Sans,&#x20;Cantarell,&#x20;&#x27;Helvetica&#x20;Neue&#x27;,&#x20;sans-serif;text-align:center;font-size:13px; color:#666;padding-top:30px;margin-bottom:0;'>
        Powered by
        <a style="color:#439fe0;" href="https://matomo.org/" title="Matomo Analytics">Matomo Analytics</a>
        <br />
        The leading open analytics platform that respects your privacy.
    </p>

        <p style='font-size:15px;line-height:24px;margin:0 0 16px;color:&#x23;212121;font-family:-apple-system,&#x20;BlinkMacSystemFont,&#x20;&#x27;Segoe&#x20;UI&#x27;,&#x20;Roboto,&#x20;Oxygen-Sans,&#x20;Cantarell,&#x20;&#x27;Helvetica&#x20;Neue&#x27;,&#x20;sans-serif;text-align:center;font-size:13px; color:#666;'>To unsubscribe from this report please follow this link: <a style="color:#439fe0;" href="__unsubscribeLink__">Unsubscribe</a>.</p>

</div>
</body>
</html>
