<?xml version="1.0" encoding="utf-8" ?>
<result>
	<row>FF</row>
	<row>UNK</row>
	<row>AN</row>
	<row>CH</row>
	<row>CM</row>
	<row>IE</row>
	<row>QQ</row>
	<row>SF</row>
</result>