week April 4 â€“ 10, 2011. Piwik test: 5 Visits (+100%), 16 Actions (+100%), Revenue: $ 13361, 5 Goal conversions, Product Revenue: $ 13351, 4 Ecommerce Orders. Piwik test: 2 Visits (+100%), 1 Actions (+100%), Revenue: $ 250, 1 Goal conversions