<?xml version="1.0" encoding="utf-8" ?>
<result>
	<row>
		<label>piwik.org</label>
		<nb_visits>1</nb_visits>
		<nb_actions>1</nb_actions>
		<max_actions>1</max_actions>
		<sum_visit_length>0</sum_visit_length>
		<bounce_count>1</bounce_count>
		<goals>
			<row idgoal='1'>
				<nb_conversions>1</nb_conversions>
				<nb_visits_converted>1</nb_visits_converted>
				<revenue>5</revenue>
			</row>
		</goals>
		<nb_conversions>1</nb_conversions>
		<revenue>5</revenue>
		<sum_daily_nb_uniq_visitors>1</sum_daily_nb_uniq_visitors>
		<sum_daily_nb_users>0</sum_daily_nb_users>
		<referer_type>3</referer_type>
		<comparisons>
			<row>
				<nb_visits>1</nb_visits>
				<nb_actions>1</nb_actions>
				<max_actions>1</max_actions>
				<sum_visit_length>0</sum_visit_length>
				<bounce_count>1</bounce_count>
				<nb_conversions>1</nb_conversions>
				<revenue>5</revenue>
				<sum_daily_nb_uniq_visitors>1</sum_daily_nb_uniq_visitors>
				<sum_daily_nb_users>0</sum_daily_nb_users>
				<compareSegment />
				<compareSegmentPretty>All visits</compareSegmentPretty>
				<comparePeriodOriginal>month</comparePeriodOriginal>
				<comparePeriod>month</comparePeriod>
				<compareDateOriginal>2012-08-09</compareDateOriginal>
				<compareDate>2012-08-01</compareDate>
				<compareSeriesPretty>(August 2012) (All visits)</compareSeriesPretty>
				<comparePeriodPretty>August 2012</comparePeriodPretty>
				
			</row>
			<row>
				<nb_visits>0</nb_visits>
				<nb_actions>0</nb_actions>
				<max_actions>0</max_actions>
				<sum_visit_length>0</sum_visit_length>
				<bounce_count>0</bounce_count>
				<nb_conversions>0</nb_conversions>
				<revenue>0</revenue>
				<sum_daily_nb_uniq_visitors>0</sum_daily_nb_uniq_visitors>
				<sum_daily_nb_users>0</sum_daily_nb_users>
				<compareSegment>browserCode%3D%3Dff</compareSegment>
				<compareSegmentPretty>browserCode%3D%3Dff</compareSegmentPretty>
				<comparePeriodOriginal>month</comparePeriodOriginal>
				<comparePeriod>month</comparePeriod>
				<compareDateOriginal>2012-08-09</compareDateOriginal>
				<compareDate>2012-08-01</compareDate>
				<compareSeriesPretty>(August 2012) (browserCode%3D%3Dff)</compareSeriesPretty>
				<comparePeriodPretty>August 2012</comparePeriodPretty>
				
			</row>
			<row>
				<nb_visits>1</nb_visits>
				<nb_actions>1</nb_actions>
				<max_actions>1</max_actions>
				<sum_visit_length>0</sum_visit_length>
				<bounce_count>1</bounce_count>
				<nb_conversions>1</nb_conversions>
				<revenue>5</revenue>
				<sum_daily_nb_uniq_visitors>1</sum_daily_nb_uniq_visitors>
				<sum_daily_nb_users>0</sum_daily_nb_users>
				<compareSegment>browserCode%3D%3Die</compareSegment>
				<compareSegmentPretty>browserCode%3D%3Die</compareSegmentPretty>
				<comparePeriodOriginal>month</comparePeriodOriginal>
				<comparePeriod>month</comparePeriod>
				<compareDateOriginal>2012-08-09</compareDateOriginal>
				<compareDate>2012-08-01</compareDate>
				<compareSeriesPretty>(August 2012) (browserCode%3D%3Die)</compareSeriesPretty>
				<comparePeriodPretty>August 2012</comparePeriodPretty>
				
			</row>
		</comparisons>
	</row>
	<row>
		<label>sn110w.snt110.mail.live.com</label>
		<nb_visits>1</nb_visits>
		<nb_actions>1</nb_actions>
		<max_actions>1</max_actions>
		<sum_visit_length>0</sum_visit_length>
		<bounce_count>1</bounce_count>
		<goals>
			<row idgoal='1'>
				<nb_conversions>1</nb_conversions>
				<nb_visits_converted>1</nb_visits_converted>
				<revenue>5</revenue>
			</row>
		</goals>
		<nb_conversions>1</nb_conversions>
		<revenue>5</revenue>
		<sum_daily_nb_uniq_visitors>1</sum_daily_nb_uniq_visitors>
		<sum_daily_nb_users>0</sum_daily_nb_users>
		<referer_type>3</referer_type>
		<comparisons>
			<row>
				<nb_visits>1</nb_visits>
				<nb_actions>1</nb_actions>
				<max_actions>1</max_actions>
				<sum_visit_length>0</sum_visit_length>
				<bounce_count>1</bounce_count>
				<nb_conversions>1</nb_conversions>
				<revenue>5</revenue>
				<sum_daily_nb_uniq_visitors>1</sum_daily_nb_uniq_visitors>
				<sum_daily_nb_users>0</sum_daily_nb_users>
				<compareSegment />
				<compareSegmentPretty>All visits</compareSegmentPretty>
				<comparePeriodOriginal>month</comparePeriodOriginal>
				<comparePeriod>month</comparePeriod>
				<compareDateOriginal>2012-08-09</compareDateOriginal>
				<compareDate>2012-08-01</compareDate>
				<compareSeriesPretty>(August 2012) (All visits)</compareSeriesPretty>
				<comparePeriodPretty>August 2012</comparePeriodPretty>
				
			</row>
			<row>
				<nb_visits>0</nb_visits>
				<nb_actions>0</nb_actions>
				<max_actions>0</max_actions>
				<sum_visit_length>0</sum_visit_length>
				<bounce_count>0</bounce_count>
				<nb_conversions>0</nb_conversions>
				<revenue>0</revenue>
				<sum_daily_nb_uniq_visitors>0</sum_daily_nb_uniq_visitors>
				<sum_daily_nb_users>0</sum_daily_nb_users>
				<compareSegment>browserCode%3D%3Dff</compareSegment>
				<compareSegmentPretty>browserCode%3D%3Dff</compareSegmentPretty>
				<comparePeriodOriginal>month</comparePeriodOriginal>
				<comparePeriod>month</comparePeriod>
				<compareDateOriginal>2012-08-09</compareDateOriginal>
				<compareDate>2012-08-01</compareDate>
				<compareSeriesPretty>(August 2012) (browserCode%3D%3Dff)</compareSeriesPretty>
				<comparePeriodPretty>August 2012</comparePeriodPretty>
				
			</row>
			<row>
				<nb_visits>0</nb_visits>
				<nb_actions>0</nb_actions>
				<max_actions>0</max_actions>
				<sum_visit_length>0</sum_visit_length>
				<bounce_count>0</bounce_count>
				<nb_conversions>0</nb_conversions>
				<revenue>0</revenue>
				<sum_daily_nb_uniq_visitors>0</sum_daily_nb_uniq_visitors>
				<sum_daily_nb_users>0</sum_daily_nb_users>
				<compareSegment>browserCode%3D%3Die</compareSegment>
				<compareSegmentPretty>browserCode%3D%3Die</compareSegmentPretty>
				<comparePeriodOriginal>month</comparePeriodOriginal>
				<comparePeriod>month</comparePeriod>
				<compareDateOriginal>2012-08-09</compareDateOriginal>
				<compareDate>2012-08-01</compareDate>
				<compareSeriesPretty>(August 2012) (browserCode%3D%3Die)</compareSeriesPretty>
				<comparePeriodPretty>August 2012</comparePeriodPretty>
				
			</row>
		</comparisons>
	</row>
</result>