<?xml version="1.0" encoding="utf-8" ?>
<result>
	<row>
		<label>contribute%</label>
		<nb_visits>1</nb_visits>
		<nb_actions>1</nb_actions>
		<max_actions>1</max_actions>
		<sum_visit_length>0</sum_visit_length>
		<bounce_count>1</bounce_count>
		<nb_visits_converted>1</nb_visits_converted>
		<sum_daily_nb_uniq_visitors>1</sum_daily_nb_uniq_visitors>
		<sum_daily_nb_users>0</sum_daily_nb_users>
		<url>http://piwik.org/contribute%</url>
		<segment>referrerUrl==contribute%25</segment>
		<comparisons>
			<row>
				<nb_visits>1</nb_visits>
				<nb_actions>1</nb_actions>
				<max_actions>1</max_actions>
				<sum_visit_length>0</sum_visit_length>
				<bounce_count>1</bounce_count>
				<nb_visits_converted>1</nb_visits_converted>
				<sum_daily_nb_uniq_visitors>1</sum_daily_nb_uniq_visitors>
				<sum_daily_nb_users>0</sum_daily_nb_users>
				<nb_visits_change>+0%</nb_visits_change>
				<nb_actions_change>+0%</nb_actions_change>
				<max_actions_change>+0%</max_actions_change>
				<sum_visit_length_change>+0%</sum_visit_length_change>
				<bounce_count_change>+0%</bounce_count_change>
				<nb_visits_converted_change>+0%</nb_visits_converted_change>
				<sum_daily_nb_uniq_visitors_change>+0%</sum_daily_nb_uniq_visitors_change>
				<sum_daily_nb_users_change>+0%</sum_daily_nb_users_change>
				<compareSegment />
				<compareSegmentPretty>All visits</compareSegmentPretty>
				<compareSeriesPretty>(August 2012) (All visits)</compareSeriesPretty>
				<comparePeriodPretty>August 2012</comparePeriodPretty>
				
				<segment>referrerUrl==contribute%25</segment>
			</row>
			<row>
				<nb_visits>0</nb_visits>
				<nb_actions>0</nb_actions>
				<max_actions>0</max_actions>
				<sum_visit_length>0</sum_visit_length>
				<bounce_count>0</bounce_count>
				<nb_visits_converted>0</nb_visits_converted>
				<sum_daily_nb_uniq_visitors>0</sum_daily_nb_uniq_visitors>
				<sum_daily_nb_users>0</sum_daily_nb_users>
				<nb_visits_change>-100%</nb_visits_change>
				<nb_actions_change>-100%</nb_actions_change>
				<max_actions_change>-100%</max_actions_change>
				<sum_visit_length_change>+0%</sum_visit_length_change>
				<bounce_count_change>-100%</bounce_count_change>
				<nb_visits_converted_change>-100%</nb_visits_converted_change>
				<sum_daily_nb_uniq_visitors_change>-100%</sum_daily_nb_uniq_visitors_change>
				<sum_daily_nb_users_change>+0%</sum_daily_nb_users_change>
				<compareSegment>browserCode%3D%3Dff</compareSegment>
				<compareSegmentPretty>browserCode%3D%3Dff</compareSegmentPretty>
				<compareSeriesPretty>(August 2012) (browserCode%3D%3Dff)</compareSeriesPretty>
				<comparePeriodPretty>August 2012</comparePeriodPretty>
				
				<segment>browserCode%3D%3Dff;referrerUrl==contribute%25</segment>
			</row>
			<row>
				<nb_visits>1</nb_visits>
				<nb_actions>1</nb_actions>
				<max_actions>1</max_actions>
				<sum_visit_length>0</sum_visit_length>
				<bounce_count>1</bounce_count>
				<nb_visits_converted>1</nb_visits_converted>
				<sum_daily_nb_uniq_visitors>1</sum_daily_nb_uniq_visitors>
				<sum_daily_nb_users>0</sum_daily_nb_users>
				<nb_visits_change>+0%</nb_visits_change>
				<nb_actions_change>+0%</nb_actions_change>
				<max_actions_change>+0%</max_actions_change>
				<sum_visit_length_change>+0%</sum_visit_length_change>
				<bounce_count_change>+0%</bounce_count_change>
				<nb_visits_converted_change>+0%</nb_visits_converted_change>
				<sum_daily_nb_uniq_visitors_change>+0%</sum_daily_nb_uniq_visitors_change>
				<sum_daily_nb_users_change>+0%</sum_daily_nb_users_change>
				<compareSegment>browserCode%3D%3Die</compareSegment>
				<compareSegmentPretty>browserCode%3D%3Die</compareSegmentPretty>
				<compareSeriesPretty>(August 2012) (browserCode%3D%3Die)</compareSeriesPretty>
				<comparePeriodPretty>August 2012</comparePeriodPretty>
				
				<segment>browserCode%3D%3Die;referrerUrl==contribute%25</segment>
			</row>
			<row>
				<nb_visits>0</nb_visits>
				<nb_actions>0</nb_actions>
				<max_actions>0</max_actions>
				<sum_visit_length>0</sum_visit_length>
				<bounce_count>0</bounce_count>
				<nb_visits_converted>0</nb_visits_converted>
				<sum_daily_nb_uniq_visitors>0</sum_daily_nb_uniq_visitors>
				<sum_daily_nb_users>0</sum_daily_nb_users>
				<nb_visits_change>-100%</nb_visits_change>
				<nb_actions_change>-100%</nb_actions_change>
				<max_actions_change>-100%</max_actions_change>
				<sum_visit_length_change>+0%</sum_visit_length_change>
				<bounce_count_change>-100%</bounce_count_change>
				<nb_visits_converted_change>-100%</nb_visits_converted_change>
				<sum_daily_nb_uniq_visitors_change>-100%</sum_daily_nb_uniq_visitors_change>
				<sum_daily_nb_users_change>+0%</sum_daily_nb_users_change>
				<compareSegment />
				<compareSegmentPretty>All visits</compareSegmentPretty>
				<comparePeriod>day</comparePeriod>
				<compareDate>2012-08-10</compareDate>
				<compareSeriesPretty>(Friday, August 10, 2012) (All visits)</compareSeriesPretty>
				<comparePeriodPretty>Friday, August 10, 2012</comparePeriodPretty>
				
				<segment>referrerUrl==contribute%25</segment>
			</row>
			<row>
				<nb_visits>0</nb_visits>
				<nb_actions>0</nb_actions>
				<max_actions>0</max_actions>
				<sum_visit_length>0</sum_visit_length>
				<bounce_count>0</bounce_count>
				<nb_visits_converted>0</nb_visits_converted>
				<sum_daily_nb_uniq_visitors>0</sum_daily_nb_uniq_visitors>
				<sum_daily_nb_users>0</sum_daily_nb_users>
				<nb_visits_change>-100%</nb_visits_change>
				<nb_actions_change>-100%</nb_actions_change>
				<max_actions_change>-100%</max_actions_change>
				<sum_visit_length_change>+0%</sum_visit_length_change>
				<bounce_count_change>-100%</bounce_count_change>
				<nb_visits_converted_change>-100%</nb_visits_converted_change>
				<sum_daily_nb_uniq_visitors_change>-100%</sum_daily_nb_uniq_visitors_change>
				<sum_daily_nb_users_change>+0%</sum_daily_nb_users_change>
				<compareSegment>browserCode%3D%3Dff</compareSegment>
				<compareSegmentPretty>browserCode%3D%3Dff</compareSegmentPretty>
				<comparePeriod>day</comparePeriod>
				<compareDate>2012-08-10</compareDate>
				<compareSeriesPretty>(Friday, August 10, 2012) (browserCode%3D%3Dff)</compareSeriesPretty>
				<comparePeriodPretty>Friday, August 10, 2012</comparePeriodPretty>
				
				<segment>browserCode%3D%3Dff;referrerUrl==contribute%25</segment>
			</row>
			<row>
				<nb_visits>0</nb_visits>
				<nb_actions>0</nb_actions>
				<max_actions>0</max_actions>
				<sum_visit_length>0</sum_visit_length>
				<bounce_count>0</bounce_count>
				<nb_visits_converted>0</nb_visits_converted>
				<sum_daily_nb_uniq_visitors>0</sum_daily_nb_uniq_visitors>
				<sum_daily_nb_users>0</sum_daily_nb_users>
				<nb_visits_change>-100%</nb_visits_change>
				<nb_actions_change>-100%</nb_actions_change>
				<max_actions_change>-100%</max_actions_change>
				<sum_visit_length_change>+0%</sum_visit_length_change>
				<bounce_count_change>-100%</bounce_count_change>
				<nb_visits_converted_change>-100%</nb_visits_converted_change>
				<sum_daily_nb_uniq_visitors_change>-100%</sum_daily_nb_uniq_visitors_change>
				<sum_daily_nb_users_change>+0%</sum_daily_nb_users_change>
				<compareSegment>browserCode%3D%3Die</compareSegment>
				<compareSegmentPretty>browserCode%3D%3Die</compareSegmentPretty>
				<comparePeriod>day</comparePeriod>
				<compareDate>2012-08-10</compareDate>
				<compareSeriesPretty>(Friday, August 10, 2012) (browserCode%3D%3Die)</compareSeriesPretty>
				<comparePeriodPretty>Friday, August 10, 2012</comparePeriodPretty>
				
				<segment>browserCode%3D%3Die;referrerUrl==contribute%25</segment>
			</row>
			<row>
				<nb_visits>1</nb_visits>
				<nb_actions>1</nb_actions>
				<max_actions>1</max_actions>
				<sum_visit_length>0</sum_visit_length>
				<bounce_count>1</bounce_count>
				<nb_visits_converted>1</nb_visits_converted>
				<sum_daily_nb_uniq_visitors>1</sum_daily_nb_uniq_visitors>
				<sum_daily_nb_users>0</sum_daily_nb_users>
				<nb_visits_change>+0%</nb_visits_change>
				<nb_actions_change>+0%</nb_actions_change>
				<max_actions_change>+0%</max_actions_change>
				<sum_visit_length_change>+0%</sum_visit_length_change>
				<bounce_count_change>+0%</bounce_count_change>
				<nb_visits_converted_change>+0%</nb_visits_converted_change>
				<sum_daily_nb_uniq_visitors_change>+0%</sum_daily_nb_uniq_visitors_change>
				<sum_daily_nb_users_change>+0%</sum_daily_nb_users_change>
				<compareSegment />
				<compareSegmentPretty>All visits</compareSegmentPretty>
				<comparePeriod>week</comparePeriod>
				<compareDate>2012-08-16</compareDate>
				<compareSeriesPretty>(Week August 13 – 19, 2012) (All visits)</compareSeriesPretty>
				<comparePeriodPretty>Week August 13 – 19, 2012</comparePeriodPretty>
				
				<segment>referrerUrl==contribute%25</segment>
			</row>
			<row>
				<nb_visits>0</nb_visits>
				<nb_actions>0</nb_actions>
				<max_actions>0</max_actions>
				<sum_visit_length>0</sum_visit_length>
				<bounce_count>0</bounce_count>
				<nb_visits_converted>0</nb_visits_converted>
				<sum_daily_nb_uniq_visitors>0</sum_daily_nb_uniq_visitors>
				<sum_daily_nb_users>0</sum_daily_nb_users>
				<nb_visits_change>-100%</nb_visits_change>
				<nb_actions_change>-100%</nb_actions_change>
				<max_actions_change>-100%</max_actions_change>
				<sum_visit_length_change>+0%</sum_visit_length_change>
				<bounce_count_change>-100%</bounce_count_change>
				<nb_visits_converted_change>-100%</nb_visits_converted_change>
				<sum_daily_nb_uniq_visitors_change>-100%</sum_daily_nb_uniq_visitors_change>
				<sum_daily_nb_users_change>+0%</sum_daily_nb_users_change>
				<compareSegment>browserCode%3D%3Dff</compareSegment>
				<compareSegmentPretty>browserCode%3D%3Dff</compareSegmentPretty>
				<comparePeriod>week</comparePeriod>
				<compareDate>2012-08-16</compareDate>
				<compareSeriesPretty>(Week August 13 – 19, 2012) (browserCode%3D%3Dff)</compareSeriesPretty>
				<comparePeriodPretty>Week August 13 – 19, 2012</comparePeriodPretty>
				
				<segment>browserCode%3D%3Dff;referrerUrl==contribute%25</segment>
			</row>
			<row>
				<nb_visits>1</nb_visits>
				<nb_actions>1</nb_actions>
				<max_actions>1</max_actions>
				<sum_visit_length>0</sum_visit_length>
				<bounce_count>1</bounce_count>
				<nb_visits_converted>1</nb_visits_converted>
				<sum_daily_nb_uniq_visitors>1</sum_daily_nb_uniq_visitors>
				<sum_daily_nb_users>0</sum_daily_nb_users>
				<nb_visits_change>+0%</nb_visits_change>
				<nb_actions_change>+0%</nb_actions_change>
				<max_actions_change>+0%</max_actions_change>
				<sum_visit_length_change>+0%</sum_visit_length_change>
				<bounce_count_change>+0%</bounce_count_change>
				<nb_visits_converted_change>+0%</nb_visits_converted_change>
				<sum_daily_nb_uniq_visitors_change>+0%</sum_daily_nb_uniq_visitors_change>
				<sum_daily_nb_users_change>+0%</sum_daily_nb_users_change>
				<compareSegment>browserCode%3D%3Die</compareSegment>
				<compareSegmentPretty>browserCode%3D%3Die</compareSegmentPretty>
				<comparePeriod>week</comparePeriod>
				<compareDate>2012-08-16</compareDate>
				<compareSeriesPretty>(Week August 13 – 19, 2012) (browserCode%3D%3Die)</compareSeriesPretty>
				<comparePeriodPretty>Week August 13 – 19, 2012</comparePeriodPretty>
				
				<segment>browserCode%3D%3Die;referrerUrl==contribute%25</segment>
			</row>
		</comparisons>
	</row>
</result>