<?xml version="1.0" encoding="utf-8" ?>
<results>
	<result idSite="1">
		<result date="2010-01">
			<row>
				<label> Im just a page</label>
				<nb_visits>1</nb_visits>
				<nb_hits>1</nb_hits>
				<sum_time_spent>36</sum_time_spent>
				<nb_hits_following_search>1</nb_hits_following_search>
				<sum_bandwidth>0</sum_bandwidth>
				<nb_hits_with_bandwidth>0</nb_hits_with_bandwidth>
				<min_bandwidth />
				<max_bandwidth />
				<sum_daily_nb_uniq_visitors>1</sum_daily_nb_uniq_visitors>
				<avg_bandwidth>0</avg_bandwidth>
				<avg_time_on_page>36</avg_time_on_page>
				<bounce_rate>0%</bounce_rate>
				<exit_rate>0%</exit_rate>
				<segment>pageTitle==Im+just+a+page</segment>
			</row>
			<row>
				<label> Pageview, not search</label>
				<nb_visits>1</nb_visits>
				<nb_hits>1</nb_hits>
				<sum_time_spent>0</sum_time_spent>
				<sum_bandwidth>0</sum_bandwidth>
				<nb_hits_with_bandwidth>0</nb_hits_with_bandwidth>
				<min_bandwidth />
				<max_bandwidth />
				<exit_nb_visits>1</exit_nb_visits>
				<sum_daily_nb_uniq_visitors>1</sum_daily_nb_uniq_visitors>
				<sum_daily_exit_nb_uniq_visitors>1</sum_daily_exit_nb_uniq_visitors>
				<avg_bandwidth>0</avg_bandwidth>
				<avg_time_on_page>0</avg_time_on_page>
				<bounce_rate>0%</bounce_rate>
				<exit_rate>100%</exit_rate>
				<segment>pageTitle==Pageview%2C+not+search</segment>
			</row>
			<row>
				<label> This is a pageview, not a Search - IS_FOLLOWING_SEARCH ONCE</label>
				<nb_visits>1</nb_visits>
				<nb_hits>2</nb_hits>
				<sum_time_spent>216</sum_time_spent>
				<nb_hits_following_search>1</nb_hits_following_search>
				<sum_bandwidth>0</sum_bandwidth>
				<nb_hits_with_bandwidth>0</nb_hits_with_bandwidth>
				<min_bandwidth />
				<max_bandwidth />
				<sum_daily_nb_uniq_visitors>1</sum_daily_nb_uniq_visitors>
				<avg_bandwidth>0</avg_bandwidth>
				<avg_time_on_page>108</avg_time_on_page>
				<bounce_rate>0%</bounce_rate>
				<exit_rate>0%</exit_rate>
				<segment>pageTitle==This+is+a+pageview%2C+not+a+Search+-+IS_FOLLOWING_SEARCH+ONCE</segment>
			</row>
		</result>
		<result date="2010-02" />
		<result date="2010-03" />
		<result date="2010-04" />
		<result date="2010-05" />
		<result date="2010-06" />
		<result date="2010-07" />
	</result>
	<result idSite="2">
		<result date="2010-01">
			<row>
				<label> IsPageView</label>
				<nb_visits>1</nb_visits>
				<nb_hits>1</nb_hits>
				<sum_time_spent>540</sum_time_spent>
				<sum_bandwidth>0</sum_bandwidth>
				<nb_hits_with_bandwidth>0</nb_hits_with_bandwidth>
				<min_bandwidth />
				<max_bandwidth />
				<entry_nb_visits>1</entry_nb_visits>
				<entry_nb_actions>5</entry_nb_actions>
				<entry_sum_visit_length>1081</entry_sum_visit_length>
				<entry_bounce_count>0</entry_bounce_count>
				<sum_daily_nb_uniq_visitors>1</sum_daily_nb_uniq_visitors>
				<sum_daily_entry_nb_uniq_visitors>1</sum_daily_entry_nb_uniq_visitors>
				<avg_bandwidth>0</avg_bandwidth>
				<avg_time_on_page>540</avg_time_on_page>
				<bounce_rate>0%</bounce_rate>
				<exit_rate>0%</exit_rate>
				<segment>pageTitle==IsPageView</segment>
			</row>
			<row>
				<label> This is a pageview, not a Search</label>
				<nb_visits>1</nb_visits>
				<nb_hits>1</nb_hits>
				<sum_time_spent>180</sum_time_spent>
				<sum_bandwidth>0</sum_bandwidth>
				<nb_hits_with_bandwidth>0</nb_hits_with_bandwidth>
				<min_bandwidth />
				<max_bandwidth />
				<sum_daily_nb_uniq_visitors>1</sum_daily_nb_uniq_visitors>
				<avg_bandwidth>0</avg_bandwidth>
				<avg_time_on_page>180</avg_time_on_page>
				<bounce_rate>0%</bounce_rate>
				<exit_rate>0%</exit_rate>
				<segment>pageTitle==This+is+a+pageview%2C+not+a+Search</segment>
			</row>
		</result>
		<result date="2010-02" />
		<result date="2010-03" />
		<result date="2010-04" />
		<result date="2010-05" />
		<result date="2010-06" />
		<result date="2010-07" />
	</result>
	<result idSite="3">
		<result date="2010-01">
			<row>
				<label> IsPageView</label>
				<nb_visits>1</nb_visits>
				<nb_hits>1</nb_hits>
				<sum_time_spent>540</sum_time_spent>
				<sum_bandwidth>0</sum_bandwidth>
				<nb_hits_with_bandwidth>0</nb_hits_with_bandwidth>
				<min_bandwidth />
				<max_bandwidth />
				<entry_nb_visits>1</entry_nb_visits>
				<entry_nb_actions>3</entry_nb_actions>
				<entry_sum_visit_length>541</entry_sum_visit_length>
				<entry_bounce_count>0</entry_bounce_count>
				<sum_daily_nb_uniq_visitors>1</sum_daily_nb_uniq_visitors>
				<sum_daily_entry_nb_uniq_visitors>1</sum_daily_entry_nb_uniq_visitors>
				<avg_bandwidth>0</avg_bandwidth>
				<avg_time_on_page>540</avg_time_on_page>
				<bounce_rate>0%</bounce_rate>
				<exit_rate>0%</exit_rate>
				<segment>pageTitle==IsPageView</segment>
			</row>
			<row>
				<label> Pageview: , Íslenska, Italiano, 日本語, ქართული, 한국어, Lietuvių, Latviešu, Norsk (bokmål), Nederlands, Norsk (nynorsk), Polski, Português brasileiro, Português, Română, Русский, Slovensky, Slovenščina, Shqip, Srpski, Svenska, తెలుగు, ภาษาไทย, Türkçe, Українська, 简体中文, 繁體中文.</label>
				<nb_visits>1</nb_visits>
				<nb_hits>1</nb_hits>
				<sum_time_spent>0</sum_time_spent>
				<sum_bandwidth>0</sum_bandwidth>
				<nb_hits_with_bandwidth>0</nb_hits_with_bandwidth>
				<min_bandwidth />
				<max_bandwidth />
				<exit_nb_visits>1</exit_nb_visits>
				<sum_daily_nb_uniq_visitors>1</sum_daily_nb_uniq_visitors>
				<sum_daily_exit_nb_uniq_visitors>1</sum_daily_exit_nb_uniq_visitors>
				<avg_bandwidth>0</avg_bandwidth>
				<avg_time_on_page>0</avg_time_on_page>
				<bounce_rate>0%</bounce_rate>
				<exit_rate>100%</exit_rate>
				<segment>pageTitle==Pageview%3A+%252C%2520%25C3%258Dslenska%252C%2520Italiano%252C%2520%25E6%2597%25A5%25E6%259C%25AC%25E8%25AA%259E%252C%2520%25E1%2583%25A5%25E1%2583%2590%25E1%2583%25A0%25E1%2583%2597%25E1%2583%25A3%25E1%2583%259A%25E1%2583%2598%252C%2520%25ED%2595%259C%25EA%25B5%25AD%25EC%2596%25B4%252C%2520Lietuvi%25C5%25B3%252C%2520Latvie%25C5%25A1u%252C%2520Norsk%2520%28bokm%25C3%25A5l%29%252C%2520Nederlands%252C%2520Norsk%2520%28nynorsk%29%252C%2520Polski%252C%2520Portugu%25C3%25AAs%2520brasileiro%252C%2520Portugu%25C3%25AAs%252C%2520Rom%25C3%25A2n%25C4%2583%252C%2520%25D0%25A0%25D1%2583%25D1%2581%25D1%2581%25D0%25BA%25D0%25B8%25D0%25B9%252C%2520Slovensky%252C%2520Sloven%25C5%25A1%25C4%258Dina%252C%2520Shqip%252C%2520Srpski%252C%2520Svenska%252C%2520%25E0%25B0%25A4%25E0%25B1%2586%25E0%25B0%25B2%25E0%25B1%2581%25E0%25B0%2597%25E0%25B1%2581%252C%2520%25E0%25B8%25A0%25E0%25B8%25B2%25E0%25B8%25A9%25E0%25B8%25B2%25E0%25B9%2584%25E0%25B8%2597%25E0%25B8%25A2%252C%2520T%25C3%25BCrk%25C3%25A7e%252C%2520%25D0%25A3%25D0%25BA%25D1%2580%25D0%25B0%25D1%2597%25D0%25BD%25D1%2581%25D1%258C%25D0%25BA%25D0%25B0%252C%2520%25E7%25AE%2580%25E4%25BD%2593%25E4%25B8%25AD%25E6%2596%2587%252C%2520%25E7%25B9%2581%25E9%25AB%2594%25E4%25B8%25AD%25E6%2596%2587.</segment>
			</row>
			<row>
				<label> This is a pageview, not a Search</label>
				<nb_visits>1</nb_visits>
				<nb_hits>1</nb_hits>
				<sum_time_spent>0</sum_time_spent>
				<sum_bandwidth>0</sum_bandwidth>
				<nb_hits_with_bandwidth>0</nb_hits_with_bandwidth>
				<min_bandwidth />
				<max_bandwidth />
				<sum_daily_nb_uniq_visitors>1</sum_daily_nb_uniq_visitors>
				<avg_bandwidth>0</avg_bandwidth>
				<avg_time_on_page>0</avg_time_on_page>
				<bounce_rate>0%</bounce_rate>
				<exit_rate>0%</exit_rate>
				<segment>pageTitle==This+is+a+pageview%2C+not+a+Search</segment>
			</row>
		</result>
		<result date="2010-02" />
		<result date="2010-03" />
		<result date="2010-04" />
		<result date="2010-05" />
		<result date="2010-06" />
		<result date="2010-07" />
	</result>
</results>