<?xml version="1.0" encoding="utf-8" ?>
<result>
	<row>
		<label>Site AAAAAA</label>
		<nb_visits>2</nb_visits>
		<nb_actions>3</nb_actions>
		<nb_pageviews>3</nb_pageviews>
		<revenue>0</revenue>
		<visits_evolution>0%</visits_evolution>
		<actions_evolution>0%</actions_evolution>
		<pageviews_evolution>0%</pageviews_evolution>
		<revenue_evolution>0%</revenue_evolution>
		<idsite>1</idsite>
		<ratio>1</ratio>
		<previous_nb_visits>2</previous_nb_visits>
		<periodName>day</periodName>
		<previousRange>2010-12-14 - 2010-12-14</previousRange>
	 	<previous_nb_actions>3</previous_nb_actions>
		<previous_Actions_nb_pageviews>3</previous_Actions_nb_pageviews>
		<previous_Goal_revenue>0</previous_Goal_revenue>
		<group />
		<main_url>http://piwik.net</main_url>
	</row>
</result>