<?xml version="1.0" encoding="utf-8" ?>
<result>
	<nb_uniq_visitors>33</nb_uniq_visitors>
	<nb_users>1</nb_users>
	<nb_visits>33</nb_visits>
	<nb_actions>36</nb_actions>
	<nb_visits_converted>31</nb_visits_converted>
	<bounce_count>31</bounce_count>
	<sum_visit_length>305</sum_visit_length>
	<max_actions>3</max_actions>
	<bounce_rate>94%</bounce_rate>
	<nb_actions_per_visit>1.1</nb_actions_per_visit>
	<avg_time_on_site>9</avg_time_on_site>
	<comparisons>
		<row>
			<nb_uniq_visitors>33</nb_uniq_visitors>
			<nb_users>1</nb_users>
			<nb_visits>33</nb_visits>
			<nb_actions>36</nb_actions>
			<nb_visits_converted>31</nb_visits_converted>
			<bounce_count>31</bounce_count>
			<sum_visit_length>305</sum_visit_length>
			<max_actions>3</max_actions>
			<bounce_rate>94%</bounce_rate>
			<nb_actions_per_visit>1.1</nb_actions_per_visit>
			<avg_time_on_site>9</avg_time_on_site>
			<nb_uniq_visitors_change>+0%</nb_uniq_visitors_change>
			<nb_users_change>+0%</nb_users_change>
			<nb_visits_change>+0%</nb_visits_change>
			<nb_actions_change>+0%</nb_actions_change>
			<nb_visits_converted_change>+0%</nb_visits_converted_change>
			<bounce_count_change>+0%</bounce_count_change>
			<sum_visit_length_change>+0%</sum_visit_length_change>
			<max_actions_change>+0%</max_actions_change>
			<bounce_rate_change>+0%</bounce_rate_change>
			<nb_actions_per_visit_change>+0%</nb_actions_per_visit_change>
			<avg_time_on_site_change>+0%</avg_time_on_site_change>
			<compareSegment />
			<compareSegmentPretty>All visits</compareSegmentPretty>
			<comparePeriodOriginal>month</comparePeriodOriginal>
			<comparePeriod>month</comparePeriod>
			<compareDateOriginal>2012-08-09</compareDateOriginal>
			<compareDate>2012-08-01</compareDate>
			<compareSeriesPretty>(August 2012) (All visits)</compareSeriesPretty>
			<comparePeriodPretty>August 2012</comparePeriodPretty>
			
		</row>
		<row>
			<nb_uniq_visitors>2</nb_uniq_visitors>
			<nb_users>0</nb_users>
			<nb_visits>2</nb_visits>
			<nb_actions>2</nb_actions>
			<nb_visits_converted>2</nb_visits_converted>
			<bounce_count>2</bounce_count>
			<sum_visit_length>0</sum_visit_length>
			<max_actions>1</max_actions>
			<bounce_rate>100%</bounce_rate>
			<nb_actions_per_visit>1</nb_actions_per_visit>
			<avg_time_on_site>0</avg_time_on_site>
			<nb_uniq_visitors_change>+0%</nb_uniq_visitors_change>
			<nb_users_change>+0%</nb_users_change>
			<nb_visits_change>+0%</nb_visits_change>
			<nb_actions_change>+0%</nb_actions_change>
			<nb_visits_converted_change>+0%</nb_visits_converted_change>
			<bounce_count_change>+0%</bounce_count_change>
			<sum_visit_length_change>+0%</sum_visit_length_change>
			<max_actions_change>+0%</max_actions_change>
			<bounce_rate_change>+0%</bounce_rate_change>
			<nb_actions_per_visit_change>+0%</nb_actions_per_visit_change>
			<avg_time_on_site_change>+0%</avg_time_on_site_change>
			<compareSegment>browserCode%3D%3Dff</compareSegment>
			<compareSegmentPretty>browserCode%3D%3Dff</compareSegmentPretty>
			<comparePeriodOriginal>month</comparePeriodOriginal>
			<comparePeriod>month</comparePeriod>
			<compareDateOriginal>2012-08-09</compareDateOriginal>
			<compareDate>2012-08-01</compareDate>
			<compareSeriesPretty>(August 2012) (browserCode%3D%3Dff)</compareSeriesPretty>
			<comparePeriodPretty>August 2012</comparePeriodPretty>
			
		</row>
		<row>
			<nb_uniq_visitors>6</nb_uniq_visitors>
			<nb_users>0</nb_users>
			<nb_visits>6</nb_visits>
			<nb_actions>6</nb_actions>
			<nb_visits_converted>6</nb_visits_converted>
			<bounce_count>6</bounce_count>
			<sum_visit_length>0</sum_visit_length>
			<max_actions>1</max_actions>
			<bounce_rate>100%</bounce_rate>
			<nb_actions_per_visit>1</nb_actions_per_visit>
			<avg_time_on_site>0</avg_time_on_site>
			<nb_uniq_visitors_change>+0%</nb_uniq_visitors_change>
			<nb_users_change>+0%</nb_users_change>
			<nb_visits_change>+0%</nb_visits_change>
			<nb_actions_change>+0%</nb_actions_change>
			<nb_visits_converted_change>+0%</nb_visits_converted_change>
			<bounce_count_change>+0%</bounce_count_change>
			<sum_visit_length_change>+0%</sum_visit_length_change>
			<max_actions_change>+0%</max_actions_change>
			<bounce_rate_change>+0%</bounce_rate_change>
			<nb_actions_per_visit_change>+0%</nb_actions_per_visit_change>
			<avg_time_on_site_change>+0%</avg_time_on_site_change>
			<compareSegment>browserCode%3D%3Die</compareSegment>
			<compareSegmentPretty>browserCode%3D%3Die</compareSegmentPretty>
			<comparePeriodOriginal>month</comparePeriodOriginal>
			<comparePeriod>month</comparePeriod>
			<compareDateOriginal>2012-08-09</compareDateOriginal>
			<compareDate>2012-08-01</compareDate>
			<compareSeriesPretty>(August 2012) (browserCode%3D%3Die)</compareSeriesPretty>
			<comparePeriodPretty>August 2012</comparePeriodPretty>
			
		</row>
		<row>
			<nb_uniq_visitors>8</nb_uniq_visitors>
			<nb_users>0</nb_users>
			<nb_visits>8</nb_visits>
			<nb_actions>8</nb_actions>
			<nb_visits_converted>8</nb_visits_converted>
			<bounce_count>8</bounce_count>
			<sum_visit_length>0</sum_visit_length>
			<max_actions>1</max_actions>
			<bounce_rate>100%</bounce_rate>
			<nb_actions_per_visit>1</nb_actions_per_visit>
			<avg_time_on_site>0</avg_time_on_site>
			<nb_uniq_visitors_change>-75.8%</nb_uniq_visitors_change>
			<nb_users_change>-100%</nb_users_change>
			<nb_visits_change>-75.8%</nb_visits_change>
			<nb_actions_change>-77.8%</nb_actions_change>
			<nb_visits_converted_change>-74.2%</nb_visits_converted_change>
			<bounce_count_change>-74.2%</bounce_count_change>
			<sum_visit_length_change>-100%</sum_visit_length_change>
			<max_actions_change>-66.7%</max_actions_change>
			<bounce_rate_change>+6.4%</bounce_rate_change>
			<nb_actions_per_visit_change>-9.1%</nb_actions_per_visit_change>
			<avg_time_on_site_change>-100%</avg_time_on_site_change>
			<compareSegment />
			<compareSegmentPretty>All visits</compareSegmentPretty>
			<comparePeriodOriginal>day</comparePeriodOriginal>
			<comparePeriod>day</comparePeriod>
			<compareDateOriginal>2012-08-10</compareDateOriginal>
			<compareDate>2012-08-10</compareDate>
			<compareSeriesPretty>(Friday, August 10, 2012) (All visits)</compareSeriesPretty>
			<comparePeriodPretty>Friday, August 10, 2012</comparePeriodPretty>
			
		</row>
		<row>
			<nb_uniq_visitors>0</nb_uniq_visitors>
			<nb_users>0</nb_users>
			<nb_visits>0</nb_visits>
			<nb_actions>0</nb_actions>
			<nb_visits_converted>0</nb_visits_converted>
			<bounce_count>0</bounce_count>
			<sum_visit_length>0</sum_visit_length>
			<max_actions>0</max_actions>
			<bounce_rate>0%</bounce_rate>
			<nb_actions_per_visit>0</nb_actions_per_visit>
			<avg_time_on_site>0</avg_time_on_site>
			<nb_uniq_visitors_change>-100%</nb_uniq_visitors_change>
			<nb_users_change>+0%</nb_users_change>
			<nb_visits_change>-100%</nb_visits_change>
			<nb_actions_change>-100%</nb_actions_change>
			<nb_visits_converted_change>-100%</nb_visits_converted_change>
			<bounce_count_change>-100%</bounce_count_change>
			<sum_visit_length_change>+0%</sum_visit_length_change>
			<max_actions_change>-100%</max_actions_change>
			<bounce_rate_change>-100%</bounce_rate_change>
			<nb_actions_per_visit_change>-100%</nb_actions_per_visit_change>
			<avg_time_on_site_change>+0%</avg_time_on_site_change>
			<compareSegment>browserCode%3D%3Dff</compareSegment>
			<compareSegmentPretty>browserCode%3D%3Dff</compareSegmentPretty>
			<comparePeriodOriginal>day</comparePeriodOriginal>
			<comparePeriod>day</comparePeriod>
			<compareDateOriginal>2012-08-10</compareDateOriginal>
			<compareDate>2012-08-10</compareDate>
			<compareSeriesPretty>(Friday, August 10, 2012) (browserCode%3D%3Dff)</compareSeriesPretty>
			<comparePeriodPretty>Friday, August 10, 2012</comparePeriodPretty>
			
		</row>
		<row>
			<nb_uniq_visitors>3</nb_uniq_visitors>
			<nb_users>0</nb_users>
			<nb_visits>3</nb_visits>
			<nb_actions>3</nb_actions>
			<nb_visits_converted>3</nb_visits_converted>
			<bounce_count>3</bounce_count>
			<sum_visit_length>0</sum_visit_length>
			<max_actions>1</max_actions>
			<bounce_rate>100%</bounce_rate>
			<nb_actions_per_visit>1</nb_actions_per_visit>
			<avg_time_on_site>0</avg_time_on_site>
			<nb_uniq_visitors_change>-50%</nb_uniq_visitors_change>
			<nb_users_change>+0%</nb_users_change>
			<nb_visits_change>-50%</nb_visits_change>
			<nb_actions_change>-50%</nb_actions_change>
			<nb_visits_converted_change>-50%</nb_visits_converted_change>
			<bounce_count_change>-50%</bounce_count_change>
			<sum_visit_length_change>+0%</sum_visit_length_change>
			<max_actions_change>+0%</max_actions_change>
			<bounce_rate_change>+0%</bounce_rate_change>
			<nb_actions_per_visit_change>+0%</nb_actions_per_visit_change>
			<avg_time_on_site_change>+0%</avg_time_on_site_change>
			<compareSegment>browserCode%3D%3Die</compareSegment>
			<compareSegmentPretty>browserCode%3D%3Die</compareSegmentPretty>
			<comparePeriodOriginal>day</comparePeriodOriginal>
			<comparePeriod>day</comparePeriod>
			<compareDateOriginal>2012-08-10</compareDateOriginal>
			<compareDate>2012-08-10</compareDate>
			<compareSeriesPretty>(Friday, August 10, 2012) (browserCode%3D%3Die)</compareSeriesPretty>
			<comparePeriodPretty>Friday, August 10, 2012</comparePeriodPretty>
			
		</row>
		<row>
			<nb_uniq_visitors>3</nb_uniq_visitors>
			<nb_users>0</nb_users>
			<nb_visits>3</nb_visits>
			<nb_actions>3</nb_actions>
			<nb_visits_converted>3</nb_visits_converted>
			<bounce_count>3</bounce_count>
			<sum_visit_length>0</sum_visit_length>
			<max_actions>1</max_actions>
			<bounce_rate>100%</bounce_rate>
			<nb_actions_per_visit>1</nb_actions_per_visit>
			<avg_time_on_site>0</avg_time_on_site>
			<nb_uniq_visitors_change>-90.9%</nb_uniq_visitors_change>
			<nb_users_change>-100%</nb_users_change>
			<nb_visits_change>-90.9%</nb_visits_change>
			<nb_actions_change>-91.7%</nb_actions_change>
			<nb_visits_converted_change>-90.3%</nb_visits_converted_change>
			<bounce_count_change>-90.3%</bounce_count_change>
			<sum_visit_length_change>-100%</sum_visit_length_change>
			<max_actions_change>-66.7%</max_actions_change>
			<bounce_rate_change>+6.4%</bounce_rate_change>
			<nb_actions_per_visit_change>-9.1%</nb_actions_per_visit_change>
			<avg_time_on_site_change>-100%</avg_time_on_site_change>
			<compareSegment />
			<compareSegmentPretty>All visits</compareSegmentPretty>
			<comparePeriodOriginal>week</comparePeriodOriginal>
			<comparePeriod>week</comparePeriod>
			<compareDateOriginal>2012-08-16</compareDateOriginal>
			<compareDate>2012-08-13</compareDate>
			<compareSeriesPretty>(Week August 13 – 19, 2012) (All visits)</compareSeriesPretty>
			<comparePeriodPretty>Week August 13 – 19, 2012</comparePeriodPretty>
			
		</row>
		<row>
			<nb_uniq_visitors>0</nb_uniq_visitors>
			<nb_users>0</nb_users>
			<nb_visits>0</nb_visits>
			<nb_actions>0</nb_actions>
			<nb_visits_converted>0</nb_visits_converted>
			<bounce_count>0</bounce_count>
			<sum_visit_length>0</sum_visit_length>
			<max_actions>0</max_actions>
			<bounce_rate>0%</bounce_rate>
			<nb_actions_per_visit>0</nb_actions_per_visit>
			<avg_time_on_site>0</avg_time_on_site>
			<nb_uniq_visitors_change>-100%</nb_uniq_visitors_change>
			<nb_users_change>+0%</nb_users_change>
			<nb_visits_change>-100%</nb_visits_change>
			<nb_actions_change>-100%</nb_actions_change>
			<nb_visits_converted_change>-100%</nb_visits_converted_change>
			<bounce_count_change>-100%</bounce_count_change>
			<sum_visit_length_change>+0%</sum_visit_length_change>
			<max_actions_change>-100%</max_actions_change>
			<bounce_rate_change>-100%</bounce_rate_change>
			<nb_actions_per_visit_change>-100%</nb_actions_per_visit_change>
			<avg_time_on_site_change>+0%</avg_time_on_site_change>
			<compareSegment>browserCode%3D%3Dff</compareSegment>
			<compareSegmentPretty>browserCode%3D%3Dff</compareSegmentPretty>
			<comparePeriodOriginal>week</comparePeriodOriginal>
			<comparePeriod>week</comparePeriod>
			<compareDateOriginal>2012-08-16</compareDateOriginal>
			<compareDate>2012-08-13</compareDate>
			<compareSeriesPretty>(Week August 13 – 19, 2012) (browserCode%3D%3Dff)</compareSeriesPretty>
			<comparePeriodPretty>Week August 13 – 19, 2012</comparePeriodPretty>
			
		</row>
		<row>
			<nb_uniq_visitors>1</nb_uniq_visitors>
			<nb_users>0</nb_users>
			<nb_visits>1</nb_visits>
			<nb_actions>1</nb_actions>
			<nb_visits_converted>1</nb_visits_converted>
			<bounce_count>1</bounce_count>
			<sum_visit_length>0</sum_visit_length>
			<max_actions>1</max_actions>
			<bounce_rate>100%</bounce_rate>
			<nb_actions_per_visit>1</nb_actions_per_visit>
			<avg_time_on_site>0</avg_time_on_site>
			<nb_uniq_visitors_change>-83.3%</nb_uniq_visitors_change>
			<nb_users_change>+0%</nb_users_change>
			<nb_visits_change>-83.3%</nb_visits_change>
			<nb_actions_change>-83.3%</nb_actions_change>
			<nb_visits_converted_change>-83.3%</nb_visits_converted_change>
			<bounce_count_change>-83.3%</bounce_count_change>
			<sum_visit_length_change>+0%</sum_visit_length_change>
			<max_actions_change>+0%</max_actions_change>
			<bounce_rate_change>+0%</bounce_rate_change>
			<nb_actions_per_visit_change>+0%</nb_actions_per_visit_change>
			<avg_time_on_site_change>+0%</avg_time_on_site_change>
			<compareSegment>browserCode%3D%3Die</compareSegment>
			<compareSegmentPretty>browserCode%3D%3Die</compareSegmentPretty>
			<comparePeriodOriginal>week</comparePeriodOriginal>
			<comparePeriod>week</comparePeriod>
			<compareDateOriginal>2012-08-16</compareDateOriginal>
			<compareDate>2012-08-13</compareDate>
			<compareSeriesPretty>(Week August 13 – 19, 2012) (browserCode%3D%3Die)</compareSeriesPretty>
			<comparePeriodPretty>Week August 13 – 19, 2012</comparePeriodPretty>
			
		</row>
	</comparisons>
</result>