<?xml version="1.0" encoding="utf-8" ?>
<result>
	<row>
		<label>piwik.org</label>
		<nb_visits>1</nb_visits>
		<nb_actions>1</nb_actions>
		<max_actions>1</max_actions>
		<sum_visit_length>0</sum_visit_length>
		<bounce_count>1</bounce_count>
		<goals>
			<row idgoal='1'>
				<nb_conversions>1</nb_conversions>
				<nb_visits_converted>1</nb_visits_converted>
				<revenue>5</revenue>
			</row>
		</goals>
		<nb_conversions>1</nb_conversions>
		<revenue>5</revenue>
		<sum_daily_nb_uniq_visitors>1</sum_daily_nb_uniq_visitors>
		<sum_daily_nb_users>0</sum_daily_nb_users>
		<referer_type>3</referer_type>
		<comparisons>
			<row>
				<nb_visits>1</nb_visits>
				<nb_actions>1</nb_actions>
				<max_actions>1</max_actions>
				<sum_visit_length>0</sum_visit_length>
				<bounce_count>1</bounce_count>
				<nb_conversions>1</nb_conversions>
				<revenue>5</revenue>
				<sum_daily_nb_uniq_visitors>1</sum_daily_nb_uniq_visitors>
				<sum_daily_nb_users>0</sum_daily_nb_users>
				<nb_visits_change>+0%</nb_visits_change>
				<nb_actions_change>+0%</nb_actions_change>
				<max_actions_change>+0%</max_actions_change>
				<sum_visit_length_change>+0%</sum_visit_length_change>
				<bounce_count_change>+0%</bounce_count_change>
				<nb_conversions_change>+0%</nb_conversions_change>
				<revenue_change>+0%</revenue_change>
				<sum_daily_nb_uniq_visitors_change>+0%</sum_daily_nb_uniq_visitors_change>
				<sum_daily_nb_users_change>+0%</sum_daily_nb_users_change>
				<compareSegment />
				<compareSegmentPretty>All visits</compareSegmentPretty>
				<comparePeriodPretty>August 9 – 16, 2012</comparePeriodPretty>
				
			</row>
			<row>
				<nb_visits>0</nb_visits>
				<nb_actions>0</nb_actions>
				<max_actions>0</max_actions>
				<sum_visit_length>0</sum_visit_length>
				<bounce_count>0</bounce_count>
				<nb_conversions>0</nb_conversions>
				<revenue>0</revenue>
				<sum_daily_nb_uniq_visitors>0</sum_daily_nb_uniq_visitors>
				<sum_daily_nb_users>0</sum_daily_nb_users>
				<nb_visits_change>-100%</nb_visits_change>
				<nb_actions_change>-100%</nb_actions_change>
				<max_actions_change>-100%</max_actions_change>
				<sum_visit_length_change>+0%</sum_visit_length_change>
				<bounce_count_change>-100%</bounce_count_change>
				<nb_conversions_change>-100%</nb_conversions_change>
				<revenue_change>-100%</revenue_change>
				<sum_daily_nb_uniq_visitors_change>-100%</sum_daily_nb_uniq_visitors_change>
				<sum_daily_nb_users_change>+0%</sum_daily_nb_users_change>
				<compareSegment>browserCode%3D%3Dff</compareSegment>
				<compareSegmentPretty>browserCode%3D%3Dff</compareSegmentPretty>
				<comparePeriodPretty>August 9 – 16, 2012</comparePeriodPretty>
				
			</row>
			<row>
				<nb_visits>1</nb_visits>
				<nb_actions>1</nb_actions>
				<max_actions>1</max_actions>
				<sum_visit_length>0</sum_visit_length>
				<bounce_count>1</bounce_count>
				<nb_conversions>1</nb_conversions>
				<revenue>5</revenue>
				<sum_daily_nb_uniq_visitors>1</sum_daily_nb_uniq_visitors>
				<sum_daily_nb_users>0</sum_daily_nb_users>
				<nb_visits_change>+0%</nb_visits_change>
				<nb_actions_change>+0%</nb_actions_change>
				<max_actions_change>+0%</max_actions_change>
				<sum_visit_length_change>+0%</sum_visit_length_change>
				<bounce_count_change>+0%</bounce_count_change>
				<nb_conversions_change>+0%</nb_conversions_change>
				<revenue_change>+0%</revenue_change>
				<sum_daily_nb_uniq_visitors_change>+0%</sum_daily_nb_uniq_visitors_change>
				<sum_daily_nb_users_change>+0%</sum_daily_nb_users_change>
				<compareSegment>browserCode%3D%3Die</compareSegment>
				<compareSegmentPretty>browserCode%3D%3Die</compareSegmentPretty>
				<comparePeriodPretty>August 9 – 16, 2012</comparePeriodPretty>
				
			</row>
			<row>
				<nb_visits>0</nb_visits>
				<nb_actions>0</nb_actions>
				<max_actions>0</max_actions>
				<sum_visit_length>0</sum_visit_length>
				<bounce_count>0</bounce_count>
				<nb_conversions>0</nb_conversions>
				<revenue>0</revenue>
				<sum_daily_nb_uniq_visitors>0</sum_daily_nb_uniq_visitors>
				<sum_daily_nb_users>0</sum_daily_nb_users>
				<nb_visits_change>-100%</nb_visits_change>
				<nb_actions_change>-100%</nb_actions_change>
				<max_actions_change>-100%</max_actions_change>
				<sum_visit_length_change>+0%</sum_visit_length_change>
				<bounce_count_change>-100%</bounce_count_change>
				<nb_conversions_change>-100%</nb_conversions_change>
				<revenue_change>-100%</revenue_change>
				<sum_daily_nb_uniq_visitors_change>-100%</sum_daily_nb_uniq_visitors_change>
				<sum_daily_nb_users_change>+0%</sum_daily_nb_users_change>
				<compareSegment />
				<comparePeriod>day</comparePeriod>
				<compareDate>2012-08-10</compareDate>
				<compareSegmentPretty>All visits</compareSegmentPretty>
				<comparePeriodPretty>Friday, August 10, 2012</comparePeriodPretty>
				
			</row>
			<row>
				<nb_visits>0</nb_visits>
				<nb_actions>0</nb_actions>
				<max_actions>0</max_actions>
				<sum_visit_length>0</sum_visit_length>
				<bounce_count>0</bounce_count>
				<nb_conversions>0</nb_conversions>
				<revenue>0</revenue>
				<sum_daily_nb_uniq_visitors>0</sum_daily_nb_uniq_visitors>
				<sum_daily_nb_users>0</sum_daily_nb_users>
				<nb_visits_change>-100%</nb_visits_change>
				<nb_actions_change>-100%</nb_actions_change>
				<max_actions_change>-100%</max_actions_change>
				<sum_visit_length_change>+0%</sum_visit_length_change>
				<bounce_count_change>-100%</bounce_count_change>
				<nb_conversions_change>-100%</nb_conversions_change>
				<revenue_change>-100%</revenue_change>
				<sum_daily_nb_uniq_visitors_change>-100%</sum_daily_nb_uniq_visitors_change>
				<sum_daily_nb_users_change>+0%</sum_daily_nb_users_change>
				<compareSegment>browserCode%3D%3Dff</compareSegment>
				<comparePeriod>day</comparePeriod>
				<compareDate>2012-08-10</compareDate>
				<compareSegmentPretty>browserCode%3D%3Dff</compareSegmentPretty>
				<comparePeriodPretty>Friday, August 10, 2012</comparePeriodPretty>
				
			</row>
			<row>
				<nb_visits>0</nb_visits>
				<nb_actions>0</nb_actions>
				<max_actions>0</max_actions>
				<sum_visit_length>0</sum_visit_length>
				<bounce_count>0</bounce_count>
				<nb_conversions>0</nb_conversions>
				<revenue>0</revenue>
				<sum_daily_nb_uniq_visitors>0</sum_daily_nb_uniq_visitors>
				<sum_daily_nb_users>0</sum_daily_nb_users>
				<nb_visits_change>-100%</nb_visits_change>
				<nb_actions_change>-100%</nb_actions_change>
				<max_actions_change>-100%</max_actions_change>
				<sum_visit_length_change>+0%</sum_visit_length_change>
				<bounce_count_change>-100%</bounce_count_change>
				<nb_conversions_change>-100%</nb_conversions_change>
				<revenue_change>-100%</revenue_change>
				<sum_daily_nb_uniq_visitors_change>-100%</sum_daily_nb_uniq_visitors_change>
				<sum_daily_nb_users_change>+0%</sum_daily_nb_users_change>
				<compareSegment>browserCode%3D%3Die</compareSegment>
				<comparePeriod>day</comparePeriod>
				<compareDate>2012-08-10</compareDate>
				<compareSegmentPretty>browserCode%3D%3Die</compareSegmentPretty>
				<comparePeriodPretty>Friday, August 10, 2012</comparePeriodPretty>
				
			</row>
			<row>
				<nb_visits>1</nb_visits>
				<nb_actions>1</nb_actions>
				<max_actions>1</max_actions>
				<sum_visit_length>0</sum_visit_length>
				<bounce_count>1</bounce_count>
				<nb_conversions>1</nb_conversions>
				<revenue>5</revenue>
				<sum_daily_nb_uniq_visitors>1</sum_daily_nb_uniq_visitors>
				<sum_daily_nb_users>0</sum_daily_nb_users>
				<nb_visits_change>+0%</nb_visits_change>
				<nb_actions_change>+0%</nb_actions_change>
				<max_actions_change>+0%</max_actions_change>
				<sum_visit_length_change>+0%</sum_visit_length_change>
				<bounce_count_change>+0%</bounce_count_change>
				<nb_conversions_change>+0%</nb_conversions_change>
				<revenue_change>+0%</revenue_change>
				<sum_daily_nb_uniq_visitors_change>+0%</sum_daily_nb_uniq_visitors_change>
				<sum_daily_nb_users_change>+0%</sum_daily_nb_users_change>
				<compareSegment />
				<comparePeriod>week</comparePeriod>
				<compareDate>2012-08-16</compareDate>
				<compareSegmentPretty>All visits</compareSegmentPretty>
				<comparePeriodPretty>Week August 13 – 19, 2012</comparePeriodPretty>
				
			</row>
			<row>
				<nb_visits>0</nb_visits>
				<nb_actions>0</nb_actions>
				<max_actions>0</max_actions>
				<sum_visit_length>0</sum_visit_length>
				<bounce_count>0</bounce_count>
				<nb_conversions>0</nb_conversions>
				<revenue>0</revenue>
				<sum_daily_nb_uniq_visitors>0</sum_daily_nb_uniq_visitors>
				<sum_daily_nb_users>0</sum_daily_nb_users>
				<nb_visits_change>-100%</nb_visits_change>
				<nb_actions_change>-100%</nb_actions_change>
				<max_actions_change>-100%</max_actions_change>
				<sum_visit_length_change>+0%</sum_visit_length_change>
				<bounce_count_change>-100%</bounce_count_change>
				<nb_conversions_change>-100%</nb_conversions_change>
				<revenue_change>-100%</revenue_change>
				<sum_daily_nb_uniq_visitors_change>-100%</sum_daily_nb_uniq_visitors_change>
				<sum_daily_nb_users_change>+0%</sum_daily_nb_users_change>
				<compareSegment>browserCode%3D%3Dff</compareSegment>
				<comparePeriod>week</comparePeriod>
				<compareDate>2012-08-16</compareDate>
				<compareSegmentPretty>browserCode%3D%3Dff</compareSegmentPretty>
				<comparePeriodPretty>Week August 13 – 19, 2012</comparePeriodPretty>
				
			</row>
			<row>
				<nb_visits>1</nb_visits>
				<nb_actions>1</nb_actions>
				<max_actions>1</max_actions>
				<sum_visit_length>0</sum_visit_length>
				<bounce_count>1</bounce_count>
				<nb_conversions>1</nb_conversions>
				<revenue>5</revenue>
				<sum_daily_nb_uniq_visitors>1</sum_daily_nb_uniq_visitors>
				<sum_daily_nb_users>0</sum_daily_nb_users>
				<nb_visits_change>+0%</nb_visits_change>
				<nb_actions_change>+0%</nb_actions_change>
				<max_actions_change>+0%</max_actions_change>
				<sum_visit_length_change>+0%</sum_visit_length_change>
				<bounce_count_change>+0%</bounce_count_change>
				<nb_conversions_change>+0%</nb_conversions_change>
				<revenue_change>+0%</revenue_change>
				<sum_daily_nb_uniq_visitors_change>+0%</sum_daily_nb_uniq_visitors_change>
				<sum_daily_nb_users_change>+0%</sum_daily_nb_users_change>
				<compareSegment>browserCode%3D%3Die</compareSegment>
				<comparePeriod>week</comparePeriod>
				<compareDate>2012-08-16</compareDate>
				<compareSegmentPretty>browserCode%3D%3Die</compareSegmentPretty>
				<comparePeriodPretty>Week August 13 – 19, 2012</comparePeriodPretty>
				
			</row>
		</comparisons>
	</row>
	<row>
		<label>sn110w.snt110.mail.live.com</label>
		<nb_visits>1</nb_visits>
		<nb_actions>1</nb_actions>
		<max_actions>1</max_actions>
		<sum_visit_length>0</sum_visit_length>
		<bounce_count>1</bounce_count>
		<goals>
			<row idgoal='1'>
				<nb_conversions>1</nb_conversions>
				<nb_visits_converted>1</nb_visits_converted>
				<revenue>5</revenue>
			</row>
		</goals>
		<nb_conversions>1</nb_conversions>
		<revenue>5</revenue>
		<sum_daily_nb_uniq_visitors>1</sum_daily_nb_uniq_visitors>
		<sum_daily_nb_users>0</sum_daily_nb_users>
		<referer_type>3</referer_type>
		<comparisons>
			<row>
				<nb_visits>1</nb_visits>
				<nb_actions>1</nb_actions>
				<max_actions>1</max_actions>
				<sum_visit_length>0</sum_visit_length>
				<bounce_count>1</bounce_count>
				<nb_conversions>1</nb_conversions>
				<revenue>5</revenue>
				<sum_daily_nb_uniq_visitors>1</sum_daily_nb_uniq_visitors>
				<sum_daily_nb_users>0</sum_daily_nb_users>
				<nb_visits_change>+0%</nb_visits_change>
				<nb_actions_change>+0%</nb_actions_change>
				<max_actions_change>+0%</max_actions_change>
				<sum_visit_length_change>+0%</sum_visit_length_change>
				<bounce_count_change>+0%</bounce_count_change>
				<nb_conversions_change>+0%</nb_conversions_change>
				<revenue_change>+0%</revenue_change>
				<sum_daily_nb_uniq_visitors_change>+0%</sum_daily_nb_uniq_visitors_change>
				<sum_daily_nb_users_change>+0%</sum_daily_nb_users_change>
				<compareSegment />
				<compareSegmentPretty>All visits</compareSegmentPretty>
				<comparePeriodPretty>August 9 – 16, 2012</comparePeriodPretty>
				
			</row>
			<row>
				<nb_visits>0</nb_visits>
				<nb_actions>0</nb_actions>
				<max_actions>0</max_actions>
				<sum_visit_length>0</sum_visit_length>
				<bounce_count>0</bounce_count>
				<nb_conversions>0</nb_conversions>
				<revenue>0</revenue>
				<sum_daily_nb_uniq_visitors>0</sum_daily_nb_uniq_visitors>
				<sum_daily_nb_users>0</sum_daily_nb_users>
				<nb_visits_change>-100%</nb_visits_change>
				<nb_actions_change>-100%</nb_actions_change>
				<max_actions_change>-100%</max_actions_change>
				<sum_visit_length_change>+0%</sum_visit_length_change>
				<bounce_count_change>-100%</bounce_count_change>
				<nb_conversions_change>-100%</nb_conversions_change>
				<revenue_change>-100%</revenue_change>
				<sum_daily_nb_uniq_visitors_change>-100%</sum_daily_nb_uniq_visitors_change>
				<sum_daily_nb_users_change>+0%</sum_daily_nb_users_change>
				<compareSegment>browserCode%3D%3Dff</compareSegment>
				<compareSegmentPretty>browserCode%3D%3Dff</compareSegmentPretty>
				<comparePeriodPretty>August 9 – 16, 2012</comparePeriodPretty>
				
			</row>
			<row>
				<nb_visits>0</nb_visits>
				<nb_actions>0</nb_actions>
				<max_actions>0</max_actions>
				<sum_visit_length>0</sum_visit_length>
				<bounce_count>0</bounce_count>
				<nb_conversions>0</nb_conversions>
				<revenue>0</revenue>
				<sum_daily_nb_uniq_visitors>0</sum_daily_nb_uniq_visitors>
				<sum_daily_nb_users>0</sum_daily_nb_users>
				<nb_visits_change>-100%</nb_visits_change>
				<nb_actions_change>-100%</nb_actions_change>
				<max_actions_change>-100%</max_actions_change>
				<sum_visit_length_change>+0%</sum_visit_length_change>
				<bounce_count_change>-100%</bounce_count_change>
				<nb_conversions_change>-100%</nb_conversions_change>
				<revenue_change>-100%</revenue_change>
				<sum_daily_nb_uniq_visitors_change>-100%</sum_daily_nb_uniq_visitors_change>
				<sum_daily_nb_users_change>+0%</sum_daily_nb_users_change>
				<compareSegment>browserCode%3D%3Die</compareSegment>
				<compareSegmentPretty>browserCode%3D%3Die</compareSegmentPretty>
				<comparePeriodPretty>August 9 – 16, 2012</comparePeriodPretty>
				
			</row>
			<row>
				<nb_visits>0</nb_visits>
				<nb_actions>0</nb_actions>
				<max_actions>0</max_actions>
				<sum_visit_length>0</sum_visit_length>
				<bounce_count>0</bounce_count>
				<nb_conversions>0</nb_conversions>
				<revenue>0</revenue>
				<sum_daily_nb_uniq_visitors>0</sum_daily_nb_uniq_visitors>
				<sum_daily_nb_users>0</sum_daily_nb_users>
				<nb_visits_change>-100%</nb_visits_change>
				<nb_actions_change>-100%</nb_actions_change>
				<max_actions_change>-100%</max_actions_change>
				<sum_visit_length_change>+0%</sum_visit_length_change>
				<bounce_count_change>-100%</bounce_count_change>
				<nb_conversions_change>-100%</nb_conversions_change>
				<revenue_change>-100%</revenue_change>
				<sum_daily_nb_uniq_visitors_change>-100%</sum_daily_nb_uniq_visitors_change>
				<sum_daily_nb_users_change>+0%</sum_daily_nb_users_change>
				<compareSegment />
				<comparePeriod>day</comparePeriod>
				<compareDate>2012-08-10</compareDate>
				<compareSegmentPretty>All visits</compareSegmentPretty>
				<comparePeriodPretty>Friday, August 10, 2012</comparePeriodPretty>
				
			</row>
			<row>
				<nb_visits>0</nb_visits>
				<nb_actions>0</nb_actions>
				<max_actions>0</max_actions>
				<sum_visit_length>0</sum_visit_length>
				<bounce_count>0</bounce_count>
				<nb_conversions>0</nb_conversions>
				<revenue>0</revenue>
				<sum_daily_nb_uniq_visitors>0</sum_daily_nb_uniq_visitors>
				<sum_daily_nb_users>0</sum_daily_nb_users>
				<nb_visits_change>-100%</nb_visits_change>
				<nb_actions_change>-100%</nb_actions_change>
				<max_actions_change>-100%</max_actions_change>
				<sum_visit_length_change>+0%</sum_visit_length_change>
				<bounce_count_change>-100%</bounce_count_change>
				<nb_conversions_change>-100%</nb_conversions_change>
				<revenue_change>-100%</revenue_change>
				<sum_daily_nb_uniq_visitors_change>-100%</sum_daily_nb_uniq_visitors_change>
				<sum_daily_nb_users_change>+0%</sum_daily_nb_users_change>
				<compareSegment>browserCode%3D%3Dff</compareSegment>
				<comparePeriod>day</comparePeriod>
				<compareDate>2012-08-10</compareDate>
				<compareSegmentPretty>browserCode%3D%3Dff</compareSegmentPretty>
				<comparePeriodPretty>Friday, August 10, 2012</comparePeriodPretty>
				
			</row>
			<row>
				<nb_visits>0</nb_visits>
				<nb_actions>0</nb_actions>
				<max_actions>0</max_actions>
				<sum_visit_length>0</sum_visit_length>
				<bounce_count>0</bounce_count>
				<nb_conversions>0</nb_conversions>
				<revenue>0</revenue>
				<sum_daily_nb_uniq_visitors>0</sum_daily_nb_uniq_visitors>
				<sum_daily_nb_users>0</sum_daily_nb_users>
				<nb_visits_change>-100%</nb_visits_change>
				<nb_actions_change>-100%</nb_actions_change>
				<max_actions_change>-100%</max_actions_change>
				<sum_visit_length_change>+0%</sum_visit_length_change>
				<bounce_count_change>-100%</bounce_count_change>
				<nb_conversions_change>-100%</nb_conversions_change>
				<revenue_change>-100%</revenue_change>
				<sum_daily_nb_uniq_visitors_change>-100%</sum_daily_nb_uniq_visitors_change>
				<sum_daily_nb_users_change>+0%</sum_daily_nb_users_change>
				<compareSegment>browserCode%3D%3Die</compareSegment>
				<comparePeriod>day</comparePeriod>
				<compareDate>2012-08-10</compareDate>
				<compareSegmentPretty>browserCode%3D%3Die</compareSegmentPretty>
				<comparePeriodPretty>Friday, August 10, 2012</comparePeriodPretty>
				
			</row>
			<row>
				<nb_visits>1</nb_visits>
				<nb_actions>1</nb_actions>
				<max_actions>1</max_actions>
				<sum_visit_length>0</sum_visit_length>
				<bounce_count>1</bounce_count>
				<nb_conversions>1</nb_conversions>
				<revenue>5</revenue>
				<sum_daily_nb_uniq_visitors>1</sum_daily_nb_uniq_visitors>
				<sum_daily_nb_users>0</sum_daily_nb_users>
				<nb_visits_change>+0%</nb_visits_change>
				<nb_actions_change>+0%</nb_actions_change>
				<max_actions_change>+0%</max_actions_change>
				<sum_visit_length_change>+0%</sum_visit_length_change>
				<bounce_count_change>+0%</bounce_count_change>
				<nb_conversions_change>+0%</nb_conversions_change>
				<revenue_change>+0%</revenue_change>
				<sum_daily_nb_uniq_visitors_change>+0%</sum_daily_nb_uniq_visitors_change>
				<sum_daily_nb_users_change>+0%</sum_daily_nb_users_change>
				<compareSegment />
				<comparePeriod>week</comparePeriod>
				<compareDate>2012-08-16</compareDate>
				<compareSegmentPretty>All visits</compareSegmentPretty>
				<comparePeriodPretty>Week August 13 – 19, 2012</comparePeriodPretty>
				
			</row>
			<row>
				<nb_visits>0</nb_visits>
				<nb_actions>0</nb_actions>
				<max_actions>0</max_actions>
				<sum_visit_length>0</sum_visit_length>
				<bounce_count>0</bounce_count>
				<nb_conversions>0</nb_conversions>
				<revenue>0</revenue>
				<sum_daily_nb_uniq_visitors>0</sum_daily_nb_uniq_visitors>
				<sum_daily_nb_users>0</sum_daily_nb_users>
				<nb_visits_change>-100%</nb_visits_change>
				<nb_actions_change>-100%</nb_actions_change>
				<max_actions_change>-100%</max_actions_change>
				<sum_visit_length_change>+0%</sum_visit_length_change>
				<bounce_count_change>-100%</bounce_count_change>
				<nb_conversions_change>-100%</nb_conversions_change>
				<revenue_change>-100%</revenue_change>
				<sum_daily_nb_uniq_visitors_change>-100%</sum_daily_nb_uniq_visitors_change>
				<sum_daily_nb_users_change>+0%</sum_daily_nb_users_change>
				<compareSegment>browserCode%3D%3Dff</compareSegment>
				<comparePeriod>week</comparePeriod>
				<compareDate>2012-08-16</compareDate>
				<compareSegmentPretty>browserCode%3D%3Dff</compareSegmentPretty>
				<comparePeriodPretty>Week August 13 – 19, 2012</comparePeriodPretty>
				
			</row>
			<row>
				<nb_visits>0</nb_visits>
				<nb_actions>0</nb_actions>
				<max_actions>0</max_actions>
				<sum_visit_length>0</sum_visit_length>
				<bounce_count>0</bounce_count>
				<nb_conversions>0</nb_conversions>
				<revenue>0</revenue>
				<sum_daily_nb_uniq_visitors>0</sum_daily_nb_uniq_visitors>
				<sum_daily_nb_users>0</sum_daily_nb_users>
				<nb_visits_change>-100%</nb_visits_change>
				<nb_actions_change>-100%</nb_actions_change>
				<max_actions_change>-100%</max_actions_change>
				<sum_visit_length_change>+0%</sum_visit_length_change>
				<bounce_count_change>-100%</bounce_count_change>
				<nb_conversions_change>-100%</nb_conversions_change>
				<revenue_change>-100%</revenue_change>
				<sum_daily_nb_uniq_visitors_change>-100%</sum_daily_nb_uniq_visitors_change>
				<sum_daily_nb_users_change>+0%</sum_daily_nb_users_change>
				<compareSegment>browserCode%3D%3Die</compareSegment>
				<comparePeriod>week</comparePeriod>
				<compareDate>2012-08-16</compareDate>
				<compareSegmentPretty>browserCode%3D%3Die</compareSegmentPretty>
				<comparePeriodPretty>Week August 13 – 19, 2012</comparePeriodPretty>
				
			</row>
		</comparisons>
	</row>
</result>