<?xml version="1.0" encoding="utf-8" ?>
<result>
	<nb_visits_returning>1</nb_visits_returning>
	<nb_actions_returning>1</nb_actions_returning>
	<nb_visits_converted_returning>1</nb_visits_converted_returning>
	<bounce_count_returning>1</bounce_count_returning>
	<sum_visit_length_returning>0</sum_visit_length_returning>
	<max_actions_returning>1</max_actions_returning>
	<bounce_rate_returning>100%</bounce_rate_returning>
	<nb_actions_per_visit_returning>1</nb_actions_per_visit_returning>
	<avg_time_on_site_returning>0</avg_time_on_site_returning>
	<comparisons>
		<row>
			<nb_visits_returning>1</nb_visits_returning>
			<nb_actions_returning>1</nb_actions_returning>
			<nb_visits_converted_returning>1</nb_visits_converted_returning>
			<bounce_count_returning>1</bounce_count_returning>
			<sum_visit_length_returning>0</sum_visit_length_returning>
			<max_actions_returning>1</max_actions_returning>
			<bounce_rate_returning>100%</bounce_rate_returning>
			<nb_actions_per_visit_returning>1</nb_actions_per_visit_returning>
			<avg_time_on_site_returning>0</avg_time_on_site_returning>
			<nb_visits_returning_change>+0%</nb_visits_returning_change>
			<nb_actions_returning_change>+0%</nb_actions_returning_change>
			<nb_visits_converted_returning_change>+0%</nb_visits_converted_returning_change>
			<bounce_count_returning_change>+0%</bounce_count_returning_change>
			<sum_visit_length_returning_change>+0%</sum_visit_length_returning_change>
			<max_actions_returning_change>+0%</max_actions_returning_change>
			<bounce_rate_returning_change>+0%</bounce_rate_returning_change>
			<nb_actions_per_visit_returning_change>+0%</nb_actions_per_visit_returning_change>
			<avg_time_on_site_returning_change>+0%</avg_time_on_site_returning_change>
			<compareSegment />
			<compareSegmentPretty>All visits</compareSegmentPretty>
			<comparePeriodOriginal>range</comparePeriodOriginal>
			<comparePeriod>range</comparePeriod>
			<compareDateOriginal>2012-08-09,2012-08-16</compareDateOriginal>
			<compareDate>2012-08-09</compareDate>
			<compareSeriesPretty>(August 9 – 16, 2012) (All visits)</compareSeriesPretty>
			<comparePeriodPretty>August 9 – 16, 2012</comparePeriodPretty>
			
		</row>
		<row>
			<nb_visits_returning>0</nb_visits_returning>
			<nb_actions_returning>0</nb_actions_returning>
			<nb_visits_converted_returning>0</nb_visits_converted_returning>
			<bounce_count_returning>0</bounce_count_returning>
			<sum_visit_length_returning>0</sum_visit_length_returning>
			<max_actions_returning>0</max_actions_returning>
			<bounce_rate_returning>0%</bounce_rate_returning>
			<nb_actions_per_visit_returning>0</nb_actions_per_visit_returning>
			<avg_time_on_site_returning>0</avg_time_on_site_returning>
			<nb_visits_returning_change>+0%</nb_visits_returning_change>
			<nb_actions_returning_change>+0%</nb_actions_returning_change>
			<nb_visits_converted_returning_change>+0%</nb_visits_converted_returning_change>
			<bounce_count_returning_change>+0%</bounce_count_returning_change>
			<sum_visit_length_returning_change>+0%</sum_visit_length_returning_change>
			<max_actions_returning_change>+0%</max_actions_returning_change>
			<bounce_rate_returning_change>+0%</bounce_rate_returning_change>
			<nb_actions_per_visit_returning_change>+0%</nb_actions_per_visit_returning_change>
			<avg_time_on_site_returning_change>+0%</avg_time_on_site_returning_change>
			<compareSegment>browserCode%3D%3Dff</compareSegment>
			<compareSegmentPretty>browserCode%3D%3Dff</compareSegmentPretty>
			<comparePeriodOriginal>range</comparePeriodOriginal>
			<comparePeriod>range</comparePeriod>
			<compareDateOriginal>2012-08-09,2012-08-16</compareDateOriginal>
			<compareDate>2012-08-09</compareDate>
			<compareSeriesPretty>(August 9 – 16, 2012) (browserCode%3D%3Dff)</compareSeriesPretty>
			<comparePeriodPretty>August 9 – 16, 2012</comparePeriodPretty>
			
		</row>
		<row>
			<nb_visits_returning>0</nb_visits_returning>
			<nb_actions_returning>0</nb_actions_returning>
			<nb_visits_converted_returning>0</nb_visits_converted_returning>
			<bounce_count_returning>0</bounce_count_returning>
			<sum_visit_length_returning>0</sum_visit_length_returning>
			<max_actions_returning>0</max_actions_returning>
			<bounce_rate_returning>0%</bounce_rate_returning>
			<nb_actions_per_visit_returning>0</nb_actions_per_visit_returning>
			<avg_time_on_site_returning>0</avg_time_on_site_returning>
			<nb_visits_returning_change>+0%</nb_visits_returning_change>
			<nb_actions_returning_change>+0%</nb_actions_returning_change>
			<nb_visits_converted_returning_change>+0%</nb_visits_converted_returning_change>
			<bounce_count_returning_change>+0%</bounce_count_returning_change>
			<sum_visit_length_returning_change>+0%</sum_visit_length_returning_change>
			<max_actions_returning_change>+0%</max_actions_returning_change>
			<bounce_rate_returning_change>+0%</bounce_rate_returning_change>
			<nb_actions_per_visit_returning_change>+0%</nb_actions_per_visit_returning_change>
			<avg_time_on_site_returning_change>+0%</avg_time_on_site_returning_change>
			<compareSegment>browserCode%3D%3Die</compareSegment>
			<compareSegmentPretty>browserCode%3D%3Die</compareSegmentPretty>
			<comparePeriodOriginal>range</comparePeriodOriginal>
			<comparePeriod>range</comparePeriod>
			<compareDateOriginal>2012-08-09,2012-08-16</compareDateOriginal>
			<compareDate>2012-08-09</compareDate>
			<compareSeriesPretty>(August 9 – 16, 2012) (browserCode%3D%3Die)</compareSeriesPretty>
			<comparePeriodPretty>August 9 – 16, 2012</comparePeriodPretty>
			
		</row>
		<row>
			<nb_uniq_visitors_returning>0</nb_uniq_visitors_returning>
			<nb_users_returning>0</nb_users_returning>
			<nb_visits_returning>0</nb_visits_returning>
			<nb_actions_returning>0</nb_actions_returning>
			<nb_visits_converted_returning>0</nb_visits_converted_returning>
			<bounce_count_returning>0</bounce_count_returning>
			<sum_visit_length_returning>0</sum_visit_length_returning>
			<max_actions_returning>0</max_actions_returning>
			<bounce_rate_returning>0%</bounce_rate_returning>
			<nb_actions_per_visit_returning>0</nb_actions_per_visit_returning>
			<avg_time_on_site_returning>0</avg_time_on_site_returning>
			<nb_uniq_visitors_returning_change>+0%</nb_uniq_visitors_returning_change>
			<nb_users_returning_change>+0%</nb_users_returning_change>
			<nb_visits_returning_change>-100%</nb_visits_returning_change>
			<nb_actions_returning_change>-100%</nb_actions_returning_change>
			<nb_visits_converted_returning_change>-100%</nb_visits_converted_returning_change>
			<bounce_count_returning_change>-100%</bounce_count_returning_change>
			<sum_visit_length_returning_change>+0%</sum_visit_length_returning_change>
			<max_actions_returning_change>-100%</max_actions_returning_change>
			<bounce_rate_returning_change>-100%</bounce_rate_returning_change>
			<nb_actions_per_visit_returning_change>-100%</nb_actions_per_visit_returning_change>
			<avg_time_on_site_returning_change>+0%</avg_time_on_site_returning_change>
			<compareSegment />
			<compareSegmentPretty>All visits</compareSegmentPretty>
			<comparePeriodOriginal>day</comparePeriodOriginal>
			<comparePeriod>day</comparePeriod>
			<compareDateOriginal>2012-08-10</compareDateOriginal>
			<compareDate>2012-08-10</compareDate>
			<compareSeriesPretty>(Friday, August 10, 2012) (All visits)</compareSeriesPretty>
			<comparePeriodPretty>Friday, August 10, 2012</comparePeriodPretty>
			
		</row>
		<row>
			<nb_uniq_visitors_returning>0</nb_uniq_visitors_returning>
			<nb_users_returning>0</nb_users_returning>
			<nb_visits_returning>0</nb_visits_returning>
			<nb_actions_returning>0</nb_actions_returning>
			<nb_visits_converted_returning>0</nb_visits_converted_returning>
			<bounce_count_returning>0</bounce_count_returning>
			<sum_visit_length_returning>0</sum_visit_length_returning>
			<max_actions_returning>0</max_actions_returning>
			<bounce_rate_returning>0%</bounce_rate_returning>
			<nb_actions_per_visit_returning>0</nb_actions_per_visit_returning>
			<avg_time_on_site_returning>0</avg_time_on_site_returning>
			<nb_uniq_visitors_returning_change>+0%</nb_uniq_visitors_returning_change>
			<nb_users_returning_change>+0%</nb_users_returning_change>
			<nb_visits_returning_change>+0%</nb_visits_returning_change>
			<nb_actions_returning_change>+0%</nb_actions_returning_change>
			<nb_visits_converted_returning_change>+0%</nb_visits_converted_returning_change>
			<bounce_count_returning_change>+0%</bounce_count_returning_change>
			<sum_visit_length_returning_change>+0%</sum_visit_length_returning_change>
			<max_actions_returning_change>+0%</max_actions_returning_change>
			<bounce_rate_returning_change>+0%</bounce_rate_returning_change>
			<nb_actions_per_visit_returning_change>+0%</nb_actions_per_visit_returning_change>
			<avg_time_on_site_returning_change>+0%</avg_time_on_site_returning_change>
			<compareSegment>browserCode%3D%3Dff</compareSegment>
			<compareSegmentPretty>browserCode%3D%3Dff</compareSegmentPretty>
			<comparePeriodOriginal>day</comparePeriodOriginal>
			<comparePeriod>day</comparePeriod>
			<compareDateOriginal>2012-08-10</compareDateOriginal>
			<compareDate>2012-08-10</compareDate>
			<compareSeriesPretty>(Friday, August 10, 2012) (browserCode%3D%3Dff)</compareSeriesPretty>
			<comparePeriodPretty>Friday, August 10, 2012</comparePeriodPretty>
			
		</row>
		<row>
			<nb_uniq_visitors_returning>0</nb_uniq_visitors_returning>
			<nb_users_returning>0</nb_users_returning>
			<nb_visits_returning>0</nb_visits_returning>
			<nb_actions_returning>0</nb_actions_returning>
			<nb_visits_converted_returning>0</nb_visits_converted_returning>
			<bounce_count_returning>0</bounce_count_returning>
			<sum_visit_length_returning>0</sum_visit_length_returning>
			<max_actions_returning>0</max_actions_returning>
			<bounce_rate_returning>0%</bounce_rate_returning>
			<nb_actions_per_visit_returning>0</nb_actions_per_visit_returning>
			<avg_time_on_site_returning>0</avg_time_on_site_returning>
			<nb_uniq_visitors_returning_change>+0%</nb_uniq_visitors_returning_change>
			<nb_users_returning_change>+0%</nb_users_returning_change>
			<nb_visits_returning_change>+0%</nb_visits_returning_change>
			<nb_actions_returning_change>+0%</nb_actions_returning_change>
			<nb_visits_converted_returning_change>+0%</nb_visits_converted_returning_change>
			<bounce_count_returning_change>+0%</bounce_count_returning_change>
			<sum_visit_length_returning_change>+0%</sum_visit_length_returning_change>
			<max_actions_returning_change>+0%</max_actions_returning_change>
			<bounce_rate_returning_change>+0%</bounce_rate_returning_change>
			<nb_actions_per_visit_returning_change>+0%</nb_actions_per_visit_returning_change>
			<avg_time_on_site_returning_change>+0%</avg_time_on_site_returning_change>
			<compareSegment>browserCode%3D%3Die</compareSegment>
			<compareSegmentPretty>browserCode%3D%3Die</compareSegmentPretty>
			<comparePeriodOriginal>day</comparePeriodOriginal>
			<comparePeriod>day</comparePeriod>
			<compareDateOriginal>2012-08-10</compareDateOriginal>
			<compareDate>2012-08-10</compareDate>
			<compareSeriesPretty>(Friday, August 10, 2012) (browserCode%3D%3Die)</compareSeriesPretty>
			<comparePeriodPretty>Friday, August 10, 2012</comparePeriodPretty>
			
		</row>
		<row>
			<nb_uniq_visitors_returning>1</nb_uniq_visitors_returning>
			<nb_users_returning>0</nb_users_returning>
			<nb_visits_returning>1</nb_visits_returning>
			<nb_actions_returning>1</nb_actions_returning>
			<nb_visits_converted_returning>1</nb_visits_converted_returning>
			<bounce_count_returning>1</bounce_count_returning>
			<sum_visit_length_returning>0</sum_visit_length_returning>
			<max_actions_returning>1</max_actions_returning>
			<bounce_rate_returning>100%</bounce_rate_returning>
			<nb_actions_per_visit_returning>1</nb_actions_per_visit_returning>
			<avg_time_on_site_returning>0</avg_time_on_site_returning>
			<nb_uniq_visitors_returning_change>+100%</nb_uniq_visitors_returning_change>
			<nb_users_returning_change>+0%</nb_users_returning_change>
			<nb_visits_returning_change>+0%</nb_visits_returning_change>
			<nb_actions_returning_change>+0%</nb_actions_returning_change>
			<nb_visits_converted_returning_change>+0%</nb_visits_converted_returning_change>
			<bounce_count_returning_change>+0%</bounce_count_returning_change>
			<sum_visit_length_returning_change>+0%</sum_visit_length_returning_change>
			<max_actions_returning_change>+0%</max_actions_returning_change>
			<bounce_rate_returning_change>+0%</bounce_rate_returning_change>
			<nb_actions_per_visit_returning_change>+0%</nb_actions_per_visit_returning_change>
			<avg_time_on_site_returning_change>+0%</avg_time_on_site_returning_change>
			<compareSegment />
			<compareSegmentPretty>All visits</compareSegmentPretty>
			<comparePeriodOriginal>week</comparePeriodOriginal>
			<comparePeriod>week</comparePeriod>
			<compareDateOriginal>2012-08-16</compareDateOriginal>
			<compareDate>2012-08-13</compareDate>
			<compareSeriesPretty>(Week August 13 – 19, 2012) (All visits)</compareSeriesPretty>
			<comparePeriodPretty>Week August 13 – 19, 2012</comparePeriodPretty>
			
		</row>
		<row>
			<nb_uniq_visitors_returning>0</nb_uniq_visitors_returning>
			<nb_users_returning>0</nb_users_returning>
			<nb_visits_returning>0</nb_visits_returning>
			<nb_actions_returning>0</nb_actions_returning>
			<nb_visits_converted_returning>0</nb_visits_converted_returning>
			<bounce_count_returning>0</bounce_count_returning>
			<sum_visit_length_returning>0</sum_visit_length_returning>
			<max_actions_returning>0</max_actions_returning>
			<bounce_rate_returning>0%</bounce_rate_returning>
			<nb_actions_per_visit_returning>0</nb_actions_per_visit_returning>
			<avg_time_on_site_returning>0</avg_time_on_site_returning>
			<nb_uniq_visitors_returning_change>+0%</nb_uniq_visitors_returning_change>
			<nb_users_returning_change>+0%</nb_users_returning_change>
			<nb_visits_returning_change>+0%</nb_visits_returning_change>
			<nb_actions_returning_change>+0%</nb_actions_returning_change>
			<nb_visits_converted_returning_change>+0%</nb_visits_converted_returning_change>
			<bounce_count_returning_change>+0%</bounce_count_returning_change>
			<sum_visit_length_returning_change>+0%</sum_visit_length_returning_change>
			<max_actions_returning_change>+0%</max_actions_returning_change>
			<bounce_rate_returning_change>+0%</bounce_rate_returning_change>
			<nb_actions_per_visit_returning_change>+0%</nb_actions_per_visit_returning_change>
			<avg_time_on_site_returning_change>+0%</avg_time_on_site_returning_change>
			<compareSegment>browserCode%3D%3Dff</compareSegment>
			<compareSegmentPretty>browserCode%3D%3Dff</compareSegmentPretty>
			<comparePeriodOriginal>week</comparePeriodOriginal>
			<comparePeriod>week</comparePeriod>
			<compareDateOriginal>2012-08-16</compareDateOriginal>
			<compareDate>2012-08-13</compareDate>
			<compareSeriesPretty>(Week August 13 – 19, 2012) (browserCode%3D%3Dff)</compareSeriesPretty>
			<comparePeriodPretty>Week August 13 – 19, 2012</comparePeriodPretty>
			
		</row>
		<row>
			<nb_uniq_visitors_returning>0</nb_uniq_visitors_returning>
			<nb_users_returning>0</nb_users_returning>
			<nb_visits_returning>0</nb_visits_returning>
			<nb_actions_returning>0</nb_actions_returning>
			<nb_visits_converted_returning>0</nb_visits_converted_returning>
			<bounce_count_returning>0</bounce_count_returning>
			<sum_visit_length_returning>0</sum_visit_length_returning>
			<max_actions_returning>0</max_actions_returning>
			<bounce_rate_returning>0%</bounce_rate_returning>
			<nb_actions_per_visit_returning>0</nb_actions_per_visit_returning>
			<avg_time_on_site_returning>0</avg_time_on_site_returning>
			<nb_uniq_visitors_returning_change>+0%</nb_uniq_visitors_returning_change>
			<nb_users_returning_change>+0%</nb_users_returning_change>
			<nb_visits_returning_change>+0%</nb_visits_returning_change>
			<nb_actions_returning_change>+0%</nb_actions_returning_change>
			<nb_visits_converted_returning_change>+0%</nb_visits_converted_returning_change>
			<bounce_count_returning_change>+0%</bounce_count_returning_change>
			<sum_visit_length_returning_change>+0%</sum_visit_length_returning_change>
			<max_actions_returning_change>+0%</max_actions_returning_change>
			<bounce_rate_returning_change>+0%</bounce_rate_returning_change>
			<nb_actions_per_visit_returning_change>+0%</nb_actions_per_visit_returning_change>
			<avg_time_on_site_returning_change>+0%</avg_time_on_site_returning_change>
			<compareSegment>browserCode%3D%3Die</compareSegment>
			<compareSegmentPretty>browserCode%3D%3Die</compareSegmentPretty>
			<comparePeriodOriginal>week</comparePeriodOriginal>
			<comparePeriod>week</comparePeriod>
			<compareDateOriginal>2012-08-16</compareDateOriginal>
			<compareDate>2012-08-13</compareDate>
			<compareSeriesPretty>(Week August 13 – 19, 2012) (browserCode%3D%3Die)</compareSeriesPretty>
			<comparePeriodPretty>Week August 13 – 19, 2012</comparePeriodPretty>
			
		</row>
	</comparisons>
</result>