<?xml version="1.0" encoding="utf-8" ?>
<result>
	<row>
		<label>someotherval</label>
		<nb_visits>1</nb_visits>
		<nb_uniq_visitors>1</nb_uniq_visitors>
		<nb_hits>1</nb_hits>
		<sum_time_network>0.1</sum_time_network>
		<nb_hits_with_time_network>1</nb_hits_with_time_network>
		<min_time_network>0.1</min_time_network>
		<max_time_network>0.1</max_time_network>
		<sum_time_server>0.2</sum_time_server>
		<nb_hits_with_time_server>1</nb_hits_with_time_server>
		<min_time_server>0.2</min_time_server>
		<max_time_server>0.2</max_time_server>
		<sum_time_transfer>0.3</sum_time_transfer>
		<nb_hits_with_time_transfer>1</nb_hits_with_time_transfer>
		<min_time_transfer>0.3</min_time_transfer>
		<max_time_transfer>0.3</max_time_transfer>
		<sum_time_dom_processing>0.4</sum_time_dom_processing>
		<nb_hits_with_time_dom_processing>1</nb_hits_with_time_dom_processing>
		<min_time_dom_processing>0.4</min_time_dom_processing>
		<max_time_dom_processing>0.4</max_time_dom_processing>
		<sum_time_dom_completion>0.5</sum_time_dom_completion>
		<nb_hits_with_time_dom_completion>1</nb_hits_with_time_dom_completion>
		<min_time_dom_completion>0.5</min_time_dom_completion>
		<max_time_dom_completion>0.5</max_time_dom_completion>
		<sum_time_on_load>0.6</sum_time_on_load>
		<nb_hits_with_time_on_load>1</nb_hits_with_time_on_load>
		<min_time_on_load>0.6</min_time_on_load>
		<max_time_on_load>0.6</max_time_on_load>
		<sum_bandwidth>0</sum_bandwidth>
		<nb_hits_with_bandwidth>0</nb_hits_with_bandwidth>
		<min_bandwidth>0</min_bandwidth>
		<max_bandwidth>0</max_bandwidth>
		<sum_time_spent>0</sum_time_spent>
		<bounce_count>0</bounce_count>
		<exit_nb_visits>0</exit_nb_visits>
		<avg_bandwidth>0</avg_bandwidth>
		<avg_time_on_dimension>0</avg_time_on_dimension>
		<bounce_rate>Intl_NumberFormatPercent</bounce_rate>
		<exit_rate>Intl_NumberFormatPercent</exit_rate>
		<segment>dimension2==someotherval</segment>
		<subtable>
			<row>
				<label>example.com/page</label>
				<nb_visits>1</nb_visits>
				<nb_uniq_visitors>1</nb_uniq_visitors>
				<nb_hits>1</nb_hits>
				<sum_time_network>0.1</sum_time_network>
				<nb_hits_with_time_network>1</nb_hits_with_time_network>
				<min_time_network>0.1</min_time_network>
				<max_time_network>0.1</max_time_network>
				<sum_time_server>0.2</sum_time_server>
				<nb_hits_with_time_server>1</nb_hits_with_time_server>
				<min_time_server>0.2</min_time_server>
				<max_time_server>0.2</max_time_server>
				<sum_time_transfer>0.3</sum_time_transfer>
				<nb_hits_with_time_transfer>1</nb_hits_with_time_transfer>
				<min_time_transfer>0.3</min_time_transfer>
				<max_time_transfer>0.3</max_time_transfer>
				<sum_time_dom_processing>0.4</sum_time_dom_processing>
				<nb_hits_with_time_dom_processing>1</nb_hits_with_time_dom_processing>
				<min_time_dom_processing>0.4</min_time_dom_processing>
				<max_time_dom_processing>0.4</max_time_dom_processing>
				<sum_time_dom_completion>0.5</sum_time_dom_completion>
				<nb_hits_with_time_dom_completion>1</nb_hits_with_time_dom_completion>
				<min_time_dom_completion>0.5</min_time_dom_completion>
				<max_time_dom_completion>0.5</max_time_dom_completion>
				<sum_time_on_load>0.6</sum_time_on_load>
				<nb_hits_with_time_on_load>1</nb_hits_with_time_on_load>
				<min_time_on_load>0.6</min_time_on_load>
				<max_time_on_load>0.6</max_time_on_load>
				<sum_bandwidth>0</sum_bandwidth>
				<nb_hits_with_bandwidth>0</nb_hits_with_bandwidth>
				<min_bandwidth>0</min_bandwidth>
				<max_bandwidth>0</max_bandwidth>
				<sum_time_spent>0</sum_time_spent>
				<bounce_count>0</bounce_count>
				<exit_nb_visits>0</exit_nb_visits>
				<avg_time_on_dimension>0</avg_time_on_dimension>
				<bounce_rate>Intl_NumberFormatPercent</bounce_rate>
				<exit_rate>Intl_NumberFormatPercent</exit_rate>
				<segment>dimension2==someotherval;actionUrl=$example.com%2Fpage</segment>
				<url>example.com%2Fpage</url>
			</row>
		</subtable>
	</row>
</result>