<?xml version="1.0" encoding="utf-8" ?>
<result>
	<website>Site 1</website>
	<prettyDate>January 3 – 9, 2010</prettyDate>
	<metadata>
		<category>Actions</category>
		<subcategory>Outlinks</subcategory>
		<name>Outlinks</name>
		<module>Actions</module>
		<action>getOutlinks</action>
		<dimension>Clicked Outlink</dimension>
		<documentation>This report shows a hierarchical list of outlink URLs that were clicked by your visitors. An outlink is a link that leads the visitor away from your website (to another domain).&lt;br /&gt;Use the plus and minus icons on the left to navigate.</documentation>
		<metrics>
			<nb_visits>Unique Clicks</nb_visits>
			<nb_hits>Clicks</nb_hits>
		</metrics>
		<metricsDocumentation>
			<nb_visits>The number of visits that involved a click on this link. If a link was clicked multiple times during one visit, it is only counted once.</nb_visits>
			<nb_hits>The number of times this link was clicked.</nb_hits>
		</metricsDocumentation>
		<metricTypes>
			<nb_visits>number</nb_visits>
			<nb_hits>number</nb_hits>
		</metricTypes>
		<metricAggregationTypes>
			<nb_hits>sum</nb_hits>
		</metricAggregationTypes>
		<actionToLoadSubTables>getOutlinks</actionToLoadSubTables>
		<imageGraphUrl>index.php?module=API&amp;method=ImageGraph.get&amp;idSite=1&amp;apiModule=Actions&amp;apiAction=getOutlinks&amp;period=range&amp;date=2010-01-03,2010-01-09</imageGraphUrl>
		<imageGraphEvolutionUrl>index.php?module=API&amp;method=ImageGraph.get&amp;idSite=1&amp;apiModule=Actions&amp;apiAction=getOutlinks&amp;period=day&amp;date=2010-01-03,2010-01-09</imageGraphEvolutionUrl>
		<uniqueId>Actions_getOutlinks</uniqueId>
		<processedMetrics>
			<nb_hits_with_bandwidth>Recorded hits with bandwidth</nb_hits_with_bandwidth>
			<max_bandwidth>Max Bandwidth</max_bandwidth>
			<min_bandwidth>Min Bandwidth</min_bandwidth>
			<sum_bandwidth>Sum Bandwidth</sum_bandwidth>
			<avg_bandwidth>Avg. Bandwidth</avg_bandwidth>
			<nb_total_download_bandwidth>Bytes transferred downloads</nb_total_download_bandwidth>
			<nb_total_pageview_bandwidth>Bytes transferred pageviews</nb_total_pageview_bandwidth>
			<nb_total_overall_bandwidth>Bytes transferred overall</nb_total_overall_bandwidth>
		</processedMetrics>
		<processedMetricFormulas>
		</processedMetricFormulas>
		<temporaryMetricAggregationTypes>
		</temporaryMetricAggregationTypes>
		<temporaryMetricSemanticTypes>
		</temporaryMetricSemanticTypes>
	</metadata>
	<columns>
		<label>Clicked Outlink</label>
		<nb_visits>Unique Clicks</nb_visits>
		<nb_hits>Clicks</nb_hits>
		<nb_hits_with_bandwidth>Recorded hits with bandwidth</nb_hits_with_bandwidth>
		<max_bandwidth>Max Bandwidth</max_bandwidth>
		<min_bandwidth>Min Bandwidth</min_bandwidth>
		<sum_bandwidth>Sum Bandwidth</sum_bandwidth>
		<avg_bandwidth>Avg. Bandwidth</avg_bandwidth>
		<nb_total_download_bandwidth>Bytes transferred downloads</nb_total_download_bandwidth>
		<nb_total_pageview_bandwidth>Bytes transferred pageviews</nb_total_pageview_bandwidth>
		<nb_total_overall_bandwidth>Bytes transferred overall</nb_total_overall_bandwidth>
	</columns>
	<reportData>
		<result prettyDate="Sunday, January 3, 2010" />
		<result prettyDate="Monday, January 4, 2010" />
		<result prettyDate="Tuesday, January 5, 2010" />
		<result prettyDate="Wednesday, January 6, 2010" />
		<result prettyDate="Thursday, January 7, 2010" />
		<result prettyDate="Friday, January 8, 2010" />
		<result prettyDate="Saturday, January 9, 2010" />
	</reportData>
	<reportMetadata>
		<result prettyDate="Sunday, January 3, 2010" />
		<result prettyDate="Monday, January 4, 2010" />
		<result prettyDate="Tuesday, January 5, 2010" />
		<result prettyDate="Wednesday, January 6, 2010" />
		<result prettyDate="Thursday, January 7, 2010" />
		<result prettyDate="Friday, January 8, 2010" />
		<result prettyDate="Saturday, January 9, 2010" />
	</reportMetadata>
	<reportTotal>
	</reportTotal>
</result>