<?xml version="1.0" encoding="utf-8" ?>
<result>
	<error message="The method 'getNbVisitsConverted' does not exist or is not available in the module '\Piwik\Plugins\Goals\API'." />
</result>