<?xml version="1.0" encoding="utf-8" ?>
<result>
	<row>
		<label>new name</label>
		<nb_visits>2</nb_visits>
		<nb_actions>8</nb_actions>
		<nb_pageviews>4</nb_pageviews>
		<revenue>43</revenue>
		<visits_evolution>100%</visits_evolution>
		<actions_evolution>100%</actions_evolution>
		<pageviews_evolution>100%</pageviews_evolution>
		<revenue_evolution>100%</revenue_evolution>
		<idsite>1</idsite>
		<ratio>1</ratio>
    	<previous_nb_visits>0</previous_nb_visits>
    	<periodName>day</periodName>
    	<previousRange>2010-03-05 - 2010-03-05</previousRange>
    	<previous_nb_actions>0</previous_nb_actions>
    	<previous_Actions_nb_pageviews>0</previous_Actions_nb_pageviews>
		<previous_Goal_revenue>0</previous_Goal_revenue>
		<group />
		<main_url>http://site.com</main_url>
	</row>
</result>