<?xml version="1.0" encoding="utf-8" ?>
<result>
	<row>
		<label>Search Category</label>
		<nb_visits>2</nb_visits>
		<nb_actions>3</nb_actions>
		<sum_daily_nb_uniq_visitors>2</sum_daily_nb_uniq_visitors>
		<nb_pages_per_search>1.5</nb_pages_per_search>
		<segment>pageUrl=^http%253A%252F%252Fpiwik.net%252FSearch%2BCategory</segment>
	</row>
	<row>
		<label>Bad No Result Category :(</label>
		<nb_visits>1</nb_visits>
		<nb_actions>1</nb_actions>
		<sum_daily_nb_uniq_visitors>1</sum_daily_nb_uniq_visitors>
		<nb_pages_per_search>1</nb_pages_per_search>
		<segment>pageUrl=^http%253A%252F%252Fpiwik.net%252FBad%2BNo%2BResult%2BCategory%2B%253A%2528</segment>
	</row>
	<row>
		<label>Category</label>
		<nb_visits>1</nb_visits>
		<nb_actions>1</nb_actions>
		<sum_daily_nb_uniq_visitors>1</sum_daily_nb_uniq_visitors>
		<nb_pages_per_search>1</nb_pages_per_search>
		<segment>pageUrl=^http%253A%252F%252Fpiwik.net%252FCategory</segment>
	</row>
</result>