
<html style="background-color:#edecec">

<head>
    <meta charset="utf-8">
    <meta name="robots" content="noindex,nofollow">
    <meta name="generator" content="Matomo Analytics">
</head>

<body style="color:&#x23;212121;font-family:-apple-system,&#x20;BlinkMacSystemFont,&#x20;&#x27;Segoe&#x20;UI&#x27;,&#x20;Roboto,&#x20;Oxygen-Sans,&#x20;Cantarell,&#x20;&#x27;Helvetica&#x20;Neue&#x27;,&#x20;sans-serif; line-height: 24px; margin:0 auto; max-width:1000px; background-color:rgb(255, 255, 255);box-shadow: 0px 0px 5px 1px rgba(0,0,0,0.75);">

<a name="reportTop"></a>

<table style="width:100%; background-color: &#x23;3450A3; color: &#x23;fff; padding:10px 0; margin: 0 0 25px 0; height:64px;">
    <tr>
        <td>
            <a style="color:&#x23;212121;font-family:-apple-system,&#x20;BlinkMacSystemFont,&#x20;&#x27;Segoe&#x20;UI&#x27;,&#x20;Roboto,&#x20;Oxygen-Sans,&#x20;Cantarell,&#x20;&#x27;Helvetica&#x20;Neue&#x27;,&#x20;sans-serif;; font-size:16px;padding:0 15px;color: &#x23;fff;height: 22px;display: inline-block;vertical-align: inherit;" rel="noreferrer noopener" target="_blank" href="http://example.com/piwik/tests/PHPUnit/proxy/" style="lineheight:17px">
                                    <img src="http://example.com/piwik/tests/PHPUnit/proxy//plugins/Morpheus/images/logo-email.png" height="20px" width="auto" alt="Matomo,&#x20;free&#x2F;libre&#x20;analytics&#x20;platform" />
                            </a>
        </td>
        <td align="right">
                        <a style="color:&#x23;212121;font-family:-apple-system,&#x20;BlinkMacSystemFont,&#x20;&#x27;Segoe&#x20;UI&#x27;,&#x20;Roboto,&#x20;Oxygen-Sans,&#x20;Cantarell,&#x20;&#x27;Helvetica&#x20;Neue&#x27;,&#x20;sans-serif;; font-size:16px; padding:0 15px; color: &#x23;fff" title="View Web Analytics reports for Site 1." target="_blank" href="http://example.com/piwik/tests/PHPUnit/proxy/index.php?module=CoreHome&action=index&idSite=1&period=day&date=today-date-removed-in-tests">
                Dashboard
            </a>
                    </td>
    </tr>
</table>

<div style="margin:0 20px;">

    <h2 style='color:#212121;font-family:-apple-system, BlinkMacSystemFont, &#039;Segoe UI&#039;, Roboto, Oxygen-Sans, Cantarell, &#039;Helvetica Neue&#039;, sans-serif; color:#37474f; line-height:30px; margin:25px 0 15px 0;'>
        Hello,
    </h2>

    <p style='font-size:15px;line-height:24px;margin:0 0 16px;color:#212121;font-family:-apple-system, BlinkMacSystemFont, &#039;Segoe UI&#039;, Roboto, Oxygen-Sans, Cantarell, &#039;Helvetica Neue&#039;, sans-serif;'>
                Please find below your day report for Site 1.
                <br />Mail Test report (previous default)
        <br />Date range: January 2010
        <br />Sent from http://example.com/piwik/tests/PHPUnit/proxy/.
    </p>

    
    
<h2 id="Actions_getPageTitles" style=" color:#0d0d0d;font-family:-apple-system, BlinkMacSystemFont, &#039;Segoe UI&#039;, Roboto, Oxygen-Sans, Cantarell, &#039;Helvetica Neue&#039;, sans-serif; font-size: 24pt; font-weight:normal; margin:45px 0 30px 0;">
    Page titles
</h2>

            <img alt=""
                                    src="data:image/png;base64,iVBORw0KGgoAAAANSUhEUgAAArwAAADICAIAAACF9KXqAAAgAElEQVR4nO3dfXAU530H8OfQnU5CSOJAQm8IkAQWCBuwERTsOhC/NLZL/NIEQ+I01E6HNG9OMk3STjJpL24yk7Zp7Uwbt6GJUzxpHdI0jh2PxxknHTNuxm4ABxLbWDYSMSAJGVlnIZ10r7r+sbAs+/Lss88+u/vc3vczDLO32n2e3z779uzz7EukVCqRi3p6etThwcFBAgAAAHBRVB3q6enRVhR0PwEAAKDCzQs6AAAAACgPqDQAAAAAk4jtPQ3Dw8PaGcbGxlpbWykpZjKZefPmVVdXC40zGMViMZPJ1NXVBR2IGOl0uqampqqqKuhABMjlcnNzczU1NUEHIsbU1FR9fX3QUYiBI4C0cASQliRHgNHbnyKE1P3j2oaVXVbTXGppUG5iUGkrEI7kcrlCocA3r2yKxWIulws6CmFyuVyxWAw6CjEKhUKYVk02mw06BGFwBJAWjgDSkuEIULgYQ5G6/0Ypf1N0dHRQfhqVSqV4PN7U1GSbsvzS6fTc3Fx7e3vQgYiRyWSam5vDcdk0Pj6ezWZDs2qmpqZCsyw4AkgLRwBpyXAEOHv0t8rA2hu2USbDPQ0AAACVLnX8BMtkl1oadF0Snj5v+fIb57xLXKDZTCaVmp4plke0tkZGp99Ox2prZoIORIDJ85O5XD41E4aOc0LIqeF0fp5Pm9mVq5r9yQgAysjMP5wjhJB1I/TJLuuewIsZAAAAKlciTv87uicAAACAEEKqmhroE8hYabjjli2SJCJhjv4vl3AhWAT5oZABgEN8aQt9AvunJ7ymPbo98cyLAUbixh23bDEGrztwy7N0ptH6nLVVDPTYPI08qPV1xy1b/unf/ktsmk8882KAaxkAylTjapu3LQRcadAd1yQ8zH3s3rvchCTn0gVeY+DmdeSBrK8nnnnx1OnTXiQrzyYHADI7P3pWGVi05gr6lEF2TxiPaOE+wCkH8aCjAFZYXwBQId5++TVloGaBzWs8AmtpsL0Gsuq2UMfrZrcab8zLOKUxGGXM7ju301NmXBbb6ZUx6v+62Iy52xaOaQqEkB/85DnT7OhJERH1OUelZBWbNpE//dAOXYRWBasOa5PiiF8XjHE8oa44ynpXuyfoc5kOUzr40NgAACymT5xinDL4expMWXVb2B5AKfPaTmn0g588t/vO7X4ec1miZSkccnnNQBkzMjqqWxz2pIQuJRP6evzw3e/5zvefar742kHbCB2td/ZgrAqKLzuOueTv4AMA+eW+myGElDaN2U4p49MTxOJaUHdAVK9EjeOtZrFKwR8sB3R6tMZprOa1orQ00GeR5MRDvx3y0R/+jD0pvvWunctRQVllp8vX6cZpbH0xkmHFAUCZmrdovu00Aloa/uizj7NP/OMH73KTl6NzvD8nP9u7/dVhf4LRjTH2d1Qmxi2Hsr6cbnvsE9Pnone7YP0CgCjR1oT9ND7EoZVMJpPJJPfsjo6MMnToBtu1oY1B+alraagcjCuC8bYV2zoBpTXI2G3kNEjTuVB1AACX6rqX2k4joNLw4wfvSiaTXV0XPr+dSqWi0ajVp8FPnrww4M8ZXYZ6gz9sF/OJZ1403tMALGTYhIxNCzqm91gAALBrWtdnO42YexqSyeSei3bu3Ll79+49FrTNDKa9tpRcrKY3dhVbzUXvVGYMQzel+2O0VXb05WJMk6OdnJ6vo5/suaizs5TnE8+8+OG732ObqdV6dxQne7KM2VGaGazmorRJBHKPKgCEyblXX1cGGjt9aWlwQ3egZLlP0HR6Xc3AdC7jhZrp7Lqf//K9xykp86FkR5nStiHBNE3deMbuCUpNi5vxZGlMmb2EH/3hz9R6g9XCUpaCo5/LNln32XHMRZ8FDQ8AYGvi5ePsE0dKpZLY7IeHh+PxeNPFZ+FMldWnsVPtbW1WE5TXQXlkdDSRSNTW1DidUdRiCiwu5dPY2kcuZVgR3GGcOn16WWenP/F4/WlsliNAuUin02NjY93d3UEHIsbQ0FBLS0tdnc3be8rC+Ph4Npvt6OgIOhAxBgYGent7g8r9SP8+QkjpqpH+7yVtJ5b0kcuyIMmJygssnTgcRDVayMOjghJCtngAQGaRhTYfxVZI+nKnshDiIzJ7twhfyqEpOu8KyqUwFTIA+GBek/njCzrBVBq8biAVJZ1Oj43lu7vLI1pb86umWloWMTZODg4OehSGkJTHxyPZbLajo1lgmnyEZB2bm+gVulMEWCAAUI7inUtYJkP3BAAAQKWrX7mcZbJgWhoKZw4Gkq9TpdlMLJUqVIv/bHEgYuOjpWKiUOv4RkgJRSYnq3L5QikMd9sRQqrfPl04czboKMSoOjceqY4VMo1BByJCoj/oCAC8NfvOeWWgqW8Ny/RoaQAAAKhQb/36N8pA7cIGlulRaQAAAKhQ04OsH8VWVHSloXfbfUGHoOdbSN5l5MMiSLjiPFI5SxogFDJUssy/ThNCShtZu0crutLgCOXIIuqg07vtvoGDjwhJKsTkLyVRm4q6pFZz0VPz9FzYu+0+7T/vMjLmKzzNgYOPoN4AFS6SqGWcEpUGVpQTlfongbUHIenIKdxLRwRtKu7rRl5XrQYOPqL+822derRQqDdAhYu22H8UW4FKAwC4hZMuQFmr7W5nnDLIN0JqjzLaCwh1vO6qwnS8caRyiWabOCUqY75Kgsa2YnWMmqMuHnp4usC0s5jGr41NN2xcUqPtH/iS1SKbLpFpsVgVLHvKxoA5SskqfWMALBsDSwkb0xe7qdBTprBaRtMtRJ2AsorpsbHYfPtndcFYhWGVnW3Z2s5lOkzZYEzLBKBCNK1let6SBFhpMB79TY90tocAlkO86fSEq53cKmVidtBxdAZSWR0ZWUKipNy77b7nHvtaIpGoqa3RJkuJmZ4X38SiSokQct37v8ASjNMtTRRHm4p3eZn+ZE+NI87r3v+FXz35YGNjoy4FqzD4suOYy9HWC1AJUoO/UwbqOyy/y6gjS/eE6WFFe02mG0+ZmFAvOlki0R5Vt3/gS/QTvNWfnIZny3hBSc+FMpmW6XhdOlaz0xeE4zjuqJR++aO/s03fKh3bcjMtbWPKLKVECUMU9u3QFuMWRZnLdL0wVukGNM1LlLIVtfroCwUQeuO/fU0ZiDG/9E9AS8PUNy/LTHk9xJTFxPWfzigDA2aNz4Tr6t9PVmG7RD+p01uSheTOOKXTxWc83zDmbloOjPMy5iuwtD3aVHzAWKqUpn5t94So7Fjmoq++8l0jAB45/9VThJBS3xn2Wfzunkgmk8lkUhlWGwyIZjeWYX9WDz3rb/n4c499zfhXYgi7fFk1GquFYNXMQ+wWn7FVnLsMjd0TjmYXsu6sSkmbRdltKoyhWk1m7J7gS4elbJ0q0zUC4KlIQ4x9YgGVhvpPZ5LJZFdXl/IzlUpFo9H6eouPbKZO6kaY9jXIz+ewjVdLYpN1ynbxvS6Zzbd/lrF7goPY0i7TLZxP77b7vFsv7DHQV19FrREAW5Fmpo9iK8Tc05BMJvdctHPnzt27d++xoDYzUFoXtWOsOjhNR9p2sRsToU987JmHdeM5WvJtw2OJ3GoM+80HLMuuG2+8yOM+g1KaGUzXuGkK9J57R/FQ8nV6UWt1KSywbmd68uO7R8d21bOvERZWyTJmR2lm4Fh9knd9AgSluqOZfeLAnp7Q7fZWZ0HT8fSRjJnyXURahWeavtPwrNIRMrHpshsXh6Uupf3JPqVpyQ8YXg3EWFC/evJB3XN9LusNwi86HW0qpvPqeoWMVTqOSFhWvZuSYV/vLrPjmIs+CxoeoGLVr+pinzhSKpXEZj88PByPx5uaaN8sLpdPY2dmM6lUqq2d9VkUPr4drUZHRtVHLhnJcyTVRTI5OZnP5ZuaQ/Jp7NOnTncu69SO8a7kvV6n4+fGY9Ux9Z6GoMJwyjSebKJ/bGysu7s7kJCEGxoaamlpqaurCzoQAcbHx7PZbEdHR9CBiDEwMNDb2+tzpoV84djWRwghfT/fzfiJSyLPI5cVS7ZDp5Y8sckTiW/E3rwiA0ediT6TLR4AH5w9/GtlgL3GQIJ9IyQQ3MLNpjJLyapHv0xx99Z5LUyFDMBu8vggx1zBVBqiS7cFkq9TkXQ6XzUWXRqSxsl8bijS0hJlbpwcHOTZpPxRqhkvZrPRsDRO5tID0aUmjZNerAKvV2sxMhyNx6NmHZRyblGUqLLptJ+RAPgp8/B5QghZN+xoLnRPAAAAVKqFDu5yI0G1NEwdHgkkX6dmM5l8amJqwlmZSis/OpEeIXM1YViczORkLp+fGo0EHYgYhdPvTE2Vx05hKzv+dikWm2rMBR2IALIdAer7WT9FCMCoqnWho+nR0gAAAFCh5nc56+RFpQEAAKBCNa5e6Wj6iq40bNh1fdAh6PkWkncZ+bAIkqw4ScLwUwUusv9QyOCD86NnlYFFK53d6V/RlQZHKHuyqJ18w67rjx54XkhSIYZSYuHFiUcteavE6Zl6ei7csOt67T/vMjLmKzzNoweeR70BvPbWoaPKAPtHsRWoNLCinKjUPwmsPQhJR07hXjpJCK9Xua+reV3VO3rgefWfb9uYRwuFegN4bfKBU4QQ0uPgo9gKVBoAIGxw0gVgUVpY5XSWIN8Iqd2rtRV2dbyuFm863jhSuSSyTZwSlTFfJUFj26w6Rs1RFw89PF1g2llM49fGphs2LqnRbZ/ZZbXIpktkWixWBcuesjFgjlIihNz8ibtMI5Fh+7GNQfen2z/3Qe1k7GvWdnM1TYSyIZlm5KiZ4eZP3HVw31P0jUpXjLqATQPTLYIjjGvTmN0L+581BqMd47KcKXuTaZkAiBVZ7PhDJIFVGnT7g3YvcrTLsRz7TKcnXO3kVikTs53c6aHZNB1HtRxKyht2Xf/0QwcSiUW1NTXaZCkx0/Pim1hUKW3bu+PZbz3efPG1g1JtPxzJPvmN/1zW2alLlr00KIQk4tS2vTso24nT3dDlIjhdm7rsnn7ogNNcGIN0tDcBeCG21PE3/2TpnjDdjbWX77rxlImJxeUI4z6pu8q87TO76Cd4qz85Dc+W8QqYngtlMi3T8bp0rGanLwjHcZO7lOTZfnSzcyfLuGbpa8o2EdONyr2D+56y+pPTUyNjOVDmclPsL+x/Vmmf86GcUWMA/y3oWeZ0FgEtDUf69xlHvmkx8cbDe5WBo2aNz4Tr6t9PVmG7RD+pG/8q9qKEvcydLj7j8Z0xd+1SH9z31La9O4yRSL79OApPyLJQqhqeblQCMZaDdjI3WwVfsXOUs0cHEwBbhXxBGWhef5XTef3unkgmk8lkUhlWL/iIZreRYf9Rd/Wte242Nk6ahl2+rBpp1UKwukwndovP2ArNXYZK94SE248Vp83y7A0bpmvKUSIy42jg0XJT7LOZTCo1oY4XXs4hO5hAuXjrNy8rA7WLE07nFVBp2Hh4bzKZ7OrqUn6mUqloNFpfX28+9Un9CNO2Yvn5HLbx6kRssk7ZLr5vJVMu24+EEXq0UUlFhmK3Ledy2YYhNN559Q1lIBpzXAcQc09DMpncc9HOnTt37969x4LazMDSQUs0dXBdh6LpSNsudmMi9InVe6cZ56Jnx31+pVzWsN98wLLsuvHGiyruUwulmcF0jZumoI1E6ZtgTM3/7cc2WV2Lju14eo6Uy1+rRNxcK5ue/BjPeU43RUflYIuj2LXPHIkt57BW1EB+s99MEUJI72mOeQN7ekK3m1mdBU3H00cyZsp3dWUVnmn6TsOzSkfIxKbLblwclrqU9if7lKYlf9TwKh7GglLvadDNJcP2w7hhWxWIVRbcbUKiEtHOa1x8vjoHy6boZhHcFzvj0xMcQdJnQcMDeK20KM4xV6RUKomNY3h4OB6PNzXRHuQoo09jp1IT7W3efo7Wt6PDyOiI+sglI3mOXLpIJicnc/l8M3UzCwRfiZ06fVr7yKUkZa7FHtW58fHqWKyxsVF4yp4yDcOfIwB7PC4/jT00NNTS0lJX5/jRfAmNj49ns9mODmdfaJTWwMBAb2+vb9kpjy9E7shc8+X7nc4ryyOXFUuSI6YpeWKTJxIvOOolCQpfy5zMZC522eKBUKpZ0cYxV5BvhASCW6bZhLuUuLuxfGbVo1+mpC32MBUySEh93nJh3yqO2YOpNLhsZPPNvHR6eozUd5dHtLZiQ5k6J42Tg4ODnsbjRna8OpLN1ndIt2r4Cu3pp5/2s3GSG8vSnR8uxePxeuaeowA3M9usAzkCyLzfQQjMvp1SBpasu5JjdnRPAAAAVIpzx36rDHA8b0mCamkYOTwVSL5OZTKzE6l8zUR5RGtrYjRPRtI1NXNBByLA5GQmn89FRn1dNe39Fm8fAQAoE6kvnSCEkA7HH8VWoKUBAACgspQaOGdEpQEAAKCyRJpq+WYMuNJw/a4Nyr9gwygXKCgfoJABIPSiy5r5Zgyy0nD9rg3PHziq/AvZkdqLxVGKi5I4PVNPS1it/PlcBfQir/BtjQAAOnU9S/lmlKV7QjkdMpL/mO5ocVioNQZuwkMypu9/FdCjhUK9AQBCKT+bUQaWbOI8xMlSaYAwwUkXAEBCEyeGlIGGtla+FAJ7I6RyUlH+V84x2v/JxYtI7blHO0Ydr7vW1KZg+lddasbx2j/dvGeraTq67EwDUMcbg9H91XSYnguFrgSIptwOPPS0LiR1AqsFsVoER5wWO73EFDv2bnv8W8+6LGerwIhFmQAAlLXJ1064TCGwSoPVQZlyElXvgaAfzRlPydozh+mZ7PpdG57d/8JEKtXe1s59/mCpEwhntaRWP9lT41gEjmLnyI5jLnqxAACEz9TfniWEkB7OlzQQCbsnKAduxmO6djJKq4OC8eLeqr1dN55+HjImYmwVEIJSUDfv2er09hGWcqDMJaTYjeX81L6D7EGylDNqDABQKRL87QUCWhr29R8xG/2m6cR7D29kT1nXVeGeo9OzkHM5papB6Q6QCmM5UJr6fSh2jnIWvnUBAJSFSAvvq538755IJpPJZJJ9em3fs8uDu9Nm+ecPHM1kZpXuCfpkxvsYtH/lDlgSHA08WhzFbjVeW86Tk5McQZrmhaoDAFSU+HLOuyCJkErD3sMbk8lkV1eX8jOVSkWj0fp6i7f0n+TJwrQX3BEJr+ONl7zhI0Ox25az+60LAKCMNK7p4Z5XTEuDtvFgeHg4Ho83MX8Yl8L9cZzSd64MUJ50UG6EZAmG0sxgdZeD8QTGvqRuejee3f+C6fLqWJUPe0aOkmXMTmw5o5YAABVl9p3zykBr/9XciQT29AQL3RFfd/LQjVTZzmJMwXbYNCM3i8CRCP1eP6d1Dt0wY/k4XQTfip1jLvosqFIAQMi8dexlZYDvo9iKSKlUEhTPBSwtDd59Glts4wTLPQ3+EHIOGxkdWZRI1NRc9p0SSc6OTsOYnJzM53NNTZyvT+eLx7tPYw8MDPT29nqUuM8EtjUGLp1Oj42NdXd3Bx2IGENDQy0tLXV1dUEHIsD4+Hg2m+3o6Ag6EDH8OQIc6d9HCIl0nrnm8Qe4E5HukUv/UZ6ZlEf47nuQudhliwcAQJRSQ8TN7FJ3T/iD3tkhD6se/TIlbbGHqZABAPSaatzMbV5p6OnpGRwcdJMunXfNvHxhW82VTs8jY9Pt3V5F65TLlZIZirW01OkaJz1d0XRusq4ez2azkfYO8asmwAIBAPBaVdtiN7ObdE/09PA/jAEAAADSqlu5zM3s+pYGpY3B63rD784e9jR9UWZnM6l3UvPOTgQdiBhn3xnNRkZqa23apla09vsTDwAA+EP9KHbTVavdpHNZS4PXvRIAAADgv6nhUWUg0bPCTTqXWhqsagy69/VOT083NNBeW53L5Uql0tQU7aHKmZkZh3EGI5fLFYvFconWVrFYzGYzpdIcfTL6upNEJpPJ5/NlESqLQqEQmmVhOQKUi0wmE6ZVUygUZmZm5uZsjgBlAUcAp0ZeOqYMuMzo0nsajF0SSh3i+PHj2pEnT56kd15ks9l58+bFYjHKNGOTr1L+eu8HPve9x75BmcA3xWKxWCxWV1cHHYgYuVyuqqqqqqqKUAu5pbHP37h45PP5ubm5eDwedCBizMzMzJ8/P+goxGA5ApSLQqFQKBRqalzdbS6PTCYTjUaj0TA8NIcjgFPT9xwkhMz1nGp44I/dpGP+cic3/RQsr3ah3NNw43W7fvHLA9oBqwnoswsxO5tJpVLt7W1q4tq/CsyITtRCjYyMJhIJ9Z4Gq2TL4p4GvNpFWni5k7Twcidp+XAEUN7sRDaPbXz4y27SkavK6f7s6PWJXJu+2AoKY6Zik/VtEQAAIHCRZrePqeONkPyUk27QUQAAADCJdy5xmYJ5S0Mgz1A4uupVJtaes42dGsbeBGMWptPzXXwbg7EKwyo7q/DoQer+ahzWBvDUz/frgkFjAwBAhVjQ4+olDUS27glHdGc725/sqXGcR61ytwqDLzuOubSTjYyM7rhpD6oIAAAVRf0o9pKr17lMqoy7JwTeDqmbnrHfQTuXo3s2rbLT5UuvBhmDNLa+GOlaGgAAIPTGX73wFGTtQtobE1gIaGn4yn4HN9v/9R5J3wXJeHeCVR8EewocE9Pnone7aGskHDkCAEC5e+v+Y6KS8rt7IplMJpNJnzNlwXhOtZrMaW+IVTpqDcC0lYLvxK+9swEtDQAAFWrdiPs0BFQa/nrP4WQy2dXVpfxMpVLRaLS+3vy5jpPkpPscZSPDvYTGpgWdX/zyAO5pAACoXAkBrykT09KgbTwQ9WoX24cd2Oe1uu7XPolAv4HAEatkGbOjNDNYzWWsKLi5qRMAAMKnqnWh+0QkenrCeFKknAsZU9MNG5/SNE7jNCP2ZN1nxzGXbhZd9wSqFAAAFaJ2eZv7RCSqNJii9P2bjtHVOWxntJ2eJRi+ZL1LzWr2kZFRqxwBACDcFl25xn0icj1yyfisYxmhPEIZONniAQAA4SZPn1EGmvuucJ+adC0NIXtHoa5LIthgtMJUyAAAYOXEXU8LTC2YSgP9O4pevMSaL810Oh0vja1odfWNu0DeyW1qbmaoZcmFb9zJExUAAHhu9RkhycjVPQEAAADiNcSEJINKAwAAQMhFmhcISQeVBgAAgJCLtS4Wkg4qDQAAACG3YKXbj2IrUGkAAAAIp8x0WhlYfOVqIQmi0gAAABBOE8dfVwYa2lqFJIhKAwAAQDiNfuyQ2ARRaQAAAAi19QI+iq1ApQEAACDURHwUW4FKAwAAQJhVtSREJYVKAwAAQJjFly4RlRQqDQAAAGGWWLNSVFKoNAAAAITQ+dGzysDi3lWi0kSlAQAAIITeeO+TykCsFjdCAgAAgC1BH8VWoNIAAAAQWiVBH8VWoNIAAAAQWpFF8wWmhkoDAABAaMXaFglMDZUGAACA0FqwcoXA1FBpAAAACJv8bEYZWNwn7HlLgkoDAABA+EycGFIGGjuXCkwWlQYAAICwOXPv/3qRLCoNAAAA4VQS91FsBSoNAAAA4RRZKOxdkApUGgAAAMKpavECsQmi0gAAABBO8WWtYhNEpQEAACCc6lctZ594X/+R7FSBPg0qDQAAAKEy/dY5ZWBxby/jLPv6jxBC9r/7WH62SJkMlQYAAIBQGbjtcWWgdmGDoxlX7VgUjdMqBqg0AAAAhFEv60exlWYGQsjV97ZF5kUoU6LSAAAAEEYNUUeTb7ivdeFym0c0UWkAAAAIo0V1LFOpzQxr7myynRiVBgAAgBCKtS60naaYn1MGNn2ivb49bjs9Kg0AAAAhVLfC/lNV3936a2VgNUMzA0GlAQAAIJQSa66gT6A2M/ze/R21iRhLmqg0AAAAhMf46yeUgYblnfQp1WaG9R9mfXEkKg0AAADh8eYH/0cZiMaYnp7YnnTw1khUGgAAAELnymH639WHJlbdtpg9VVQaAAAAQmdhNctUN/99N/1tTjqoNAAAAITNvMX1lL+qzQyd1zY6S5Y/IgAAAJBSdUez1Z8ykxc+ZXnrP6+kf2nCCJUGAACAsGlY1WX1p0dvPKYMtG+ktUaYQqUBAAAgJDLTaWWg6ao+0wnUjonbv9tbFXNcB0ClAQAAICRe2f4fygD9o9grb13Uun4BR/qoNAAAAITLSvOPYqvNDOs+1MKXMCoNAAAAoVKqr6L8de2u5qbe+Xwpo9IAAAAQKpFErXGk2szQ9z7LBytsodIAAAAQKsaPYs8VSsrAhntbEt0mVQpGqDQAAACESk1Xh27Md7a8pAysvXuJ6SyT06Nf2d//0hs/oaeMSgMAAECoLO7rNR2/4U9a6ppNXi99Pj320H+/t7tt8y+OfIueMioNAAAAYfDOyVPKQMOypdrx6t0Mmz6ub4EghExOjz74oz/sXfqu4lz+0+97gp4F03czAQAAQHKDO59RBmK1Nca/bv3zpcZvU52dGPj2T+/pad8aj9XtuPaL1TGbpypQaQAAAAiR1Ze9pEFtZlh9Z5NuwrGJ17/903t62rbEYwtu3fKFmmr7t0qj0gAAABAepYaYceS7/mp5rPaylze8efalf//Z3q62zfV1zTu2fLGqymQuI1QaAAAAwiPSdOn90GozQ/cNCXVkqTT3wKObCSErO65NLOi44ZqPM9YYCCoNAAAAYRJfeuHdTWqN4cavd1UvuNTMoNQYli3Z0JJYddPGTzlKHJUGAACA8KhbuUL7c+mW+mXXNao/v7K/nxDS1dq/tHndu9Z/xGniqDQAAACER+s164j2pdE7l6h3Myg1ho7FV65e9u7Na3ZxJI73NAAAAJS9I/37lAHtR7GX/X7Dim0XXimt1BgWN6zoW3EjX42BoKUBAAAgPJadJppmhvV7WgkhxWL+q9/fSghZ2b51w8r3ru36A+7kUWkAAAAIiwWXXt90xY7FbVfXE0KUGkNNdcPVq+7sW3Gjm+RRaQAAAAiLRTVqM8PaXc3Z3PTXH9tOCFnVcd3mNbt62re4TB6VBgAAgOWlZjIAAAT4SURBVJCItF54H8Pau5ubVtcqT1c2N3ZvXXtPV9tm9+mj0gAAABASh390oWZwxa75So1hafNVt27+fHtTn5D0UWkAAAAob4V8Qftz9FMfffg5Qgjp6bj2hg1/JqrGQHSVhp6eHnV4cHBQVB4AAADgnelz44SQI2QjIWT0Ux9VRi5c0LFjy18uXNAuMKNLlYaenh5tRUH3EwAAAOQ0ePuTyoBaY+hbftNNGz8ptsZA0D0BAAAQAkfIRrXG0Nm8/ub++4XXGAgqDQAAACGg1hhWd25/37avRaviXuQivtLwnZ/fITzNgD0fdABQCV4MOgCwgiMA+MDlEeDitypXtWy7bctfeFRjICyVhkOHDml/vvbaa319wu7DBAAAACESZ9f0XvnB14+fIuSUR1nYVxo2bdpE+Wn0fwc2F+cV5pcWuAnr7JKBhnMdNaU6V4l0/mbJGVf1m3R0MtOYaj630k0ik3Vni1WFpqlON4mcS5ysTtc35prcJCKqVJtOrY5E+D91NhNDqRoSQaleDqWqg1LVCVOpFoqFcyteWXLa1dmqGCmUagq7PvI3zZ1tbtKxJb574taPfX7+/PktLS3CU/bf1NTUqVOn1q5dG3QgYrzyyivLli2rr68POhABxsbGZmZmurq6gg5EjEOHDm36pE11vFycPHkSRwA54QggrTI6AlyqNAwODuI9DQAAAGDlspYGVBQAAADACn+/FAAAAFSUSKlUCjoGAAAAKAOWr5HmZnpjBONI7RjdxI5yF/U+7GCXxVGc8nctma4awlssblaN1Ui+MALfa6xGOs1dhr3GaqQXsNcIGckXBvYa09RYIgx2ryGEkFKpVCqVuru71f/d0KVgmixlJD01xgBYUmZMyvjTz2UpXVwcFWOotkmJGsmxLPQx7EkZf4pdX+xhBL7XuF8cefYaIWFgr7FKyvgTe41paowBhGmvYWf5yKXV96t0F9C6So3AOg53rU15DMQ4r2ljgLamJuGyiArDdG26HMkRhjYpNWU1TXUa4uOqESvwvYabhHuNG9hrpF01RthrZFgWds7e02Bcu6Lj8UqYvuFp1RKlO4Joyb+wlD2q3GGvkQH2mvKCvUZaUaJZKqt6Ex+XHTxuwmBcEHUy24kDXBZ6arpLEC9yDISnq2ZQxCtJ5NlrhCwOkWOvEbUs9Eiw1wS1sPLsNaLIsNf4zJOvXLq5VUcUURtl4MvCeAxljzDYQ7malC4RjisJ7lUj56WADIsT+F4jallk2GsEkmGv0R0EJCHD4gS+1/i8ai5UGgRm6b74JDmIEzmWhd5h5jQY0wRZZvT0LKu74OMIKRBS7TXykGFZZNhrvD6U+7/XCOkvkGevkar7o4yWJWqM1XSMcU6rkYEfL1QsOy2lkijVsmi5bE4PHGMYMq8a7DXSrhorgew1Ag/lUu01fElJu9cIubSTZK/xYQe07J7QloK2ccw4Ukc3cnBw0LRx26rF26Nl5mtgl3NZdBGyZCHtoVzBcU3mZtUI7G3RCWSv8Wdx2FOWc1l0Efq813ixA/q812hnF7ssAZ5rdGOECOpc4yg7N1y9EVLyU1EImJawcaMxbnCUWaxmNG5/tiO9FsoNLJQLJRUJ9xo/13goN7BQLlSZclxpCOTkARUoTIcJ7DXgD+w14DV8ewIAAACY4CuXAAAAwASVBgAAAGCCSgMAAAAwQaUBAAAAmPw/CmG9VsJuaekAAAAASUVORK5CYII="
                                height="200"
                width="700"
                margin="0 auto"/>
    
    
        <p style="width: 100%; text-align:center;">
      <a style="color:#0d0d0d;font-family:-apple-system, BlinkMacSystemFont, &#039;Segoe UI&#039;, Roboto, Oxygen-Sans, Cantarell, &#039;Helvetica Neue&#039;, sans-serif;; text-decoration:none; font-size: 9pt;" href="#reportTop">
          Back to top &#8593;
    </a></p>

    <hr style=" border: 0; margin-top: 50px;  height: 1px; background-image: linear-gradient(to right, rgba(231, 231, 231, 0), rgba(231, 231, 231, 1), rgba(2311, 2311, 231, 0));">

    <p style='font-size:15px;line-height:24px;margin:0 0 16px;color:&#x23;212121;font-family:-apple-system,&#x20;BlinkMacSystemFont,&#x20;&#x27;Segoe&#x20;UI&#x27;,&#x20;Roboto,&#x20;Oxygen-Sans,&#x20;Cantarell,&#x20;&#x27;Helvetica&#x20;Neue&#x27;,&#x20;sans-serif;text-align:center;font-size:13px; color:#666;padding-top:30px;margin-bottom:0;'>
        Powered by
        <a style="color:#439fe0;" href="https://matomo.org/" title="Matomo Analytics">Matomo Analytics</a>
        <br />
        The leading open analytics platform that respects your privacy.
    </p>

        <p style='font-size:15px;line-height:24px;margin:0 0 16px;color:&#x23;212121;font-family:-apple-system,&#x20;BlinkMacSystemFont,&#x20;&#x27;Segoe&#x20;UI&#x27;,&#x20;Roboto,&#x20;Oxygen-Sans,&#x20;Cantarell,&#x20;&#x27;Helvetica&#x20;Neue&#x27;,&#x20;sans-serif;text-align:center;font-size:13px; color:#666;'>To unsubscribe from this report please follow this link: <a style="color:#439fe0;" href="__unsubscribeLink__">Unsubscribe</a>.</p>

</div>
</body>
</html>
