<?xml version="1.0" encoding="utf-8" ?>
<result>
	<website>new name</website>
	<prettyDate>Saturday, March 6, 2010</prettyDate>
	<metadata>
		<category>Visitors</category>
		<subcategory>Overview</subcategory>
		<name>Visits Summary</name>
		<module>VisitsSummary</module>
		<action>get</action>
		<documentation>This report provides a very general overview of how your visitors behave.</documentation>
		<metrics>
			<nb_visits>Visits</nb_visits>
		</metrics>
		<metricsDocumentation>
			<nb_visits>If a visitor comes to your website for the first time or if they visit a page more than 30 minutes after their last page view, this will be recorded as a new visit.</nb_visits>
		</metricsDocumentation>
		<processedMetricFormulas>
			<bounce_rate>$bounce_count / $nb_visits</bounce_rate>
			<nb_actions_per_visit>$nb_actions / $nb_visits</nb_actions_per_visit>
			<avg_time_on_site>$sum_visit_length / $nb_visits</avg_time_on_site>
		</processedMetricFormulas>
		<temporaryMetricAggregationTypes>
			<bounce_count>sum</bounce_count>
			<sum_visit_length>sum</sum_visit_length>
		</temporaryMetricAggregationTypes>
		<temporaryMetricSemanticTypes>
			<bounce_count>number</bounce_count>
			<sum_visit_length>number</sum_visit_length>
		</temporaryMetricSemanticTypes>
		<metricTypes>
			<nb_visits>number</nb_visits>
		</metricTypes>
		<imageGraphUrl>index.php?module=API&amp;method=ImageGraph.get&amp;idSite=1&amp;apiModule=VisitsSummary&amp;apiAction=get&amp;period=day&amp;date=2010-02-05,2010-03-06</imageGraphUrl>
		<imageGraphEvolutionUrl>index.php?module=API&amp;method=ImageGraph.get&amp;idSite=1&amp;apiModule=VisitsSummary&amp;apiAction=get&amp;period=day&amp;date=2010-02-05,2010-03-06</imageGraphEvolutionUrl>
		<uniqueId>VisitsSummary_get</uniqueId>
	</metadata>
	<columns>
		<nb_visits>Visits</nb_visits>
	</columns>
	<reportData>
		<value>2</value>
	</reportData>
	<reportMetadata />
	<reportTotal>
	</reportTotal>
</result>