<?xml version="1.0" encoding="utf-8" ?>
<result>
	<row>
		<label>user0</label>
		<nb_uniq_visitors>1</nb_uniq_visitors>
		<nb_visits>5</nb_visits>
		<nb_actions>5</nb_actions>
		<nb_users>1</nb_users>
		<max_actions>1</max_actions>
		<sum_visit_length>0</sum_visit_length>
		<bounce_count>5</bounce_count>
		<nb_visits_converted>0</nb_visits_converted>
		
	</row>
	<row>
		<label>user1</label>
		<nb_uniq_visitors>1</nb_uniq_visitors>
		<nb_visits>5</nb_visits>
		<nb_actions>5</nb_actions>
		<nb_users>1</nb_users>
		<max_actions>1</max_actions>
		<sum_visit_length>0</sum_visit_length>
		<bounce_count>5</bounce_count>
		<nb_visits_converted>0</nb_visits_converted>
		
	</row>
	<row>
		<label>user2</label>
		<nb_uniq_visitors>1</nb_uniq_visitors>
		<nb_visits>5</nb_visits>
		<nb_actions>5</nb_actions>
		<nb_users>1</nb_users>
		<max_actions>1</max_actions>
		<sum_visit_length>0</sum_visit_length>
		<bounce_count>5</bounce_count>
		<nb_visits_converted>0</nb_visits_converted>
		
	</row>
	<row>
		<label>user3</label>
		<nb_uniq_visitors>1</nb_uniq_visitors>
		<nb_visits>5</nb_visits>
		<nb_actions>5</nb_actions>
		<nb_users>1</nb_users>
		<max_actions>1</max_actions>
		<sum_visit_length>0</sum_visit_length>
		<bounce_count>5</bounce_count>
		<nb_visits_converted>0</nb_visits_converted>
		
	</row>
	<row>
		<label>user4</label>
		<nb_uniq_visitors>1</nb_uniq_visitors>
		<nb_visits>5</nb_visits>
		<nb_actions>5</nb_actions>
		<nb_users>1</nb_users>
		<max_actions>1</max_actions>
		<sum_visit_length>0</sum_visit_length>
		<bounce_count>5</bounce_count>
		<nb_visits_converted>0</nb_visits_converted>
		
	</row>
	<row>
		<label>user5</label>
		<nb_uniq_visitors>1</nb_uniq_visitors>
		<nb_visits>5</nb_visits>
		<nb_actions>10</nb_actions>
		<nb_users>1</nb_users>
		<max_actions>2</max_actions>
		<sum_visit_length>5</sum_visit_length>
		<bounce_count>0</bounce_count>
		<nb_visits_converted>0</nb_visits_converted>
		
	</row>
	<row>
		<label>user6</label>
		<nb_uniq_visitors>1</nb_uniq_visitors>
		<nb_visits>5</nb_visits>
		<nb_actions>10</nb_actions>
		<nb_users>1</nb_users>
		<max_actions>2</max_actions>
		<sum_visit_length>5</sum_visit_length>
		<bounce_count>0</bounce_count>
		<nb_visits_converted>0</nb_visits_converted>
		
	</row>
	<row>
		<label>user7</label>
		<nb_uniq_visitors>1</nb_uniq_visitors>
		<nb_visits>5</nb_visits>
		<nb_actions>10</nb_actions>
		<nb_users>1</nb_users>
		<max_actions>2</max_actions>
		<sum_visit_length>5</sum_visit_length>
		<bounce_count>0</bounce_count>
		<nb_visits_converted>0</nb_visits_converted>
		
	</row>
	<row>
		<label>user8</label>
		<nb_uniq_visitors>1</nb_uniq_visitors>
		<nb_visits>5</nb_visits>
		<nb_actions>10</nb_actions>
		<nb_users>1</nb_users>
		<max_actions>2</max_actions>
		<sum_visit_length>5</sum_visit_length>
		<bounce_count>0</bounce_count>
		<nb_visits_converted>0</nb_visits_converted>
		
	</row>
	<row>
		<label>user9</label>
		<nb_uniq_visitors>1</nb_uniq_visitors>
		<nb_visits>5</nb_visits>
		<nb_actions>10</nb_actions>
		<nb_users>1</nb_users>
		<max_actions>2</max_actions>
		<sum_visit_length>5</sum_visit_length>
		<bounce_count>0</bounce_count>
		<nb_visits_converted>0</nb_visits_converted>
		
	</row>
	<row>
		<label>user10</label>
		<nb_uniq_visitors>1</nb_uniq_visitors>
		<nb_visits>5</nb_visits>
		<nb_actions>10</nb_actions>
		<nb_users>1</nb_users>
		<max_actions>2</max_actions>
		<sum_visit_length>5</sum_visit_length>
		<bounce_count>0</bounce_count>
		<nb_visits_converted>0</nb_visits_converted>
		
	</row>
	<row>
		<label>user11</label>
		<nb_uniq_visitors>1</nb_uniq_visitors>
		<nb_visits>5</nb_visits>
		<nb_actions>10</nb_actions>
		<nb_users>1</nb_users>
		<max_actions>2</max_actions>
		<sum_visit_length>5</sum_visit_length>
		<bounce_count>0</bounce_count>
		<nb_visits_converted>0</nb_visits_converted>
		
	</row>
	<row>
		<label>user12</label>
		<nb_uniq_visitors>1</nb_uniq_visitors>
		<nb_visits>5</nb_visits>
		<nb_actions>10</nb_actions>
		<nb_users>1</nb_users>
		<max_actions>2</max_actions>
		<sum_visit_length>5</sum_visit_length>
		<bounce_count>0</bounce_count>
		<nb_visits_converted>0</nb_visits_converted>
		
	</row>
	<row>
		<label>user13</label>
		<nb_uniq_visitors>1</nb_uniq_visitors>
		<nb_visits>5</nb_visits>
		<nb_actions>10</nb_actions>
		<nb_users>1</nb_users>
		<max_actions>2</max_actions>
		<sum_visit_length>5</sum_visit_length>
		<bounce_count>0</bounce_count>
		<nb_visits_converted>0</nb_visits_converted>
		
	</row>
	<row>
		<label>user14</label>
		<nb_uniq_visitors>1</nb_uniq_visitors>
		<nb_visits>5</nb_visits>
		<nb_actions>10</nb_actions>
		<nb_users>1</nb_users>
		<max_actions>2</max_actions>
		<sum_visit_length>5</sum_visit_length>
		<bounce_count>0</bounce_count>
		<nb_visits_converted>0</nb_visits_converted>
		
	</row>
</result>