<?xml version="1.0" encoding="utf-8" ?>
<result>
	<row>2016</row>
	<row>2015</row>
	<row>2014</row>
	<row>2013</row>
	<row>2012</row>
	<row>2011</row>
	<row>2010</row>
	<row>2009</row>
	<row>2008</row>
	<row>2007</row>
	<row>2006</row>
	<row>2005</row>
	<row>2004</row>
	<row>2003</row>
	<row>2002</row>
	<row>2001</row>
	<row>2000</row>
	<row>1999</row>
	<row>1998</row>
	<row>1997</row>
	<row>1996</row>
	<row>1995</row>
	<row>1994</row>
	<row>1993</row>
	<row>1992</row>
	<row>1991</row>
	<row>1990</row>
	<row>1989</row>
	<row>1988</row>
	<row>1987</row>
	<row>1986</row>
	<row>1985</row>
	<row>1984</row>
	<row>1983</row>
	<row>1982</row>
	<row>1981</row>
	<row>1980</row>
	<row>1979</row>
	<row>1978</row>
	<row>1977</row>
	<row>1976</row>
	<row>1975</row>
	<row>1974</row>
	<row>1973</row>
	<row>1972</row>
	<row>1971</row>
	<row>1970</row>
	<row>1969</row>
	<row>1968</row>
	<row>1967</row>
	<row>1966</row>
	<row>1965</row>
	<row>1964</row>
	<row>1963</row>
	<row>1962</row>
	<row>1961</row>
	<row>1960</row>
	<row>1959</row>
	<row>1958</row>
	<row>1957</row>
	<row>1956</row>
	<row>1955</row>
	<row>1954</row>
	<row>1953</row>
	<row>1952</row>
	<row>1951</row>
	<row>1950</row>
	<row>1949</row>
	<row>1948</row>
	<row>1947</row>
	<row>1946</row>
	<row>1945</row>
	<row>1944</row>
	<row>1943</row>
	<row>1942</row>
	<row>1941</row>
	<row>1940</row>
	<row>1939</row>
	<row>1938</row>
	<row>1937</row>
	<row>1936</row>
	<row>1935</row>
	<row>1934</row>
	<row>1933</row>
	<row>1932</row>
	<row>1931</row>
	<row>1930</row>
	<row>1929</row>
	<row>1928</row>
	<row>1927</row>
	<row>1926</row>
	<row>1925</row>
	<row>1924</row>
	<row>1923</row>
	<row>1922</row>
	<row>1921</row>
	<row>1920</row>
	<row>1919</row>
	<row>1918</row>
	<row>1917</row>
	<row>1916</row>
	<row>1915</row>
	<row>1914</row>
	<row>1913</row>
	<row>1912</row>
	<row>1911</row>
	<row>1910</row>
	<row>1909</row>
	<row>1908</row>
	<row>1907</row>
	<row>1906</row>
	<row>1905</row>
	<row>1904</row>
	<row>1903</row>
	<row>1902</row>
	<row>1901</row>
	<row>1900</row>
	<row>1899</row>
	<row>1898</row>
	<row>1897</row>
	<row>1896</row>
	<row>1895</row>
	<row>1894</row>
	<row>1893</row>
	<row>1892</row>
	<row>1891</row>
	<row>1890</row>
	<row>1889</row>
	<row>1888</row>
	<row>1887</row>
	<row>1886</row>
	<row>1885</row>
	<row>1884</row>
	<row>1883</row>
	<row>1882</row>
	<row>1881</row>
	<row>1880</row>
	<row>1879</row>
	<row>1878</row>
	<row>1877</row>
	<row>1876</row>
	<row>1875</row>
	<row>1874</row>
	<row>1873</row>
	<row>1872</row>
	<row>1871</row>
	<row>1870</row>
	<row>1869</row>
	<row>1868</row>
	<row>1867</row>
	<row>1866</row>
	<row>1865</row>
	<row>1864</row>
	<row>1863</row>
	<row>1862</row>
	<row>1861</row>
	<row>1860</row>
	<row>1859</row>
	<row>1858</row>
	<row>1857</row>
	<row>1856</row>
	<row>1855</row>
	<row>1854</row>
	<row>1853</row>
	<row>1852</row>
	<row>1851</row>
	<row>1850</row>
	<row>1849</row>
	<row>1848</row>
	<row>1847</row>
	<row>1846</row>
	<row>1845</row>
	<row>1844</row>
	<row>1843</row>
	<row>1842</row>
	<row>1841</row>
	<row>1840</row>
	<row>1839</row>
	<row>1838</row>
	<row>1837</row>
	<row>1836</row>
	<row>1835</row>
	<row>1834</row>
	<row>1833</row>
	<row>1832</row>
	<row>1831</row>
	<row>1830</row>
	<row>1829</row>
	<row>1828</row>
	<row>1827</row>
	<row>1826</row>
	<row>1825</row>
	<row>1824</row>
	<row>1823</row>
	<row>1822</row>
	<row>1821</row>
	<row>1820</row>
	<row>1819</row>
	<row>1818</row>
	<row>1817</row>
	<row>1816</row>
	<row>1815</row>
	<row>1814</row>
	<row>1813</row>
	<row>1812</row>
	<row>1811</row>
	<row>1810</row>
	<row>1809</row>
	<row>1808</row>
	<row>1807</row>
	<row>1806</row>
	<row>1805</row>
	<row>1804</row>
	<row>1803</row>
	<row>1802</row>
	<row>1801</row>
	<row>1800</row>
	<row>1799</row>
	<row>1798</row>
	<row>1797</row>
	<row>1796</row>
	<row>1795</row>
	<row>1794</row>
	<row>1793</row>
	<row>1792</row>
	<row>1791</row>
	<row>1790</row>
	<row>1789</row>
	<row>1788</row>
	<row>1787</row>
	<row>1786</row>
	<row>1785</row>
	<row>1784</row>
	<row>1783</row>
	<row>1782</row>
	<row>1781</row>
	<row>1780</row>
	<row>1779</row>
	<row>1778</row>
	<row>1777</row>
	<row>1776</row>
	<row>1775</row>
	<row>1774</row>
	<row>1773</row>
	<row>1772</row>
	<row>1771</row>
	<row>1770</row>
	<row>1769</row>
	<row>1768</row>
	<row>1767</row>
	<row>1766</row>
	<row>1765</row>
	<row>1764</row>
	<row>1763</row>
	<row>1762</row>
	<row>1761</row>
	<row>1760</row>
	<row>1759</row>
	<row>1758</row>
	<row>1757</row>
	<row>1756</row>
	<row>1755</row>
	<row>1754</row>
	<row>1753</row>
	<row>1752</row>
	<row>1751</row>
	<row>1750</row>
	<row>1749</row>
	<row>1748</row>
	<row>1747</row>
	<row>1746</row>
	<row>1745</row>
	<row>1744</row>
	<row>1743</row>
	<row>1742</row>
	<row>1741</row>
	<row>1740</row>
	<row>1739</row>
	<row>1738</row>
	<row>1737</row>
	<row>1736</row>
	<row>1735</row>
	<row>1734</row>
	<row>1733</row>
	<row>1732</row>
	<row>1731</row>
	<row>1730</row>
	<row>1729</row>
	<row>1728</row>
	<row>1727</row>
	<row>1726</row>
	<row>1725</row>
	<row>1724</row>
	<row>1723</row>
	<row>1722</row>
	<row>1721</row>
	<row>1720</row>
	<row>1719</row>
	<row>1718</row>
	<row>1717</row>
	<row>1716</row>
	<row>1715</row>
	<row>1714</row>
	<row>1713</row>
	<row>1712</row>
	<row>1711</row>
	<row>1710</row>
	<row>1709</row>
	<row>1708</row>
	<row>1707</row>
	<row>1706</row>
	<row>1705</row>
	<row>1704</row>
	<row>1703</row>
	<row>1702</row>
	<row>1701</row>
	<row>1700</row>
	<row>1699</row>
	<row>1698</row>
	<row>1697</row>
	<row>1696</row>
	<row>1695</row>
	<row>1694</row>
	<row>1693</row>
	<row>1692</row>
	<row>1691</row>
	<row>1690</row>
	<row>1689</row>
	<row>1688</row>
	<row>1687</row>
	<row>1686</row>
	<row>1685</row>
	<row>1684</row>
	<row>1683</row>
	<row>1682</row>
	<row>1681</row>
	<row>1680</row>
	<row>1679</row>
	<row>1678</row>
	<row>1677</row>
	<row>1676</row>
	<row>1675</row>
	<row>1674</row>
	<row>1673</row>
	<row>1672</row>
	<row>1671</row>
	<row>1670</row>
	<row>1669</row>
	<row>1668</row>
	<row>1667</row>
	<row>1666</row>
	<row>1665</row>
	<row>1664</row>
	<row>1663</row>
	<row>1662</row>
	<row>1661</row>
	<row>1660</row>
	<row>1659</row>
	<row>1658</row>
	<row>1657</row>
	<row>1656</row>
	<row>1655</row>
	<row>1654</row>
	<row>1653</row>
	<row>1652</row>
	<row>1651</row>
	<row>1650</row>
	<row>1649</row>
	<row>1648</row>
	<row>1647</row>
	<row>1646</row>
	<row>1645</row>
	<row>1644</row>
	<row>1643</row>
	<row>1642</row>
	<row>1641</row>
	<row>1640</row>
	<row>1639</row>
	<row>1638</row>
	<row>1637</row>
	<row>1636</row>
	<row>1635</row>
	<row>1634</row>
	<row>1633</row>
	<row>1632</row>
	<row>1631</row>
	<row>1630</row>
	<row>1629</row>
	<row>1628</row>
	<row>1627</row>
	<row>1626</row>
	<row>1625</row>
	<row>1624</row>
	<row>1623</row>
	<row>1622</row>
	<row>1621</row>
	<row>1620</row>
	<row>1619</row>
	<row>1618</row>
	<row>1617</row>
	<row>1616</row>
	<row>1615</row>
	<row>1614</row>
	<row>1613</row>
	<row>1612</row>
	<row>1611</row>
	<row>1610</row>
	<row>1609</row>
	<row>1608</row>
	<row>1607</row>
	<row>1606</row>
	<row>1605</row>
	<row>1604</row>
	<row>1603</row>
	<row>1602</row>
	<row>1601</row>
	<row>1600</row>
	<row>1599</row>
	<row>1598</row>
	<row>1597</row>
	<row>1596</row>
	<row>1595</row>
	<row>1594</row>
	<row>1593</row>
	<row>1592</row>
	<row>1591</row>
	<row>1590</row>
	<row>1589</row>
	<row>1588</row>
	<row>1587</row>
	<row>1586</row>
	<row>1585</row>
	<row>1584</row>
	<row>1583</row>
	<row>1582</row>
	<row>1581</row>
	<row>1580</row>
	<row>1579</row>
	<row>1578</row>
	<row>1577</row>
	<row>1576</row>
	<row>1575</row>
	<row>1574</row>
	<row>1573</row>
	<row>1572</row>
	<row>1571</row>
	<row>1570</row>
	<row>1569</row>
	<row>1568</row>
	<row>1567</row>
	<row>1566</row>
	<row>1565</row>
	<row>1564</row>
	<row>1563</row>
	<row>1562</row>
	<row>1561</row>
	<row>1560</row>
	<row>1559</row>
	<row>1558</row>
	<row>1557</row>
	<row>1556</row>
	<row>1555</row>
	<row>1554</row>
	<row>1553</row>
	<row>1552</row>
	<row>1551</row>
	<row>1550</row>
	<row>1549</row>
	<row>1548</row>
	<row>1547</row>
	<row>1546</row>
	<row>1545</row>
	<row>1544</row>
	<row>1543</row>
	<row>1542</row>
	<row>1541</row>
	<row>1540</row>
	<row>1539</row>
	<row>1538</row>
	<row>1537</row>
	<row>1536</row>
	<row>1535</row>
	<row>1534</row>
	<row>1533</row>
	<row>1532</row>
	<row>1531</row>
	<row>1530</row>
	<row>1529</row>
	<row>1528</row>
	<row>1527</row>
	<row>1526</row>
	<row>1525</row>
	<row>1524</row>
	<row>1523</row>
	<row>1522</row>
	<row>1521</row>
	<row>1520</row>
	<row>1519</row>
	<row>1518</row>
	<row>1517</row>
	<row>1516</row>
	<row>1515</row>
	<row>1514</row>
	<row>1513</row>
	<row>1512</row>
	<row>1511</row>
	<row>1510</row>
	<row>1509</row>
	<row>1508</row>
	<row>1507</row>
	<row>1506</row>
	<row>1505</row>
	<row>1504</row>
	<row>1503</row>
	<row>1502</row>
	<row>1501</row>
	<row>1500</row>
	<row>1499</row>
	<row>1498</row>
	<row>1497</row>
	<row>1496</row>
	<row>1495</row>
	<row>1494</row>
	<row>1493</row>
	<row>1492</row>
	<row>1491</row>
	<row>1490</row>
	<row>1489</row>
	<row>1488</row>
	<row>1487</row>
	<row>1486</row>
	<row>1485</row>
	<row>1484</row>
	<row>1483</row>
	<row>1482</row>
	<row>1481</row>
	<row>1480</row>
	<row>1479</row>
	<row>1478</row>
	<row>1477</row>
	<row>1476</row>
	<row>1475</row>
	<row>1474</row>
	<row>1473</row>
	<row>1472</row>
	<row>1471</row>
	<row>1470</row>
	<row>1469</row>
	<row>1468</row>
	<row>1467</row>
	<row>1466</row>
	<row>1465</row>
	<row>1464</row>
	<row>1463</row>
	<row>1462</row>
	<row>1461</row>
	<row>1460</row>
	<row>1459</row>
	<row>1458</row>
	<row>1457</row>
	<row>1456</row>
	<row>1455</row>
	<row>1454</row>
	<row>1453</row>
	<row>1452</row>
	<row>1451</row>
	<row>1450</row>
	<row>1449</row>
	<row>1448</row>
	<row>1447</row>
	<row>1446</row>
	<row>1445</row>
	<row>1444</row>
	<row>1443</row>
	<row>1442</row>
	<row>1441</row>
	<row>1440</row>
	<row>1439</row>
	<row>1438</row>
	<row>1437</row>
	<row>1436</row>
	<row>1435</row>
	<row>1434</row>
	<row>1433</row>
	<row>1432</row>
	<row>1431</row>
	<row>1430</row>
	<row>1429</row>
	<row>1428</row>
	<row>1427</row>
	<row>1426</row>
	<row>1425</row>
	<row>1424</row>
	<row>1423</row>
	<row>1422</row>
	<row>1421</row>
	<row>1420</row>
	<row>1419</row>
	<row>1418</row>
	<row>1417</row>
	<row>1416</row>
	<row>1415</row>
	<row>1414</row>
	<row>1413</row>
	<row>1412</row>
	<row>1411</row>
	<row>1410</row>
	<row>1409</row>
	<row>1408</row>
	<row>1407</row>
	<row>1406</row>
	<row>1405</row>
	<row>1404</row>
	<row>1403</row>
	<row>1402</row>
	<row>1401</row>
	<row>1400</row>
	<row>1399</row>
	<row>1398</row>
	<row>1397</row>
	<row>1396</row>
	<row>1395</row>
	<row>1394</row>
	<row>1393</row>
	<row>1392</row>
	<row>1391</row>
	<row>1390</row>
	<row>1389</row>
	<row>1388</row>
	<row>1387</row>
	<row>1386</row>
	<row>1385</row>
	<row>1384</row>
	<row>1383</row>
	<row>1382</row>
	<row>1381</row>
	<row>1380</row>
	<row>1379</row>
	<row>1378</row>
	<row>1377</row>
	<row>1376</row>
	<row>1375</row>
	<row>1374</row>
	<row>1373</row>
	<row>1372</row>
	<row>1371</row>
	<row>1370</row>
	<row>1369</row>
	<row>1368</row>
	<row>1367</row>
	<row>1366</row>
	<row>1365</row>
	<row>1364</row>
	<row>1363</row>
	<row>1362</row>
	<row>1361</row>
	<row>1360</row>
	<row>1359</row>
	<row>1358</row>
	<row>1357</row>
	<row>1356</row>
	<row>1355</row>
	<row>1354</row>
	<row>1353</row>
	<row>1352</row>
	<row>1351</row>
	<row>1350</row>
	<row>1349</row>
	<row>1348</row>
	<row>1347</row>
	<row>1346</row>
	<row>1345</row>
	<row>1344</row>
	<row>1343</row>
	<row>1342</row>
	<row>1341</row>
	<row>1340</row>
	<row>1339</row>
	<row>1338</row>
	<row>1337</row>
	<row>1336</row>
	<row>1335</row>
	<row>1334</row>
	<row>1333</row>
	<row>1332</row>
	<row>1331</row>
	<row>1330</row>
	<row>1329</row>
	<row>1328</row>
	<row>1327</row>
	<row>1326</row>
	<row>1325</row>
	<row>1324</row>
	<row>1323</row>
	<row>1322</row>
	<row>1321</row>
	<row>1320</row>
	<row>1319</row>
	<row>1318</row>
	<row>1317</row>
	<row>1316</row>
	<row>1315</row>
	<row>1314</row>
	<row>1313</row>
	<row>1312</row>
	<row>1311</row>
	<row>1310</row>
	<row>1309</row>
	<row>1308</row>
	<row>1307</row>
	<row>1306</row>
	<row>1305</row>
	<row>1304</row>
	<row>1303</row>
	<row>1302</row>
	<row>1301</row>
	<row>1300</row>
	<row>1299</row>
	<row>1298</row>
	<row>1297</row>
	<row>1296</row>
	<row>1295</row>
	<row>1294</row>
	<row>1293</row>
	<row>1292</row>
	<row>1291</row>
	<row>1290</row>
	<row>1289</row>
	<row>1288</row>
	<row>1287</row>
	<row>1286</row>
	<row>1285</row>
	<row>1284</row>
	<row>1283</row>
	<row>1282</row>
	<row>1281</row>
	<row>1280</row>
	<row>1279</row>
	<row>1278</row>
	<row>1277</row>
	<row>1276</row>
	<row>1275</row>
	<row>1274</row>
	<row>1273</row>
	<row>1272</row>
	<row>1271</row>
	<row>1270</row>
	<row>1269</row>
	<row>1268</row>
	<row>1267</row>
	<row>1266</row>
	<row>1265</row>
	<row>1264</row>
	<row>1263</row>
	<row>1262</row>
	<row>1261</row>
	<row>1260</row>
	<row>1259</row>
	<row>1258</row>
	<row>1257</row>
	<row>1256</row>
	<row>1255</row>
	<row>1254</row>
	<row>1253</row>
	<row>1252</row>
	<row>1251</row>
	<row>1250</row>
	<row>1249</row>
	<row>1248</row>
	<row>1247</row>
	<row>1246</row>
	<row>1245</row>
	<row>1244</row>
	<row>1243</row>
	<row>1242</row>
	<row>1241</row>
	<row>1240</row>
	<row>1239</row>
	<row>1238</row>
	<row>1237</row>
	<row>1236</row>
	<row>1235</row>
	<row>1234</row>
	<row>1233</row>
	<row>1232</row>
	<row>1231</row>
	<row>1230</row>
	<row>1229</row>
	<row>1228</row>
	<row>1227</row>
	<row>1226</row>
	<row>1225</row>
	<row>1224</row>
	<row>1223</row>
	<row>1222</row>
	<row>1221</row>
	<row>1220</row>
	<row>1219</row>
	<row>1218</row>
	<row>1217</row>
	<row>1216</row>
	<row>1215</row>
	<row>1214</row>
	<row>1213</row>
	<row>1212</row>
	<row>1211</row>
	<row>1210</row>
	<row>1209</row>
	<row>1208</row>
	<row>1207</row>
	<row>1206</row>
	<row>1205</row>
	<row>1204</row>
	<row>1203</row>
	<row>1202</row>
	<row>1201</row>
	<row>1200</row>
	<row>1199</row>
	<row>1198</row>
	<row>1197</row>
	<row>1196</row>
	<row>1195</row>
	<row>1194</row>
	<row>1193</row>
	<row>1192</row>
	<row>1191</row>
	<row>1190</row>
	<row>1189</row>
	<row>1188</row>
	<row>1187</row>
	<row>1186</row>
	<row>1185</row>
	<row>1184</row>
	<row>1183</row>
	<row>1182</row>
	<row>1181</row>
	<row>1180</row>
	<row>1179</row>
	<row>1178</row>
	<row>1177</row>
	<row>1176</row>
	<row>1175</row>
	<row>1174</row>
	<row>1173</row>
	<row>1172</row>
	<row>1171</row>
	<row>1170</row>
	<row>1169</row>
	<row>1168</row>
	<row>1167</row>
	<row>1166</row>
	<row>1165</row>
	<row>1164</row>
	<row>1163</row>
	<row>1162</row>
	<row>1161</row>
	<row>1160</row>
	<row>1159</row>
	<row>1158</row>
	<row>1157</row>
	<row>1156</row>
	<row>1155</row>
	<row>1154</row>
	<row>1153</row>
	<row>1152</row>
	<row>1151</row>
	<row>1150</row>
	<row>1149</row>
	<row>1148</row>
	<row>1147</row>
	<row>1146</row>
	<row>1145</row>
	<row>1144</row>
	<row>1143</row>
	<row>1142</row>
	<row>1141</row>
	<row>1140</row>
	<row>1139</row>
	<row>1138</row>
	<row>1137</row>
	<row>1136</row>
	<row>1135</row>
	<row>1134</row>
	<row>1133</row>
	<row>1132</row>
	<row>1131</row>
	<row>1130</row>
	<row>1129</row>
	<row>1128</row>
	<row>1127</row>
	<row>1126</row>
	<row>1125</row>
	<row>1124</row>
	<row>1123</row>
	<row>1122</row>
	<row>1121</row>
	<row>1120</row>
	<row>1119</row>
	<row>1118</row>
	<row>1117</row>
	<row>1116</row>
	<row>1115</row>
	<row>1114</row>
	<row>1113</row>
	<row>1112</row>
	<row>1111</row>
	<row>1110</row>
	<row>1109</row>
	<row>1108</row>
	<row>1107</row>
	<row>1106</row>
	<row>1105</row>
	<row>1104</row>
	<row>1103</row>
	<row>1102</row>
	<row>1101</row>
	<row>1100</row>
	<row>1099</row>
	<row>1098</row>
	<row>1097</row>
	<row>1096</row>
	<row>1095</row>
	<row>1094</row>
	<row>1093</row>
	<row>1092</row>
	<row>1091</row>
	<row>1090</row>
	<row>1089</row>
	<row>1088</row>
	<row>1087</row>
	<row>1086</row>
	<row>1085</row>
	<row>1084</row>
	<row>1083</row>
	<row>1082</row>
	<row>1081</row>
	<row>1080</row>
	<row>1079</row>
	<row>1078</row>
	<row>1077</row>
	<row>1076</row>
	<row>1075</row>
	<row>1074</row>
	<row>1073</row>
	<row>1072</row>
	<row>1071</row>
	<row>1070</row>
	<row>1069</row>
	<row>1068</row>
	<row>1067</row>
	<row>1066</row>
	<row>1065</row>
	<row>1064</row>
	<row>1063</row>
	<row>1062</row>
	<row>1061</row>
	<row>1060</row>
	<row>1059</row>
	<row>1058</row>
	<row>1057</row>
	<row>1056</row>
	<row>1055</row>
	<row>1054</row>
	<row>1053</row>
	<row>1052</row>
	<row>1051</row>
	<row>1050</row>
	<row>1049</row>
	<row>1048</row>
	<row>1047</row>
	<row>1046</row>
	<row>1045</row>
	<row>1044</row>
	<row>1043</row>
	<row>1042</row>
	<row>1041</row>
	<row>1040</row>
	<row>1039</row>
	<row>1038</row>
	<row>1037</row>
	<row>1036</row>
	<row>1035</row>
	<row>1034</row>
	<row>1033</row>
	<row>1032</row>
	<row>1031</row>
	<row>1030</row>
	<row>1029</row>
	<row>1028</row>
	<row>1027</row>
	<row>1026</row>
	<row>1025</row>
	<row>1024</row>
	<row>1023</row>
	<row>1022</row>
	<row>1021</row>
	<row>1020</row>
	<row>1019</row>
	<row>1018</row>
	<row>1017</row>
	<row>1016</row>
	<row>1015</row>
	<row>1014</row>
	<row>1013</row>
	<row>1012</row>
	<row>1011</row>
	<row>1010</row>
	<row>1009</row>
	<row>1008</row>
	<row>1007</row>
	<row>1006</row>
	<row>1005</row>
	<row>1004</row>
	<row>1003</row>
	<row>1002</row>
	<row>1001</row>
	<row>1000</row>
	<row>999</row>
	<row>998</row>
	<row>997</row>
	<row>996</row>
	<row>995</row>
	<row>994</row>
	<row>993</row>
	<row>992</row>
	<row>991</row>
	<row>990</row>
	<row>989</row>
	<row>988</row>
	<row>987</row>
	<row>986</row>
	<row>985</row>
	<row>984</row>
	<row>983</row>
	<row>982</row>
	<row>981</row>
	<row>980</row>
	<row>979</row>
	<row>978</row>
	<row>977</row>
	<row>976</row>
	<row>975</row>
	<row>974</row>
	<row>973</row>
	<row>972</row>
	<row>971</row>
	<row>970</row>
	<row>969</row>
	<row>968</row>
	<row>967</row>
	<row>966</row>
	<row>965</row>
	<row>964</row>
	<row>963</row>
	<row>962</row>
	<row>961</row>
	<row>960</row>
	<row>959</row>
	<row>958</row>
	<row>957</row>
	<row>956</row>
	<row>955</row>
	<row>954</row>
	<row>953</row>
	<row>952</row>
	<row>951</row>
	<row>950</row>
	<row>949</row>
	<row>948</row>
	<row>947</row>
	<row>946</row>
	<row>945</row>
	<row>944</row>
	<row>943</row>
	<row>942</row>
	<row>941</row>
	<row>940</row>
	<row>939</row>
	<row>938</row>
	<row>937</row>
	<row>936</row>
	<row>935</row>
	<row>934</row>
	<row>933</row>
	<row>932</row>
	<row>931</row>
	<row>930</row>
	<row>929</row>
	<row>928</row>
	<row>927</row>
	<row>926</row>
	<row>925</row>
	<row>924</row>
	<row>923</row>
	<row>922</row>
	<row>921</row>
	<row>920</row>
	<row>919</row>
	<row>918</row>
	<row>917</row>
	<row>916</row>
	<row>915</row>
	<row>914</row>
	<row>913</row>
	<row>912</row>
	<row>911</row>
	<row>910</row>
	<row>909</row>
	<row>908</row>
	<row>907</row>
	<row>906</row>
	<row>905</row>
	<row>904</row>
	<row>903</row>
	<row>902</row>
	<row>901</row>
	<row>900</row>
	<row>899</row>
	<row>898</row>
	<row>897</row>
	<row>896</row>
	<row>895</row>
	<row>894</row>
	<row>893</row>
	<row>892</row>
	<row>891</row>
	<row>890</row>
	<row>889</row>
	<row>888</row>
	<row>887</row>
	<row>886</row>
	<row>885</row>
	<row>884</row>
	<row>883</row>
	<row>882</row>
	<row>881</row>
	<row>880</row>
	<row>879</row>
	<row>878</row>
	<row>877</row>
	<row>876</row>
	<row>875</row>
	<row>874</row>
	<row>873</row>
	<row>872</row>
	<row>871</row>
	<row>870</row>
	<row>869</row>
	<row>868</row>
	<row>867</row>
	<row>866</row>
	<row>865</row>
	<row>864</row>
	<row>863</row>
	<row>862</row>
	<row>861</row>
	<row>860</row>
	<row>859</row>
	<row>858</row>
	<row>857</row>
	<row>856</row>
	<row>855</row>
	<row>854</row>
	<row>853</row>
	<row>852</row>
	<row>851</row>
	<row>850</row>
	<row>849</row>
	<row>848</row>
	<row>847</row>
	<row>846</row>
	<row>845</row>
	<row>844</row>
	<row>843</row>
	<row>842</row>
	<row>841</row>
	<row>840</row>
	<row>839</row>
	<row>838</row>
	<row>837</row>
	<row>836</row>
	<row>835</row>
	<row>834</row>
	<row>833</row>
	<row>832</row>
	<row>831</row>
	<row>830</row>
	<row>829</row>
	<row>828</row>
	<row>827</row>
	<row>826</row>
	<row>825</row>
	<row>824</row>
	<row>823</row>
	<row>822</row>
	<row>821</row>
	<row>820</row>
	<row>819</row>
	<row>818</row>
	<row>817</row>
	<row>816</row>
	<row>815</row>
	<row>814</row>
	<row>813</row>
	<row>812</row>
	<row>811</row>
	<row>810</row>
	<row>809</row>
	<row>808</row>
	<row>807</row>
	<row>806</row>
	<row>805</row>
	<row>804</row>
	<row>803</row>
	<row>802</row>
	<row>801</row>
	<row>800</row>
	<row>799</row>
	<row>798</row>
	<row>797</row>
	<row>796</row>
	<row>795</row>
	<row>794</row>
	<row>793</row>
	<row>792</row>
	<row>791</row>
	<row>790</row>
	<row>789</row>
	<row>788</row>
	<row>787</row>
	<row>786</row>
	<row>785</row>
	<row>784</row>
	<row>783</row>
	<row>782</row>
	<row>781</row>
	<row>780</row>
	<row>779</row>
	<row>778</row>
	<row>777</row>
	<row>776</row>
	<row>775</row>
	<row>774</row>
	<row>773</row>
	<row>772</row>
	<row>771</row>
	<row>770</row>
	<row>769</row>
	<row>768</row>
	<row>767</row>
	<row>766</row>
	<row>765</row>
	<row>764</row>
	<row>763</row>
	<row>762</row>
	<row>761</row>
	<row>760</row>
	<row>759</row>
	<row>758</row>
	<row>757</row>
	<row>756</row>
	<row>755</row>
	<row>754</row>
	<row>753</row>
	<row>752</row>
	<row>751</row>
	<row>750</row>
	<row>749</row>
	<row>748</row>
	<row>747</row>
	<row>746</row>
	<row>745</row>
	<row>744</row>
	<row>743</row>
	<row>742</row>
	<row>741</row>
	<row>740</row>
	<row>739</row>
	<row>738</row>
	<row>737</row>
	<row>736</row>
	<row>735</row>
	<row>734</row>
	<row>733</row>
	<row>732</row>
	<row>731</row>
	<row>730</row>
	<row>729</row>
	<row>728</row>
	<row>727</row>
	<row>726</row>
	<row>725</row>
	<row>724</row>
	<row>723</row>
	<row>722</row>
	<row>721</row>
	<row>720</row>
	<row>719</row>
	<row>718</row>
	<row>717</row>
	<row>716</row>
	<row>715</row>
	<row>714</row>
	<row>713</row>
	<row>712</row>
	<row>711</row>
	<row>710</row>
	<row>709</row>
	<row>708</row>
	<row>707</row>
	<row>706</row>
	<row>705</row>
	<row>704</row>
	<row>703</row>
	<row>702</row>
	<row>701</row>
	<row>700</row>
	<row>699</row>
	<row>698</row>
	<row>697</row>
	<row>696</row>
	<row>695</row>
	<row>694</row>
	<row>693</row>
	<row>692</row>
	<row>691</row>
	<row>690</row>
	<row>689</row>
	<row>688</row>
	<row>687</row>
	<row>686</row>
	<row>685</row>
	<row>684</row>
	<row>683</row>
	<row>682</row>
	<row>681</row>
	<row>680</row>
	<row>679</row>
	<row>678</row>
	<row>677</row>
	<row>676</row>
	<row>675</row>
	<row>674</row>
	<row>673</row>
	<row>672</row>
	<row>671</row>
	<row>670</row>
	<row>669</row>
	<row>668</row>
	<row>667</row>
	<row>666</row>
	<row>665</row>
	<row>664</row>
	<row>663</row>
	<row>662</row>
	<row>661</row>
	<row>660</row>
	<row>659</row>
	<row>658</row>
	<row>657</row>
	<row>656</row>
	<row>655</row>
	<row>654</row>
	<row>653</row>
	<row>652</row>
	<row>651</row>
	<row>650</row>
	<row>649</row>
	<row>648</row>
	<row>647</row>
	<row>646</row>
	<row>645</row>
	<row>644</row>
	<row>643</row>
	<row>642</row>
	<row>641</row>
	<row>640</row>
	<row>639</row>
	<row>638</row>
	<row>637</row>
	<row>636</row>
	<row>635</row>
	<row>634</row>
	<row>633</row>
	<row>632</row>
	<row>631</row>
	<row>630</row>
	<row>629</row>
	<row>628</row>
	<row>627</row>
	<row>626</row>
	<row>625</row>
	<row>624</row>
	<row>623</row>
	<row>622</row>
	<row>621</row>
	<row>620</row>
	<row>619</row>
	<row>618</row>
	<row>617</row>
	<row>616</row>
	<row>615</row>
	<row>614</row>
	<row>613</row>
	<row>612</row>
	<row>611</row>
	<row>610</row>
	<row>609</row>
	<row>608</row>
	<row>607</row>
	<row>606</row>
	<row>605</row>
	<row>604</row>
	<row>603</row>
	<row>602</row>
	<row>601</row>
	<row>600</row>
	<row>599</row>
	<row>598</row>
	<row>597</row>
	<row>596</row>
	<row>595</row>
	<row>594</row>
	<row>593</row>
	<row>592</row>
	<row>591</row>
	<row>590</row>
	<row>589</row>
	<row>588</row>
	<row>587</row>
	<row>586</row>
	<row>585</row>
	<row>584</row>
	<row>583</row>
	<row>582</row>
	<row>581</row>
	<row>580</row>
	<row>579</row>
	<row>578</row>
	<row>577</row>
	<row>576</row>
	<row>575</row>
	<row>574</row>
	<row>573</row>
	<row>572</row>
	<row>571</row>
	<row>570</row>
	<row>569</row>
	<row>568</row>
	<row>567</row>
	<row>566</row>
	<row>565</row>
	<row>564</row>
	<row>563</row>
	<row>562</row>
	<row>561</row>
	<row>560</row>
	<row>559</row>
	<row>558</row>
	<row>557</row>
	<row>556</row>
	<row>555</row>
	<row>554</row>
	<row>553</row>
	<row>552</row>
	<row>551</row>
	<row>550</row>
	<row>549</row>
	<row>548</row>
	<row>547</row>
	<row>546</row>
	<row>545</row>
	<row>544</row>
	<row>543</row>
	<row>542</row>
	<row>541</row>
	<row>540</row>
	<row>539</row>
	<row>538</row>
	<row>537</row>
	<row>536</row>
	<row>535</row>
	<row>534</row>
	<row>533</row>
	<row>532</row>
	<row>531</row>
	<row>530</row>
	<row>529</row>
	<row>528</row>
	<row>527</row>
	<row>526</row>
	<row>525</row>
	<row>524</row>
	<row>523</row>
	<row>522</row>
	<row>521</row>
	<row>520</row>
	<row>519</row>
	<row>518</row>
	<row>517</row>
	<row>516</row>
	<row>515</row>
	<row>514</row>
	<row>513</row>
	<row>512</row>
	<row>511</row>
	<row>510</row>
	<row>509</row>
	<row>508</row>
	<row>507</row>
	<row>506</row>
	<row>505</row>
	<row>504</row>
	<row>503</row>
	<row>502</row>
	<row>501</row>
	<row>500</row>
	<row>499</row>
	<row>498</row>
	<row>497</row>
	<row>496</row>
	<row>495</row>
	<row>494</row>
	<row>493</row>
	<row>492</row>
	<row>491</row>
	<row>490</row>
	<row>489</row>
	<row>488</row>
	<row>487</row>
	<row>486</row>
	<row>485</row>
	<row>484</row>
	<row>483</row>
	<row>482</row>
	<row>481</row>
	<row>480</row>
	<row>479</row>
	<row>478</row>
	<row>477</row>
	<row>476</row>
	<row>475</row>
	<row>474</row>
	<row>473</row>
	<row>472</row>
	<row>471</row>
	<row>470</row>
	<row>469</row>
	<row>468</row>
	<row>467</row>
	<row>466</row>
	<row>465</row>
	<row>464</row>
	<row>463</row>
	<row>462</row>
	<row>461</row>
	<row>460</row>
	<row>459</row>
	<row>458</row>
	<row>457</row>
	<row>456</row>
	<row>455</row>
	<row>454</row>
	<row>453</row>
	<row>452</row>
	<row>451</row>
	<row>450</row>
	<row>449</row>
	<row>448</row>
	<row>447</row>
	<row>446</row>
	<row>445</row>
	<row>444</row>
	<row>443</row>
	<row>442</row>
	<row>441</row>
	<row>440</row>
	<row>439</row>
	<row>438</row>
	<row>437</row>
	<row>436</row>
	<row>435</row>
	<row>434</row>
	<row>433</row>
	<row>432</row>
	<row>431</row>
	<row>430</row>
	<row>429</row>
	<row>428</row>
	<row>427</row>
	<row>426</row>
	<row>425</row>
	<row>424</row>
	<row>423</row>
	<row>422</row>
	<row>421</row>
	<row>420</row>
	<row>419</row>
	<row>418</row>
	<row>417</row>
	<row>416</row>
	<row>415</row>
	<row>414</row>
	<row>413</row>
	<row>412</row>
	<row>411</row>
	<row>410</row>
	<row>409</row>
	<row>408</row>
	<row>407</row>
	<row>406</row>
	<row>405</row>
	<row>404</row>
	<row>403</row>
	<row>402</row>
	<row>401</row>
	<row>400</row>
	<row>399</row>
	<row>398</row>
	<row>397</row>
	<row>396</row>
	<row>395</row>
	<row>394</row>
	<row>393</row>
	<row>392</row>
	<row>391</row>
	<row>390</row>
	<row>389</row>
	<row>388</row>
	<row>387</row>
	<row>386</row>
	<row>385</row>
	<row>384</row>
	<row>383</row>
	<row>382</row>
	<row>381</row>
	<row>380</row>
	<row>379</row>
	<row>378</row>
	<row>377</row>
	<row>376</row>
	<row>375</row>
	<row>374</row>
	<row>373</row>
	<row>372</row>
	<row>371</row>
	<row>370</row>
	<row>369</row>
	<row>368</row>
	<row>367</row>
	<row>366</row>
	<row>365</row>
	<row>364</row>
	<row>363</row>
	<row>362</row>
	<row>361</row>
	<row>360</row>
	<row>359</row>
	<row>358</row>
	<row>357</row>
	<row>356</row>
	<row>355</row>
	<row>354</row>
	<row>353</row>
	<row>352</row>
	<row>351</row>
	<row>350</row>
	<row>349</row>
	<row>348</row>
	<row>347</row>
	<row>346</row>
	<row>345</row>
	<row>344</row>
	<row>343</row>
	<row>342</row>
	<row>341</row>
	<row>340</row>
	<row>339</row>
	<row>338</row>
	<row>337</row>
	<row>336</row>
	<row>335</row>
	<row>334</row>
	<row>333</row>
	<row>332</row>
	<row>331</row>
	<row>330</row>
	<row>329</row>
	<row>328</row>
	<row>327</row>
	<row>326</row>
	<row>325</row>
	<row>324</row>
	<row>323</row>
	<row>322</row>
	<row>321</row>
	<row>320</row>
	<row>319</row>
	<row>318</row>
	<row>317</row>
	<row>316</row>
	<row>315</row>
	<row>314</row>
	<row>313</row>
	<row>312</row>
	<row>311</row>
	<row>310</row>
	<row>309</row>
	<row>308</row>
	<row>307</row>
	<row>306</row>
	<row>305</row>
	<row>304</row>
	<row>303</row>
	<row>302</row>
	<row>301</row>
	<row>300</row>
	<row>299</row>
	<row>298</row>
	<row>297</row>
	<row>296</row>
	<row>295</row>
	<row>294</row>
	<row>293</row>
	<row>292</row>
	<row>291</row>
	<row>290</row>
	<row>289</row>
	<row>288</row>
	<row>287</row>
	<row>286</row>
	<row>285</row>
	<row>284</row>
	<row>283</row>
	<row>282</row>
	<row>281</row>
	<row>280</row>
	<row>279</row>
	<row>278</row>
	<row>277</row>
	<row>276</row>
	<row>275</row>
	<row>274</row>
	<row>273</row>
	<row>272</row>
	<row>271</row>
	<row>270</row>
	<row>269</row>
	<row>268</row>
	<row>267</row>
	<row>266</row>
	<row>265</row>
	<row>264</row>
	<row>263</row>
	<row>262</row>
	<row>261</row>
	<row>260</row>
	<row>259</row>
	<row>258</row>
	<row>257</row>
	<row>256</row>
	<row>255</row>
	<row>254</row>
	<row>253</row>
	<row>252</row>
	<row>251</row>
	<row>250</row>
	<row>249</row>
	<row>248</row>
	<row>247</row>
	<row>246</row>
	<row>245</row>
	<row>244</row>
	<row>243</row>
	<row>242</row>
	<row>241</row>
	<row>240</row>
	<row>239</row>
	<row>238</row>
	<row>237</row>
	<row>236</row>
	<row>235</row>
	<row>234</row>
	<row>233</row>
	<row>232</row>
	<row>231</row>
	<row>230</row>
	<row>229</row>
	<row>228</row>
	<row>227</row>
	<row>226</row>
	<row>225</row>
	<row>224</row>
	<row>223</row>
	<row>222</row>
	<row>221</row>
	<row>220</row>
	<row>219</row>
	<row>218</row>
	<row>217</row>
	<row>216</row>
	<row>215</row>
	<row>214</row>
	<row>213</row>
	<row>212</row>
	<row>211</row>
	<row>210</row>
	<row>209</row>
	<row>208</row>
	<row>207</row>
	<row>206</row>
	<row>205</row>
	<row>204</row>
	<row>203</row>
	<row>202</row>
	<row>201</row>
	<row>200</row>
	<row>199</row>
	<row>198</row>
	<row>197</row>
	<row>196</row>
	<row>195</row>
	<row>194</row>
	<row>193</row>
	<row>192</row>
	<row>191</row>
	<row>190</row>
	<row>189</row>
	<row>188</row>
	<row>187</row>
	<row>186</row>
	<row>185</row>
	<row>184</row>
	<row>183</row>
	<row>182</row>
	<row>181</row>
	<row>180</row>
	<row>179</row>
	<row>178</row>
	<row>177</row>
	<row>176</row>
	<row>175</row>
	<row>174</row>
	<row>173</row>
	<row>172</row>
	<row>171</row>
	<row>170</row>
	<row>169</row>
	<row>168</row>
	<row>167</row>
	<row>166</row>
	<row>165</row>
	<row>164</row>
	<row>163</row>
	<row>162</row>
	<row>161</row>
	<row>160</row>
	<row>159</row>
	<row>158</row>
	<row>157</row>
	<row>156</row>
	<row>155</row>
	<row>154</row>
	<row>153</row>
	<row>152</row>
	<row>151</row>
	<row>150</row>
	<row>149</row>
	<row>148</row>
	<row>147</row>
	<row>146</row>
	<row>145</row>
	<row>144</row>
	<row>143</row>
	<row>142</row>
	<row>141</row>
	<row>140</row>
	<row>139</row>
	<row>138</row>
	<row>137</row>
	<row>136</row>
	<row>135</row>
	<row>134</row>
	<row>133</row>
	<row>132</row>
	<row>131</row>
	<row>130</row>
	<row>129</row>
	<row>128</row>
	<row>127</row>
	<row>126</row>
	<row>125</row>
	<row>124</row>
	<row>123</row>
	<row>122</row>
	<row>121</row>
	<row>120</row>
	<row>119</row>
	<row>118</row>
	<row>117</row>
	<row>116</row>
	<row>115</row>
	<row>114</row>
	<row>113</row>
	<row>112</row>
	<row>111</row>
	<row>110</row>
	<row>109</row>
	<row>108</row>
	<row>107</row>
	<row>106</row>
	<row>105</row>
	<row>104</row>
	<row>103</row>
	<row>102</row>
	<row>101</row>
	<row>100</row>
	<row>99</row>
	<row>98</row>
	<row>97</row>
	<row>96</row>
	<row>95</row>
	<row>94</row>
	<row>93</row>
	<row>92</row>
	<row>91</row>
	<row>90</row>
	<row>89</row>
	<row>88</row>
	<row>87</row>
	<row>86</row>
	<row>85</row>
	<row>84</row>
	<row>83</row>
	<row>82</row>
	<row>81</row>
	<row>80</row>
	<row>79</row>
	<row>78</row>
	<row>77</row>
	<row>76</row>
	<row>75</row>
	<row>74</row>
	<row>73</row>
	<row>72</row>
	<row>71</row>
	<row>70</row>
	<row>69</row>
	<row>68</row>
	<row>67</row>
	<row>66</row>
	<row>65</row>
	<row>64</row>
	<row>63</row>
	<row>62</row>
	<row>61</row>
	<row>60</row>
	<row>59</row>
	<row>58</row>
	<row>57</row>
	<row>56</row>
	<row>55</row>
	<row>54</row>
	<row>53</row>
	<row>52</row>
	<row>51</row>
	<row>50</row>
	<row>49</row>
	<row>48</row>
	<row>47</row>
	<row>46</row>
	<row>45</row>
	<row>44</row>
	<row>43</row>
	<row>42</row>
	<row>41</row>
	<row>40</row>
	<row>39</row>
	<row>38</row>
	<row>37</row>
	<row>36</row>
	<row>35</row>
	<row>34</row>
	<row>33</row>
	<row>32</row>
	<row>31</row>
	<row>30</row>
</result>