<?xml version="1.0" encoding="utf-8" ?>
<result>
	<row>
		
		<nb_visits>3</nb_visits>
		<nb_uniq_visitors>3</nb_uniq_visitors>
		<nb_hits>3</nb_hits>
		<sum_time_network>0</sum_time_network>
		<nb_hits_with_time_network>0</nb_hits_with_time_network>
		<min_time_network>0</min_time_network>
		<max_time_network>0</max_time_network>
		<sum_time_server>0</sum_time_server>
		<nb_hits_with_time_server>0</nb_hits_with_time_server>
		<min_time_server>0</min_time_server>
		<max_time_server>0</max_time_server>
		<sum_time_transfer>0</sum_time_transfer>
		<nb_hits_with_time_transfer>0</nb_hits_with_time_transfer>
		<min_time_transfer>0</min_time_transfer>
		<max_time_transfer>0</max_time_transfer>
		<sum_time_dom_processing>0</sum_time_dom_processing>
		<nb_hits_with_time_dom_processing>0</nb_hits_with_time_dom_processing>
		<min_time_dom_processing>0</min_time_dom_processing>
		<max_time_dom_processing>0</max_time_dom_processing>
		<sum_time_dom_completion>0</sum_time_dom_completion>
		<nb_hits_with_time_dom_completion>0</nb_hits_with_time_dom_completion>
		<min_time_dom_completion>0</min_time_dom_completion>
		<max_time_dom_completion>0</max_time_dom_completion>
		<sum_time_on_load>0</sum_time_on_load>
		<nb_hits_with_time_on_load>0</nb_hits_with_time_on_load>
		<min_time_on_load>0</min_time_on_load>
		<max_time_on_load>0</max_time_on_load>
		<sum_bandwidth>0</sum_bandwidth>
		<nb_hits_with_bandwidth>0</nb_hits_with_bandwidth>
		<min_bandwidth>0</min_bandwidth>
		<max_bandwidth>0</max_bandwidth>
		<sum_time_spent>0</sum_time_spent>
		<bounce_count>2</bounce_count>
		<exit_nb_visits>1</exit_nb_visits>
		<avg_bandwidth>0</avg_bandwidth>
		<avg_time_on_dimension>0</avg_time_on_dimension>
		<bounce_rate>67%</bounce_rate>
		<exit_rate>33%</exit_rate>
		
		<subtable>
			<row>
				
				<nb_visits>1</nb_visits>
				<nb_uniq_visitors>1</nb_uniq_visitors>
				<nb_hits>1</nb_hits>
				<sum_time_network>0</sum_time_network>
				<nb_hits_with_time_network>0</nb_hits_with_time_network>
				<min_time_network>0</min_time_network>
				<max_time_network>0</max_time_network>
				<sum_time_server>0</sum_time_server>
				<nb_hits_with_time_server>0</nb_hits_with_time_server>
				<min_time_server>0</min_time_server>
				<max_time_server>0</max_time_server>
				<sum_time_transfer>0</sum_time_transfer>
				<nb_hits_with_time_transfer>0</nb_hits_with_time_transfer>
				<min_time_transfer>0</min_time_transfer>
				<max_time_transfer>0</max_time_transfer>
				<sum_time_dom_processing>0</sum_time_dom_processing>
				<nb_hits_with_time_dom_processing>0</nb_hits_with_time_dom_processing>
				<min_time_dom_processing>0</min_time_dom_processing>
				<max_time_dom_processing>0</max_time_dom_processing>
				<sum_time_dom_completion>0</sum_time_dom_completion>
				<nb_hits_with_time_dom_completion>0</nb_hits_with_time_dom_completion>
				<min_time_dom_completion>0</min_time_dom_completion>
				<max_time_dom_completion>0</max_time_dom_completion>
				<sum_time_on_load>0</sum_time_on_load>
				<nb_hits_with_time_on_load>0</nb_hits_with_time_on_load>
				<min_time_on_load>0</min_time_on_load>
				<max_time_on_load>0</max_time_on_load>
				<sum_bandwidth>0</sum_bandwidth>
				<nb_hits_with_bandwidth>0</nb_hits_with_bandwidth>
				<min_bandwidth>0</min_bandwidth>
				<max_bandwidth>0</max_bandwidth>
				<sum_time_spent>0</sum_time_spent>
				<bounce_count>0</bounce_count>
				<exit_nb_visits>0</exit_nb_visits>
				<avg_time_on_dimension>0</avg_time_on_dimension>
				<bounce_rate>0%</bounce_rate>
				<exit_rate>0%</exit_rate>
			</row>
			<row>
				
				<nb_visits>2</nb_visits>
				<nb_uniq_visitors>2</nb_uniq_visitors>
				<nb_hits>2</nb_hits>
				<sum_time_network>0</sum_time_network>
				<nb_hits_with_time_network>0</nb_hits_with_time_network>
				<min_time_network>0</min_time_network>
				<max_time_network>0</max_time_network>
				<sum_time_server>0</sum_time_server>
				<nb_hits_with_time_server>0</nb_hits_with_time_server>
				<min_time_server>0</min_time_server>
				<max_time_server>0</max_time_server>
				<sum_time_transfer>0</sum_time_transfer>
				<nb_hits_with_time_transfer>0</nb_hits_with_time_transfer>
				<min_time_transfer>0</min_time_transfer>
				<max_time_transfer>0</max_time_transfer>
				<sum_time_dom_processing>0</sum_time_dom_processing>
				<nb_hits_with_time_dom_processing>0</nb_hits_with_time_dom_processing>
				<min_time_dom_processing>0</min_time_dom_processing>
				<max_time_dom_processing>0</max_time_dom_processing>
				<sum_time_dom_completion>0</sum_time_dom_completion>
				<nb_hits_with_time_dom_completion>0</nb_hits_with_time_dom_completion>
				<min_time_dom_completion>0</min_time_dom_completion>
				<max_time_dom_completion>0</max_time_dom_completion>
				<sum_time_on_load>0</sum_time_on_load>
				<nb_hits_with_time_on_load>0</nb_hits_with_time_on_load>
				<min_time_on_load>0</min_time_on_load>
				<max_time_on_load>0</max_time_on_load>
				<sum_bandwidth>0</sum_bandwidth>
				<nb_hits_with_bandwidth>0</nb_hits_with_bandwidth>
				<min_bandwidth>0</min_bandwidth>
				<max_bandwidth>0</max_bandwidth>
				<sum_time_spent>0</sum_time_spent>
				<bounce_count>2</bounce_count>
				<exit_nb_visits>1</exit_nb_visits>
				<avg_time_on_dimension>0</avg_time_on_dimension>
				<bounce_rate>100%</bounce_rate>
				<exit_rate>50%</exit_rate>
			</row>
		</subtable>
	</row>
	<row>
		
		<nb_visits>3</nb_visits>
		<nb_uniq_visitors>3</nb_uniq_visitors>
		<nb_hits>3</nb_hits>
		<sum_time_network>0</sum_time_network>
		<nb_hits_with_time_network>0</nb_hits_with_time_network>
		<min_time_network>0</min_time_network>
		<max_time_network>0</max_time_network>
		<sum_time_server>0</sum_time_server>
		<nb_hits_with_time_server>0</nb_hits_with_time_server>
		<min_time_server>0</min_time_server>
		<max_time_server>0</max_time_server>
		<sum_time_transfer>0</sum_time_transfer>
		<nb_hits_with_time_transfer>0</nb_hits_with_time_transfer>
		<min_time_transfer>0</min_time_transfer>
		<max_time_transfer>0</max_time_transfer>
		<sum_time_dom_processing>0</sum_time_dom_processing>
		<nb_hits_with_time_dom_processing>0</nb_hits_with_time_dom_processing>
		<min_time_dom_processing>0</min_time_dom_processing>
		<max_time_dom_processing>0</max_time_dom_processing>
		<sum_time_dom_completion>0</sum_time_dom_completion>
		<nb_hits_with_time_dom_completion>0</nb_hits_with_time_dom_completion>
		<min_time_dom_completion>0</min_time_dom_completion>
		<max_time_dom_completion>0</max_time_dom_completion>
		<sum_time_on_load>0</sum_time_on_load>
		<nb_hits_with_time_on_load>0</nb_hits_with_time_on_load>
		<min_time_on_load>0</min_time_on_load>
		<max_time_on_load>0</max_time_on_load>
		<sum_bandwidth>0</sum_bandwidth>
		<nb_hits_with_bandwidth>0</nb_hits_with_bandwidth>
		<min_bandwidth>0</min_bandwidth>
		<max_bandwidth>0</max_bandwidth>
		<sum_time_spent>0</sum_time_spent>
		<bounce_count>3</bounce_count>
		<exit_nb_visits>2</exit_nb_visits>
		<avg_bandwidth>0</avg_bandwidth>
		<avg_time_on_dimension>0</avg_time_on_dimension>
		<bounce_rate>100%</bounce_rate>
		<exit_rate>67%</exit_rate>
		
		<subtable>
			<row>
				
				<nb_visits>1</nb_visits>
				<nb_uniq_visitors>1</nb_uniq_visitors>
				<nb_hits>1</nb_hits>
				<sum_time_network>0</sum_time_network>
				<nb_hits_with_time_network>0</nb_hits_with_time_network>
				<min_time_network>0</min_time_network>
				<max_time_network>0</max_time_network>
				<sum_time_server>0</sum_time_server>
				<nb_hits_with_time_server>0</nb_hits_with_time_server>
				<min_time_server>0</min_time_server>
				<max_time_server>0</max_time_server>
				<sum_time_transfer>0</sum_time_transfer>
				<nb_hits_with_time_transfer>0</nb_hits_with_time_transfer>
				<min_time_transfer>0</min_time_transfer>
				<max_time_transfer>0</max_time_transfer>
				<sum_time_dom_processing>0</sum_time_dom_processing>
				<nb_hits_with_time_dom_processing>0</nb_hits_with_time_dom_processing>
				<min_time_dom_processing>0</min_time_dom_processing>
				<max_time_dom_processing>0</max_time_dom_processing>
				<sum_time_dom_completion>0</sum_time_dom_completion>
				<nb_hits_with_time_dom_completion>0</nb_hits_with_time_dom_completion>
				<min_time_dom_completion>0</min_time_dom_completion>
				<max_time_dom_completion>0</max_time_dom_completion>
				<sum_time_on_load>0</sum_time_on_load>
				<nb_hits_with_time_on_load>0</nb_hits_with_time_on_load>
				<min_time_on_load>0</min_time_on_load>
				<max_time_on_load>0</max_time_on_load>
				<sum_bandwidth>0</sum_bandwidth>
				<nb_hits_with_bandwidth>0</nb_hits_with_bandwidth>
				<min_bandwidth>0</min_bandwidth>
				<max_bandwidth>0</max_bandwidth>
				<sum_time_spent>0</sum_time_spent>
				<bounce_count>1</bounce_count>
				<exit_nb_visits>1</exit_nb_visits>
				<avg_time_on_dimension>0</avg_time_on_dimension>
				<bounce_rate>100%</bounce_rate>
				<exit_rate>100%</exit_rate>
				
				
			</row>
			<row>
				
				<nb_visits>2</nb_visits>
				<nb_uniq_visitors>2</nb_uniq_visitors>
				<nb_hits>2</nb_hits>
				<sum_time_network>0</sum_time_network>
				<nb_hits_with_time_network>0</nb_hits_with_time_network>
				<min_time_network>0</min_time_network>
				<max_time_network>0</max_time_network>
				<sum_time_server>0</sum_time_server>
				<nb_hits_with_time_server>0</nb_hits_with_time_server>
				<min_time_server>0</min_time_server>
				<max_time_server>0</max_time_server>
				<sum_time_transfer>0</sum_time_transfer>
				<nb_hits_with_time_transfer>0</nb_hits_with_time_transfer>
				<min_time_transfer>0</min_time_transfer>
				<max_time_transfer>0</max_time_transfer>
				<sum_time_dom_processing>0</sum_time_dom_processing>
				<nb_hits_with_time_dom_processing>0</nb_hits_with_time_dom_processing>
				<min_time_dom_processing>0</min_time_dom_processing>
				<max_time_dom_processing>0</max_time_dom_processing>
				<sum_time_dom_completion>0</sum_time_dom_completion>
				<nb_hits_with_time_dom_completion>0</nb_hits_with_time_dom_completion>
				<min_time_dom_completion>0</min_time_dom_completion>
				<max_time_dom_completion>0</max_time_dom_completion>
				<sum_time_on_load>0</sum_time_on_load>
				<nb_hits_with_time_on_load>0</nb_hits_with_time_on_load>
				<min_time_on_load>0</min_time_on_load>
				<max_time_on_load>0</max_time_on_load>
				<sum_bandwidth>0</sum_bandwidth>
				<nb_hits_with_bandwidth>0</nb_hits_with_bandwidth>
				<min_bandwidth>0</min_bandwidth>
				<max_bandwidth>0</max_bandwidth>
				<sum_time_spent>0</sum_time_spent>
				<bounce_count>2</bounce_count>
				<exit_nb_visits>1</exit_nb_visits>
				<avg_time_on_dimension>0</avg_time_on_dimension>
				<bounce_rate>100%</bounce_rate>
				<exit_rate>50%</exit_rate>
				
				
			</row>
		</subtable>
	</row>
	<row>
		
		<nb_visits>94</nb_visits>
		<nb_uniq_visitors>94</nb_uniq_visitors>
		<nb_hits>94</nb_hits>
		<sum_time_network>0</sum_time_network>
		<nb_hits_with_time_network>0</nb_hits_with_time_network>
		<min_time_network>0</min_time_network>
		<max_time_network>0</max_time_network>
		<sum_time_server>0</sum_time_server>
		<nb_hits_with_time_server>0</nb_hits_with_time_server>
		<min_time_server>0</min_time_server>
		<max_time_server>0</max_time_server>
		<sum_time_transfer>0</sum_time_transfer>
		<nb_hits_with_time_transfer>0</nb_hits_with_time_transfer>
		<min_time_transfer>0</min_time_transfer>
		<max_time_transfer>0</max_time_transfer>
		<sum_time_dom_processing>0</sum_time_dom_processing>
		<nb_hits_with_time_dom_processing>0</nb_hits_with_time_dom_processing>
		<min_time_dom_processing>0</min_time_dom_processing>
		<max_time_dom_processing>0</max_time_dom_processing>
		<sum_time_dom_completion>0</sum_time_dom_completion>
		<nb_hits_with_time_dom_completion>0</nb_hits_with_time_dom_completion>
		<min_time_dom_completion>0</min_time_dom_completion>
		<max_time_dom_completion>0</max_time_dom_completion>
		<sum_time_on_load>0</sum_time_on_load>
		<nb_hits_with_time_on_load>0</nb_hits_with_time_on_load>
		<min_time_on_load>0</min_time_on_load>
		<max_time_on_load>0</max_time_on_load>
		<sum_bandwidth>0</sum_bandwidth>
		<nb_hits_with_bandwidth>0</nb_hits_with_bandwidth>
		<min_bandwidth>0</min_bandwidth>
		<max_bandwidth>0</max_bandwidth>
		<sum_time_spent>0</sum_time_spent>
		<bounce_count>55</bounce_count>
		<exit_nb_visits>45</exit_nb_visits>
		<avg_bandwidth>0</avg_bandwidth>
		<avg_time_on_dimension>0</avg_time_on_dimension>
		<bounce_rate>59%</bounce_rate>
		<exit_rate>48%</exit_rate>
		
	</row>
</result>