<?xml version="1.0" encoding="utf-8" ?>
<result>2024-04-29 02:00:00</result>