
<html style="background-color:#edecec">

<head>
    <meta charset="utf-8">
    <meta name="robots" content="noindex,nofollow">
    <meta name="generator" content="Matomo Analytics">
</head>

<body style="color:&#x23;212121;font-family:-apple-system,&#x20;BlinkMacSystemFont,&#x20;&#x27;Segoe&#x20;UI&#x27;,&#x20;Roboto,&#x20;Oxygen-Sans,&#x20;Cantarell,&#x20;&#x27;Helvetica&#x20;Neue&#x27;,&#x20;sans-serif; line-height: 24px; margin:0 auto; max-width:1000px; background-color:rgb(255, 255, 255);box-shadow: 0px 0px 5px 1px rgba(0,0,0,0.75);">

<a name="reportTop"></a>

<table style="width:100%; background-color: &#x23;3450A3; color: &#x23;fff; padding:10px 0; margin: 0 0 25px 0; height:64px;">
    <tr>
        <td>
            <a style="color:&#x23;212121;font-family:-apple-system,&#x20;BlinkMacSystemFont,&#x20;&#x27;Segoe&#x20;UI&#x27;,&#x20;Roboto,&#x20;Oxygen-Sans,&#x20;Cantarell,&#x20;&#x27;Helvetica&#x20;Neue&#x27;,&#x20;sans-serif;; font-size:16px;padding:0 15px;color: &#x23;fff;height: 22px;display: inline-block;vertical-align: inherit;" rel="noreferrer noopener" target="_blank" href="http://example.com/piwik/tests/PHPUnit/proxy/" style="lineheight:17px">
                                    <img src="http://example.com/piwik/tests/PHPUnit/proxy//plugins/Morpheus/images/logo-email.png" height="20px" width="auto" alt="Matomo,&#x20;free&#x2F;libre&#x20;analytics&#x20;platform" />
                            </a>
        </td>
        <td align="right">
                        <a style="color:&#x23;212121;font-family:-apple-system,&#x20;BlinkMacSystemFont,&#x20;&#x27;Segoe&#x20;UI&#x27;,&#x20;Roboto,&#x20;Oxygen-Sans,&#x20;Cantarell,&#x20;&#x27;Helvetica&#x20;Neue&#x27;,&#x20;sans-serif;; font-size:16px; padding:0 15px; color: &#x23;fff" title="View Web Analytics reports for Site 1." target="_blank" href="http://example.com/piwik/tests/PHPUnit/proxy/index.php?module=CoreHome&action=index&idSite=1&period=day&date=today-date-removed-in-tests">
                Dashboard
            </a>
                    </td>
    </tr>
</table>

<div style="margin:0 20px;">

    <h2 style='color:#212121;font-family:-apple-system, BlinkMacSystemFont, &#039;Segoe UI&#039;, Roboto, Oxygen-Sans, Cantarell, &#039;Helvetica Neue&#039;, sans-serif; color:#37474f; line-height:30px; margin:25px 0 15px 0;'>
        Hello,
    </h2>

    <p style='font-size:15px;line-height:24px;margin:0 0 16px;color:#212121;font-family:-apple-system, BlinkMacSystemFont, &#039;Segoe UI&#039;, Roboto, Oxygen-Sans, Cantarell, &#039;Helvetica Neue&#039;, sans-serif;'>
                Please find below your day report for Site 1.
                <br />Mail Test report (previous10)
        <br />Date range: January 2010
        <br />Sent from http://example.com/piwik/tests/PHPUnit/proxy/.
    </p>

    
    
<h2 id="Actions_getPageTitles" style=" color:#0d0d0d;font-family:-apple-system, BlinkMacSystemFont, &#039;Segoe UI&#039;, Roboto, Oxygen-Sans, Cantarell, &#039;Helvetica Neue&#039;, sans-serif; font-size: 24pt; font-weight:normal; margin:45px 0 30px 0;">
    Page titles
</h2>

            <img alt=""
                                    src="data:image/png;base64,iVBORw0KGgoAAAANSUhEUgAAArwAAADICAIAAACF9KXqAAAgAElEQVR4nO3de3Acx30n8NnFvvBYPBdYYPEgsCDEt0RRfFMUaVO0JetlypIoStYx8kM+R1ai5HRKpfKH13eVXOVOV3FSZV+VLiWXrPihOOVHSpdTle0q6VQu+0qSIznx2bwLRIckAMKECEHAAvvC7v0x0GA4j56emZ7pnsH3UyzW7mCm+9c9szO93T2zkUajIX1gfHxceT05OSkBAAAAfCCmvBofH1c3FDRvAQAAYIOL8g4AAAAAggGNBgAAAKASsZzTMDU1pd5gdna2v7/f67CKxWIqlWpqavI6Ix9UKpV6vZ5KpXgHwsbi4mI6neYdBRulUikajSYSCd6BMLC6uloqlVpbW3kHwgbOAMJaXFxsa2uLRCK8A2EgTGeAmbtfkiSp7a9uSI8Oe5rRek+DPIlBoW5A+K9SqayurnIMgKFarVapVHhHwUy5XOYdAjOVSqVWq/GOgo3V1dUwHWY4AwirXC6rv2oGWmjOAJXFJfnF0q/+xeu8YpZrDA4OEt56pFQq9fb2huNr09zcXLlczuVyvANhY3FxMTRlaTQayWQyk8nwDoSBYrFYr9dDs2twBhCWfAaIRsMwtB2aM8Cbe5+VJEkavnj9Q38Sb/a2TysMOx4AAGCDK29Pe91ikNQ9DZohCU/vt/zn/3eFvML0zNK7xXhzatm7GHyz8P5CpVKdXw7DsJkkSRemitWoxe4Liitz7ycS8cvzYehrXSmV5ueXlletd83OiV4f4gEAf6x1M0TLPQ99zIfsrhmewIMZAAAAAqe+Yy7e3OJDRhieAAAACKSl3651Lqbv2e9PjiI2Gu657aAgiQiYo//lYi4ERRAfKhlgIzj3se9JkhTJTQ2fPO5PjtZ3T3hNfXb7wcs/4xiJG/fcdlAfvObELU7pDKP1OWuzGMixeRo5r/3lRaF+8PLPOO5lAPBTZF+Pb3lxbjRozmsCnuZchvSDl38mT4TszWTEKR33FoNjXkfO5Wj0KBe0GwDCbW0K5MClsU9+xrdMeQ5P6M9o4T7BySdx3lEALewvAAiAbFPn2IhvuXHrabD8DvTgx48rrzXf//QLCcv1eenX1AcjL5HXJKRMWRbL9ZXslEzVselzNxvTMVyuX6jPjpyUxKI9Z6uWzGJTJ6KP0KxiNes7K4vdirJ1mFFuZfiaMMCHzgaAsFKmQHbcfcDPfPnPaTD0+UdPffv7rzR/8LR2w4Fwmtfkt5bnU//PuTTRmq1juJy+NshJsSsiLbuR06fmYJ/arShn2TnYSlltpVSan59HEwFgg5CnQEqjl0Zv/5Sf+Yp494QkSf/ta9/TL9ScENU9AZrlZpuYpeAPmhM6OVr9Ombb0qRvtokgFx6G0yGd7Xf1VrYqyiw7Tb52D05974ueCDsOAHwT3dUTi/v65Z9BZvf+gcEF3sx3/+KUm7xsXeP9ufhZzvZXXvsTjGaJfrxjY6I8cgj7y+6xR78yeSvysIuyf7/9/Vcc5AgAQbQ2BbJnZvSTZ33O2u/hiUKhUCgUHG9u68onwoDuD1R3T3idF3nqxgZvOlAWnHLaimWbgNAbZDhsZCtIw602+P4F2IAauXrX+KjPmTJoNHz3L04VCoWxsTGalc+fX3vhzxVdhHaDP2jmZ9CsBnoiVJq+a0Hj299/BXMaADaUttv3+J8pmzkNhULhLB11N4PhqC0hF7P19UPFZluRB5Upw9Cs6f4cbZYduVyUaTroJyfn+8Rn7zfMyG52hhc/yvqkrBmz/W4rTvpkKbMjdDOYbUXok+AyRxUAOFobm+i8PH7XR/3PnfPdE5oTJc08QcP1NS0Dw630X9QMN9evQ0jZGUJ2hDUtOxIM07Rbw4b5Mrky6S+W+pTpa9gwQsr9aCsj+mTdZ+dgK/Im6HgACJlatbb2al+LDz+ErRdpNDj8LjDFT2PPdHV1KbdcCovmpOzbnAbvqIt54eLFkeFh9+mw5SzlK3NziUS8o72DbxhMyLdc5gYGLOMJxE9jv/POO9lstrW1lXcgDMzNzZXL5cHBQd6BsHHu3LmJiYloVNA772yZmppKJpOZQJ2c5W6GaNvVib/9dFvf+me5WCzOzs7m83mvAwjDjuclxF/jaAZxHGDVaSEOjyqKCdHiAQBW6iMr6haDnwR9uFMghPiM7MWgjDrl0FSddxXlUpgqGQBkylMgW2/fzSsGPo0Gyw7SlqbFbLY7LJ2TkXK5PDgYgD5htcnJScPl8frVLe76t81S9j/NqZaK+85JL4rjQLFYnJ2t5vNru0aQqACAIeWHsLeeeYxXDBieAAAACIzGrnaOufPpaahdepW8QnxuprHaVeMxNZS5yMJCU6VaawRprg1B4t2LtUuXeUfBRtOVuUgiXisxmwjJUWOlFJ+fryUu8g6EDUHOALGhY3wDAFCs3WmZuzT4wAMcw0BPAwAAQEB0R/pv2MkxfzQaAAAAgqHl1l18A9jQjYYtx3z9RVEavoXkXUY+FEHAHeeRjVNSjlDJIL61sYnBS5tu/zDfSDZ0o8EWwpmF1Ulny7FPnXv1OSZJhZj4tcTqUFFKarYVOTVPr4Vbjn1K/c+7jPT5Mk/z3KvPod0AwbC1raWnm28IaDTQIlyolD8xbD0wSUdM4S6dxOhQcd828rppde7V55R/vu1TjwqFdgOIbK2bIbG0+QsP8Y4FjQYAcA0XXQDP5eY7hod4B8H1iZDqs4z6C4SyXPOtwnC5fqH8Fc0ycUJU+nzlBPV9xcoSJUdNPOTwNIGpNzGMXx2b5rW+pIZFs1yuLpFhtdz6yBf1gdHkaFg6x7Vklr4+AMLBcOS+pw3zJb82C0Zyd6iQUyaQV77htt81zEtZR72JOkjDTCmPKEJImmDMwjDL7viZP3n75a/qwyMHabn7CAeMYZ0AcFddKckvkrdt4xuJjFujQX/2V5/pZqZnurq6aE4BNKd4w/UlR/3kZilLRicd+e3CwkK1UrW8AinMzow0IRFSNis7oUSGifzohS8NjwxTrqxP2ayWbJXFVuSEg+Enf/ef44l4R0eHF1cLW4eK+7zefvmr8/PzA7kBctYSuyOKZnPp2gq3PALps3Owla1DHUAQvzj6dUmSop1Xdn6G21Mg1UQZnjA8rai/k2mWE1aWiF86aSJRn1UtL/Bmf7IbniX9l2ZyLoTV1AyXU1YCuSAOzuO2aomyGmkOBrOKJV9fWR0q7tEfh5YojyjCVrY+fWbZvfKtP1X3nZCv9453H7lQAOKo3yDKxZpBT8PiX9p4alv699d6Ws4ZdT5Ljr79+8ksbJfIF3VyTzKT3CnXtFt8yusNZe6G9UC5LWW+DGvbo0PFB5S1Sujqt7VfnO1EB7svuHsENqy1KZB9U7mH7+Udyxq/hycKhUKhUJBfKx0GkupjLL+QhydSnB4iq5x6DK8WhmEHl1mnsVklyMMTNMWn7BV3XIcuB5vOvfrc3JU5eXjCWQBSSA8VN104kv39YpbO2y9/1bJu7QroHoGNrqsxsOcG3kGsYdBoSP9+qVAojI2NUa09f16zwHCsQXw+h63/tsQ2Wbssi+91zXiaPtvaDugR7owIxbTcfRtqj0BwlZaK8ovksS18I1FjM0xSKBTO0lG6GQi9i+olyncCzeCx4ULLIXZ9IuSV9Qk66Mm3DI8mcrMl9JMPaMquWa6vBMdXUEI3g+EeN0yBPHJvKx5Cvna/1Lo/VCwZXvwcz9ExXE3Tw2T4JwfMkqXMjtDN4GD3CT70CaDxy+PfkCRJGro0/sBdvGNZx+3uCc3H3uwqaLicvJAyU2dfIs3CM0zfbnhm6TBZ2bDs+uLQtKXUb+nXNKz5c7pHA9H3jduKnCYFW5u7TJ+81/QXS30B6QO2u+vd1Az9fneZnYOtyJug4wEElW9p7uT5W9gakUaj4X+ulj+NzXdOA1vyLZeZXtOfxhb5bKWP7eKFi8otl3wjcc/9nAbv2C1vaaWk3HLJNmWPkMPw/wxgGA+Tn8aem5srl8uDg4PukxLBuXPnJiYmolFRJvO7MTU1lUwmMxnTkzNH8hTISGZm4D/ePbDvRsv1i8Xi7OxsPp/3OrAw7PhAE+QMbkic2MSJxDdsJ6+IwNZgos9EiwdA1uhZpWkx+InnEyFBwhRuOhuzlsxG9APK8Wid18JUyRAy8cOe9xzYxafRYNnpV628E8lmY62t/sTjqUZqbrVcjgWwc3JyclK/sFI8FxsSaCqvG6uRqVgyGROyc1JmuAsMRYrFatNsbMj6FEOfJnP0Wft5BuBYIQCG1h7P0H1584Nf4B2LFoYnAAAAhNMYl7j/ELYen56GxTemyStUZ64Wp6V6KgwTIUsLC5VqdXEmwjsQNmoX31tctNh9QVGee7cRjy92VHgHwsBKqVSdv7p4NQwfGQlnABPpvTn3iYDgPvgh7IXcp+7gHYsB9DQAAAAIJruY23cT7yAMoNEAAAAgBOUpkIkTdA9Z9t2GbjTsPn2UdwhavoXkXUY+FEGQHSdIGH7agEX2Hyp5I5OfAhnt+u2uLzzKOxZjG7rRYAvhk8zqQ7779NG3XnyNSVIhhlqi4cWFR6l5s8TJmXp6Ldx9+qj6n3cZ6fNlnuZbL76GdsMGVxf4BjU0GmgRLlTKnxi2HpikI6Zwl04QzNtV7ttqXjf13nrxNeWfb8eYR4VCu2FjWpsCOTCVOXUL71hModEAAGGDiy4EWGtj0wlxGw08nwip/lSrG+zKck0r3nC5fqH8lcgycUJU+nzlBPV9s8oSJUdNPOTwNIGpNzGMXx2b5rW+pIZFs1yuLpFhtdz91EP6wGhyNCyd41oyTFyznOb4OfbYnYSsCYkTiqze3CwGcrL0e9bycDVMhHAgGWZkq5vBrALN9p30wTVek8WhsyftHuGEkDTBmIVhlp1H9WwWmGRSJ7ARxA9w+HEfetwaDZrPg/pT9NaLr03PTHd1ddN85GjOfYbrS476yc1Slow+5PLbhYWFSrVKc2o2TMdWK4eQslnZCSUyTOTvn/nmyPAw5cr6lM1qyVZZCGHTpKa8Pvn4qVeffUn+wSqGxw+rw5K+NgiYJOImU5q39Kk5KII/1e5gK1sfPQi9tbGJoYub7vsc71hIRBmeMPwYq7++a5YTVpZMvo5QfiY1X5IsL/Bmf7IbniX9FzhyLoTV1AyXU1YCuSAOzpuOa8nZ8fPDr3yPPmv6czqTw5Jyz5L3lGUihgeVe/SfC0uU9UDYikm1u6znk4+fsowcLQaQJKkxlOwYHuIdBQmDnoa19hGdm954TH7xllHns+To27+fzMJ2iXxR1/+V7ZcS+jq3W3zK8ztl7vp+HX0kgh8/tsJjUhZCU8PTg4ohynpQr+bmqHBW7YR6fvXZlzRryuF5dDKBIFq7jLZf6bv/OOdQrPg9PFEoFAqFgvxa+cInqT428gt5eKKZ00NklVOq4WnUMOzgMuukNasEeXiCpviUvdCO65Bw/IjJbrc8fcfG7tNHf/r8Dz/25GmzwzXQHHTwqLGqdprTgl0hO5mAW53lgf17eQdhgUGj4aY3HisUCmNjdI+vOq9dYNixLD6fw9Z/O2GbrF2WxfetZoJy/AgYoUcHlVBEqPZjj90pD4QRxpgkMUIFvpr298ebRf+9FTZzGgqFwlk6SjcDzQCtpGqDawYUDRdaDrHrEyGvrE/QQU++ZXg0kZstoZ98QFN2zXJ9JTi+tBC6GQz3uGEKlpHYPX5OPn7KLH3LxOn7zM3GzsnJ0teMvPKhsyf/4csvkmPWpK9fmVAQcrKSizlDhqt97MnTZnm5ad+4rHZCN4ODeg5rQw3sWhubiC1v/cJZ3rFY43b3hOZjZnYVNFxOXkiZqbNvV2bhGaZvNzyzdJisbFh2fXFo2lLqt/RrGtb8W7pH8djqk9dvZev4+eFXvqe/5ZIyU0JdUQZmViFmWTjuE2KViHpbffGdtTnMDsV/+PKLZu0Gxx8ls6wJr+mzc7AVeRN0PGw4O99LtbXyDsJapNFo+J+r5U9j853TwJZ8y2VvJmO2gshnB31sFy5eVG655BuJe1fm5hLxuHzLJSvu43SWwkqpND9/NTfg1U8ne3eUGqbs/xnAuwJangHo4xHhp7HPnTs3MTERjYpy550bU1NTyWQyY3PXsCV3M0R6p7v/8PjoyeOO0ykWi7Ozs/l8nllkJsKw4wMtWC0GXsSJxAu2Rtl4cdYzJzKRq120eMBzybqbFoOfeD4REiRMmaYT7lpyPIzlM7MR/YASttrDVMlAKbI/yzsEWnwaDZadbPF3Sq3ZbGtrAAZ4LJXnEpFyOT3Iv1/RrsnJSf3CWHoxvSV4ZTH0/lQjmUymmXZOGlaaR1upRYvFpVkpnfd217iPkzJNf84AXhRHz+4ZwJ+oQATKL1TlH/ks71hoYXgCAACAn1yT4E+BVOPT0zD9xiJ5haszVWm6mErV/YnHUwsLpWq1EpmxKHJQvHexNr0YkrK8O1eOxxuVDtri5PamPY0HADaOtW6GvulugX8IWw89DQAAAJy01Mdu+zDvIGxAowEAAICP6G6eN3w6wLnRcPT0bvkf3zCCAhXlA1QyAHhtbWyiZ2b0zN28Y7GHZ6Ph6Ondr734lvwvZGdqL4ojVxchcXKmntaw0vjzuQnoRV7hOxoBQEyNoUbX+CjvKOwRZXhCvhxSEv+cbqs4NJQWg2PMQ9Kn738T0KNCod0AAN5Z62ZI/7b9jn28Y7FNlEYDhAkuugAAFprqY7ef4B2EbdyeCClfVOT/5WuM+n9Jkn74/E+lazsV1J3zynLNd011CoZ/1aSmX67+k1k6muwMA1CW3/nYMX2ylq/JuRBoakBS1Zu+XMoKZgXRrO/sm737aqepZ/JWhq9PPX7SMDDJpE4AAFyqVWtrrw61if9D2HrcGg1mJ2V54fTMtKS7VChzIMhnc8pLsnqKgOGVjOZybuno6d0vPftqtVrJZHp9uwiZldTsLX1qR0/v/uYzf88kGLbV7mCro6d3f+8rP4zHE/IPVqGJAAA+ePvQc5IkRdNXtzz5GO9YnBBueIJw4qY8p6tXI/Q6yCi/3Jv1t2uWky/P+kT0vQJMULaoaOiL8NBT1nN91VsxqXYf6hktBgDwTX1kpaWnm3cUTjDoaXh275v0Kz/2xk30K6uvGbbDMmLr8szkWk5oahCGA4RCWQ9mYxD0KThYmbwVuZ6ZH10AAGTKj02k79rLOxaH/B6eKBQKhUKBfn31PAaXJ3e73fL0HRv68XX1XxcWFuThCbsBC0JTqIsXL9CspmBV7Zb1TE7WkDw8gaYDAPgpEpWuu+8u3lE4xKDR8NgbNxUKhbGxMaq1zzvJwnAU3BYBv8frv/KGjwjVblnP7o8uAAAbbujgHYFzbHoabHUe0HN/HieMncsvCDPwyQPnaoSvv/JESH0i+gsYfUndjG6YlVeDUA8PPXW3m6YbOQxytZPr2XArQj3LEyGdFQQAwK61sYncpaEHzvCOxTlud0/Q0JzxNRcPzUKF5Sb6FCxfG2bkpggOEiHP9bPb5tC8pqwfSZJs3T3hW7U72Iq8CToeAMATmWjfzm28g3Au0mg0/M/V8qexp2emu7u6Uqlmuyl71znhGJM5Dd5dw+ymfPHiheHhEe5hMDE3d0W55ZImHpF/GrtYLM7Ozubzed6BsPHOO+9ks9nW1lbegTAwNzdXLpcHBwd5B8LGuXPnJiYmolHh7rxzYGpqKplMZjJ+/GTUWjdDZrrl7A3bzpxinr5vZ4Aw7HiXCPfyiSN88x5ErnbR4gGAkEiujgbwKZBqQg9P+IM82CEOsxH9gBK22sNUyQAglu3tzZ3tvINwxbjRMD4+Pjk56V2ult28pXfi2Wyrg85JZ2F7WtjEXLlcjuQGGfRsexGn3TQX07HcFja99J5WO43G1PvJZDKTuaY43KMCgJBZG5tILG3+3QBPgZQZDE+Mj4/7HwcAAECYDc53DA/xDsItbU+D3MfgdbvhN5ffIK9w+b2ZcmS6OYA/5qG3sLBQqVSrTTO8A2FjduFi8rLFPNaguHJ1LpGIL9UCfM+0YmWlNP/efPTyVc3y0f6gPngOIBzWuhm6ZlJ37uQdCwPX9DR4PSoBAACwAUUj0R1nT/OOgoH1ngazFsPCwoL67dLSUnu723kcy8vL5BVWV1fL5VKjUXeZkQgqlUqtVrMsclCsrq6Gpiy1WlWSGuEoTqVSMdw1i4uB7BaSPzL1ehjOAKVSqVqtBnRH6NVqtcXFxXDcclmpVBqNhj+7pnZ9zNOMSqWSvGu8y0K2/pwG/ZCE3Ib41a9+pV54/vx594MXswv/h7xCpVJpampqampymZEIVldr9XojHo97ndGjZ5762reesVxHfmG5pplyuZRMrg8bWWZKExUv1Wo1Go00NQX+HqJHzzz113/z56urq4lEQvOnbMd2LiG5VCqVYrFYLBb4XSNJUrVardfryWSSdyBsLC8vp1KpcDQayuVyNBr19OS89PCrkiRJfVPS44fbNo96l1GtVqvVaqmU52P6659JdTeDutdh27Zrnl2leetM8vLiiSPXdNT8+Ccvqt9OT890dXUxnNNw4shpTRbk5QzJcxp6e/14fsjIyDDhr+rCOi74hQsXNbkQMlVycVb/nu4d8hHoHS8K9eOfvHjiyOkXvvPlXG5A86fR/i1s8/IHHu4kLDzcyZY3pVclSZK6Gzfd8VHvcpF8fLgTz4a8+tTpw8XbhyyY8y5mH6rCffBeB/nt738lkYjLT4T07fDwKJeXfvT8nbeeDdwRDhBia1MgJSl1IpAdfoZEaS3KX5WCngUEFw4PAPDE8KXx+4P6Q9h6xj0N3O+heOT+J5XXmg4J9Wrqznb9ynryhcFsHXXimm58TfqG2VnGoEnKcnN5CTlZs+scOTWlHuyGRM5Usw79t16zMDTjKepNDHel4frOvnxb1onmT4YVbhgeOUizIST1QI9hYJIkvfCdLwexOw0glJRuBmmiLdUWhoE2mYjzjOTRWWVOg9m4uHL2ZDJUr0/c7NwtGZ3iKWMwy8Vwc3ITxzA1QvBmqdkKSZKkR888RbiIOkaof8O39Kk5OCRo6kRyfQQ62IpcLQAgnMx07kH2P0/FkSjDE+rTn60Zc5rllp3MZisQTr6aP1ledwkxMCmC4VaOU7OVyIkjpz26FYLhdEj39cnkCNTkS77e64PU977oocUAILpMY2DPDbyDYIlBT8OXnrfxyLkvnl1/FiSho1U9PGHJ7pddwnduW+mw2pY5JsEIVSK7KIN/8OOPK68dDME4W5m8FXnYRd0icZAjAPhDGZtIHg3bzzL4PTxRKBQKhYL8mtCHrxmeIKfp4ASqPzXb7QB3H4N3mAQjVInsogxeffeEmt2DwSw7zdwRZ0EaboWmA0AAdM/k73uCdxCMMWg0fPHsG4VCYWxsjGbl89J58gry6XV62tdfasDYMChEOBj0XQsahnMsAEAESjdDY3O0paebbzDMsZnTUCgUztJRuhkoqaeXa0aIDZdL1J0EhAFjZ+MdjlMgD37Tb8UkGHIiP/7Ji8ozJW2lbFjbLkuqT80sLyYDT84qnNDNYLYVoU8i0GNGABtLcmH4336CdxDsCXf3hOZkqn5L81qy02drNmeNcuocOWzHm5vNjyNfeJhUiFni6kS+9q1nCNdLzebkuX4O9pREt9fc1IBvR6CDrcibPHL/k+h4ABBF/2L2+vA800mx/tsTfrL8aWyax0gHpW/Wz8dI+0D/GGkz3u0gVilfuTJnOKfB5zCYWFkpGT4RMqA/jY3HSAsLj5EmW58C+enUzs//G4Ypk/n2GOkg7XgHffjAkYMOG8GJfATeeevZF77zZd5RAIAkSVK0e9bPFoOfhBueICD31YOAzEb0A0rYI/DEkdMv/ej5+fl53oEAbGhKN0N9W5C+kNvCp9Fg2WVaX34n22fQOcn9+dYOzMXmyuXyYH9IOifLC2lbP5zoxS5jlWZ81XbnpJhH4OTkZLFYTDZmR/s975wEAAu5qd5TJ3kH4ZXQtoYAAAA4aG2MHL+ZdxBeQaMBAADALWVsIn54E99IPIVGAwAAACODFzd9/KO8g/AQGg0AAACurP8Q9qZUx/AQ11i8FaS7JwAAAIQVSc/1nQ7tFEgZehoAAAAYaHSX+vfv4R2Ft9BoAAAAcE4Zm4juH4jFQ95/j0YDAACAa4mlnb/3KO8gPIdGAwAAgEPrUyB3LsWJv5cUDmg0AAAAuBLJTGdOH+cdhR/QaAAAAHCnpb7pxC28g/ADGg0AAABOrE+BPDjANxLfoNEAAADgXGRwKv/IKd5R+ASNBgAAANuUboZGrql9oJ9vML5BowEAAMCpvumeezfEbAYZGg0AAABOta2OnjzOOwj/oNEAAABgjzI20bRno0yBlKHRAAAA4EjP5dHTd/IOwldoNAAAANiwPgVyqN45NsI3GJ+h0QAAAGBf21zHPQd5B+E3NBoAAADsi9fGbr+VdxB+Q6MBAACAljI2EbmlK/Q/hK2HRgMAAIA90fS72544yzsKDtBoAAAAoKJ0M9RHy82d7XyD4QKNBgAAADsGptrv2sc7CD7QaAAAALAhEmtM3HsH7yj4QKMBAADAmjI2Ie3u4RqIVqPe+MaxX195s+JDXhtu5icAAIBzuUvD93+SdxDrnt37pvzi7T8v7rljNd7S5Gl2aDQAAABYWH8KZG+0d/t1fINRKC2GoaNtyaFaNB7xOkc0GgAAAOhkZtK37+EdhCSpmguSJG25p+e6+ztWEvNNcc+nHKDRAAAAQKdlddNtJ/iGUFqoff3E2/Lr1mzs6B+PjtzcUSwWV2b9yB2NBgAAAJL1KZDbO1JtrRwjUXcwXP9I9qbPDng9iUEDjQYAAAAK8eLE4w/zynx5rvo3t/1Cfr3pWMeeTw/0bufQfEGjAQAAwNR6N8PQ1faBfv8DqJXrzx35R/l1+3Bi15nstnt7ozHP5zwaQqMBAADAStdMy727fc6zUW/89/0/V96OHu84/O+H27JJny6Ayz8AAAtXSURBVMNQQ6MBAADAQiQa2XbmEz5nqrQYxk50jn24c/R4VyzJ+ZGMaDQAAAAYW388w55mP/NVT3jceaZv10N96QGeHQwKNBoAAACIstPDD5/2J6uVq9UXPrI24bEznzz6x5sGbkz7kzUNNBoAAAAMrE+B7Gn07dzmQ45KB0N2d+vwwfZdD2V9vqPSEhoNAAAA5vqnmk/s9DoT9XjE2K2dez490DPR4nWmDqDRAAAAYCoSb0w8cJd36VeXV792y1vy65ZM7MDvDU18TKxf0VRDowEAAEBrfQrklnS8OeVRLuoOhs13dN38RyOJFqGvy0IHBwAAwFNmevDMfV4kXK81/vrg2h2V+ZNd193VPbiv3YdfnHIJjQYAAIBrrE+B7Gv038B+QoPSwTCwt23gxrYdD/Q1d8WZ5+IFNBoAAACM9Mykjm9lm6T6JyT6rm89/O+GxZzwaAaNBgAAACMNKX/vHQzTUzoYcvvTm27p2HpPJt4s1h2VltBoAAAAWLc+BXIi2tzZziRN9YTHiTu7d5/t7xrz9RGTrIg+5wIAAICD1MLoE2fcJ1NaqCkthtZs/OR/yX+oMMa8xfDM3x2r1JbYpmkIPQ0AAABr1qdA5hYzWze7TE1pLnSMJAYPdBz6wyG290d86fm9yuuXfv5HW6/7nwwTN4RGAwAAwLX6p1If2eImgfJi7fkPvS2/zt/atevhvr4drZFohEVw17QVhjI7U4n24sp780vTTBInQ6MBAADgGpFa047PPOxs20a9ofykdd+u1vGTXVs/nmHyExLqtsJAz7bWVFelttKS7Bjo3prt3BmpdLjPwhIaDQAAAJKkngK53eFTE5TxiL6dLcn22JGnR9qH3P6ktbqtMNK3Ox5rkRr1RKJ1uHdXPre/tyMfjcaKxeLs7KzLjGig0QAAAKCSu5T9xJ0OtlNaDJuOdYx9qCt/siuWdD6DQd1WGM8dikjR2mqptbl7U3bPeO5gd/uw45TdQKMBAABANQUyLQ0d2W9rW6W5MHK0PZ1LXv9wNp1z0sGgbihIkrR58HClWlosXm5Oto/nDo7nDqZbeh0kyxAaDQAAAB/ov5Q4kqdffeVq9YWPrD3hsSuf2vlgduiA7Uc7qNsKm7I3xZuSxdLVuYULLcnOPRPHNg8ejsdEeagDGg0AAAAfiDU2nbqNcl2lg6Ezn9p0S8fez+Vs3VGpmayQiLcsl96r16s93dcd2PZgPrc/GhXuGi1cQAAAAD5bH5sYbW4f6Ldcv3il8o3b/0mSpMEDbcn22J5P57o303YGXHPDZO/1qUS6VHm/JdU50L01nzvQ331drMnt3EnvoNEAAAAgSZIUaXu3/4xFN0OtXH/uyD/Kr7snUuMf6bnujp5ozPoBDOq2Qi6zoyXZ0WjUU4n0UO+u8dzBnvYRAfsV9AIQIgAAgHfW77TsWe7bc73ZauoHMHSNp7ryqSNPj1j+pLW6rZDPHYhITRGp3pLqGunbnc8d6EoPuQ7fV2g0AAAASFL3TOzQUCxuellUWgxjH+7cfHv3yM0dZjMYGo36f/j6+v0XE7kjtXqlWH4v3ZzJDxwYG9jH/SYIx9BoAAAAkKRiy/bHzxr+RXVHZUf35uYdD/S29ib0q1Wqy//pm7cob/MDB4srV5dK77a1ZK4bujmfO5CIt3gRuJ/QaAAAgI1rfQrkrpV4c0rz16XZyjfv+CdJkvpvbK3XGjd+qj+7q02zjqatsDl3eHFlrtGo97SPHNn5SD53wMPofYdGAwAAbHi9030PfVSzTOlgyGxrGbm5Y9dDWWU8otGo11bLf/aNo8rKm3OHi+WrbanMUO/O8dzB/u4tTU0On0UtMjQaAABgg/rX27679qqlPnzLIWW50lwYPJRu6Y7v/p3+rrG1OyqXVub+69+u32Exnju8ulpua+4Z6t01PnioOz0UiJsgHAtz2QAAAKzlLsWOrN3FoP5J645NyW339OZv7ZJ0D3gezx2KRppa126C2N/RNuBzyLxc02gYHx9XXk9OTvoeDAAAgN8ikcj4J0+p76hMD8Vze9uPPD30p986KD2/ttrmwcP1+mq1tpLpGMvn9o/239TWnOEWNCfrjYbx8XF1Q0HzFgAAIEwu3/M/5BeNoVhLd0ZuMQwfbm9KV3563dn/K0mvfEuSJGk8d6hcLRaX3+1sy20ePDzWvzcEN0E4huEJAADYwPqm3/zfd7158Of1xPLs5/5g5oPF+dzB9xZnVuuV3o6xrSPHN/Xv4RmkMNBoAACADUe+07IsJX4xf3L2ic8py/O5g4vF36Zbekd6r//wjZ/P9WyLRGz8BlXoCdpoeOG1B3iHAOZ+xjsAMPMa7wBgIwjHGeCJa95lozfFusqd6dxw3/Wbc4e70rlw3wThmHWlvP766+q3v/71r7dv3+5ZPAAAAH4ptraWN3Xmunt68n1tO1LxTmlZ+s2/XPmNdIV3ZPYsLy9fvnx5fn7e64ysGw379u0jvPXI//r+jlS5LRYxeE5n4Fxtu9RoWu1dGOUdCBtTo29m/9X0B12CZa5vsnk+01EJw/znxej8Ut9MdmYb70DYuDz0z53TY6lGK+9AGMAZQFjz3b9pW+35nSefCcFNEIuLixcuXNixY4fXGQna/fKRB58eGRlJp9O8A2FgdnZ2eXl5bGyMdyBsvP766/s+70fD0Qfnz59vaWnJZrO8A2HAt1OGP375y1/iDCCm119/fc9je5qamngHwoB8BghBi8FP642GyclJPKcBAAAAzFzT04CGAgAAAJjBnSQAAABAJdJoNHjHAAAAAAHgyURIl4+gNpxa4XKhgwA0D9V2mRpNkB4VRx2J+xT0wXApC42gPAqdVZzc9w7bY1WflP9HGn06hJ3IvSyGJzTH1cK3OOrNnaVgllqgT862wjO7wOnXNNZgLZ/PK/873pycmt2FDmLQp+M4Kf1bn4vj0eZ8y0KTiOFf8yqsFrrh8vOiSYecrKd7h+H+5V4WQhiUK5MTEeGE5iAds3hwmLmMxOXmtsLT/9VuQfy45VJuQyltGbkhoyzUtGsE+Wqojk0Tv2FBlD+JWRwNwx8nM9xNamKWxRZCwR0v9CdIyeo7lmh7h/B1JxBHmuFn2XBfKGUx7I8UoSzStcGrme0d5a9iFkdB2CnyC8J3aNHKojC7VqoXqtkqiPtS+/ScBsMDMSi9xxqET1TQkc8XIqO8nAeoRBr6AnIMhh6hARTQI02yak8ESJh+2ZimlR8U5Gsl90IxvntCKc8kxVMfLEvOvXZoqL9nOB71FAR9eOKXJRDMPi+skvWTXASF5cqUyYbpSONbFspjLEwnNHqCl0Woz4ugT4Q07OijwfDkqySlCcNB+iIUh5XQlEXw04QzfPcOzagKvdAcaZIwZWH15VuQ4mg4S1nAsvhcELvYNxrc16PLw9rTXlxNN5HdTRwQqlM6HGUR6jQhTgeDR3vHWUhilsWZMJVFErg4DqISsCwOLjGS64LYwrLRoI/bQUkYFt59UpSbE9rvQhXHLFn/A+D4LV+c0wTN58UwC7OFfPcOzVaUKXMvi2T0ofauWvxMiqbhG6ATmps4RStLUHL3byKk8ppmX6rfTk5OGs6QMJs2oSz0oh4dfNcUsDiT187FtdVu0KTDvSyWQWr+JP5pwnDv0OwyvnvHWV5m2YlwpJklTo5En6MIZTFkliMZ9+I42ClmOXIvi56DS4xEXRD1msrhavcw8OOJkHxbYf4IRBkDEaQthl15yvckmi/uk7pxd/KFzZ92j6VA78pABw/ghQB9KASdCBksAdrfIabeBcr3A8I6lsvpF/rDwZdCAAC28NsTG4LjqX+CQ3MNAAItcCdnNBogkAL3SQMACAE0GgAAAIAK4ydCAgAAQFih0QAAAABU/j+TPmHcW1hM0gAAAABJRU5ErkJggg=="
                                height="200"
                width="700"
                margin="0 auto"/>
    
    
        <p style="width: 100%; text-align:center;">
      <a style="color:#0d0d0d;font-family:-apple-system, BlinkMacSystemFont, &#039;Segoe UI&#039;, Roboto, Oxygen-Sans, Cantarell, &#039;Helvetica Neue&#039;, sans-serif;; text-decoration:none; font-size: 9pt;" href="#reportTop">
          Back to top &#8593;
    </a></p>

    <hr style=" border: 0; margin-top: 50px;  height: 1px; background-image: linear-gradient(to right, rgba(231, 231, 231, 0), rgba(231, 231, 231, 1), rgba(2311, 2311, 231, 0));">

    <p style='font-size:15px;line-height:24px;margin:0 0 16px;color:&#x23;212121;font-family:-apple-system,&#x20;BlinkMacSystemFont,&#x20;&#x27;Segoe&#x20;UI&#x27;,&#x20;Roboto,&#x20;Oxygen-Sans,&#x20;Cantarell,&#x20;&#x27;Helvetica&#x20;Neue&#x27;,&#x20;sans-serif;text-align:center;font-size:13px; color:#666;padding-top:30px;margin-bottom:0;'>
        Powered by
        <a style="color:#439fe0;" href="https://matomo.org/" title="Matomo Analytics">Matomo Analytics</a>
        <br />
        The leading open analytics platform that respects your privacy.
    </p>

        <p style='font-size:15px;line-height:24px;margin:0 0 16px;color:&#x23;212121;font-family:-apple-system,&#x20;BlinkMacSystemFont,&#x20;&#x27;Segoe&#x20;UI&#x27;,&#x20;Roboto,&#x20;Oxygen-Sans,&#x20;Cantarell,&#x20;&#x27;Helvetica&#x20;Neue&#x27;,&#x20;sans-serif;text-align:center;font-size:13px; color:#666;'>To unsubscribe from this report please follow this link: <a style="color:#439fe0;" href="__unsubscribeLink__">Unsubscribe</a>.</p>

</div>
</body>
</html>
